<html>
<body>
<pre>
<h1>µVision Build Log</h1>
<h2>Tool Versions:</h2>
IDE-Version: µVision V5.32.0.0
Copyright (C) 2020 ARM Ltd and ARM Germany GmbH. All rights reserved.
License Information: Ahmed Ibrahim, Learn In Depth, LIC=----
 
Tool Versions:
Toolchain:       MDK-Lite  Version: 5.32.0.0
Toolchain Path:  C:\Keil_v5\ARM\ARMCC\Bin
C Compiler:      Armcc.exe V5.06 update 7 (build 960)
Assembler:       Armasm.exe V5.06 update 7 (build 960)
Linker/Locator:  ArmLink.exe V5.06 update 7 (build 960)
Library Manager: ArmAr.exe V5.06 update 7 (build 960)
Hex Converter:   FromElf.exe V5.06 update 7 (build 960)
CPU DLL:         SARMCM3.DLL V5.32.0.0
Dialog DLL:      DCM.DLL V1.17.3.0
Target DLL:      STLink\ST-LINKIII-KEIL_SWO.dll V3.0.8.0
Dialog DLL:      TCM.DLL V1.46.0.0
 
<h2>Project:</h2>
E:\ITI\Graduation_Project\Simple_Autonomous_Arm_Keil\MDK-ARM\Simple_Autonomous_Arm_Keil.uvprojx
Project File Date:  11/15/2023

<h2>Output:</h2>
*** Using Compiler 'V5.06 update 7 (build 960)', folder: 'C:\Keil_v5\ARM\ARMCC\Bin'
Rebuild target 'Simple_Autonomous_Arm_Keil'
assembling startup_stm32f401xc.s...
compiling stm32f4xx_hal_tim.c...
compiling stm32f4xx_it.c...
compiling stm32f4xx_hal_tim_ex.c...
compiling stm32f4xx_hal_rcc_ex.c...
compiling main.c...
../Application/BIT_MATH.h(12): warning:  #47-D: incompatible redefinition of macro "SET_BIT"  (declared at line 211 of "../Drivers/CMSIS/Device/ST/STM32F4xx/Include/stm32f4xx.h")
  #define SET_BIT(REG,BIT_NUM)       ((REG)=(REG)|((1<<(BIT_NUM)))) /*To put logic 1 inside bit */
../Application/BIT_MATH.h(14): warning:  #47-D: incompatible redefinition of macro "CLEAR_BIT"  (declared at line 213 of "../Drivers/CMSIS/Device/ST/STM32F4xx/Include/stm32f4xx.h")
  #define CLEAR_BIT(REG,BIT_NUM)     ((REG)=(REG)&(~(1<<(BIT_NUM)))) /*To put logic 0 inside bit */
../Core/Src/main.c(199): warning:  #63-D: shift count is too large
    __HAL_RCC_PWR_CLK_ENABLE();
../Core/Src/main.c: 3 warnings, 0 errors
compiling stm32f4xx_hal_msp.c...
compiling stm32f4xx_hal_rcc.c...
compiling stm32f4xx_hal_flash_ex.c...
compiling stm32f4xx_hal_pwr.c...
compiling stm32f4xx_hal_flash_ramfunc.c...
compiling stm32f4xx_hal_flash.c...
compiling stm32f4xx_hal_gpio.c...
compiling stm32f4xx_hal_dma.c...
compiling App.c...
compiling DCM_PBconfig.c...
compiling stm32f4xx_hal_dma_ex.c...
compiling DCM_Program.c...
compiling Delay.c...
compiling GPT_PBconfig.c...
compiling MGPIO_Program.c...
compiling GPT_Program.c...
compiling MNIVC_Program.c...
..\Application\MNIVC_Program.c(27): warning:  #188-D: enumerated type mixed with another type
  static MNVIC_Group_t GroupMode=0;
..\Application\MNIVC_Program.c: 1 warning, 0 errors
compiling Servo_Program.c...
compiling MRCC_Program.c...
compiling Ultrasonic.c...
..\Application\Ultrasonic.c(53): warning:  #167-D: argument of type "volatile u8 *" is incompatible with parameter of type "u8 *"
  		MGPIO_GetPinValue(ECHO_PORT,ECHO_PIN,&Copy_pu8Data);
..\Application\Ultrasonic.c(61): warning:  #167-D: argument of type "volatile u8 *" is incompatible with parameter of type "u8 *"
          MGPIO_GetPinValue(ECHO_PORT,ECHO_PIN,&Copy_pu8Data);
..\Application\Ultrasonic.c: 2 warnings, 0 errors
compiling system_stm32f4xx.c...
compiling stm32f4xx_hal_exti.c...
compiling stm32f4xx_hal_pwr_ex.c...
compiling stm32f4xx_hal_cortex.c...
compiling stm32f4xx_hal.c...
linking...
Program Size: Code=7374 RO-data=454 RW-data=60 ZI-data=65148  
FromELF: creating hex file...
After Build - User command #1: fromelf.exe --bin --output=Simple_Autonomous_Arm_Keil/Application.bin Simple_Autonomous_Arm_Keil/Simple_Autonomous_Arm_Keil.axf
"Simple_Autonomous_Arm_Keil\Simple_Autonomous_Arm_Keil.axf" - 0 Error(s), 6 Warning(s).

<h2>Software Packages used:</h2>

Package Vendor: ARM
                http://www.keil.com/pack/ARM.CMSIS.5.9.0.pack
                ARM.CMSIS.5.9.0
                CMSIS (Common Microcontroller Software Interface Standard)
   * Component: CORE Version: 5.6.0

Package Vendor: Keil
                https://www.keil.com/pack/Keil.STM32F4xx_DFP.2.17.1.pack
                Keil.STM32F4xx_DFP.2.17.1
                STMicroelectronics STM32F4 Series Device Support, Drivers and Examples

<h2>Collection of Component include folders:</h2>
  .\RTE\_Simple_Autonomous_Arm_Keil
  C:\Users\Ahmed\AppData\Local\Arm\Packs\ARM\CMSIS\5.9.0\CMSIS\Core\Include
  C:\Users\Ahmed\AppData\Local\Arm\Packs\Keil\STM32F4xx_DFP\2.17.1\Drivers\CMSIS\Device\ST\STM32F4xx\Include

<h2>Collection of Component Files used:</h2>

   * Component: ARM::CMSIS:CORE:5.6.0
      Include file:  CMSIS\Core\Include\tz_context.h
Build Time Elapsed:  00:00:10
</pre>
</body>
</html>
