21:36:09 **** Incremental Build of configuration Debug for project Bootloader ****
make -j8 all 
arm-none-eabi-gcc "../Core/Src/main.c" -mcpu=cortex-m4 -std=gnu11 -g3 -DUSE_HAL_DRIVER -DSTM32F401xC -DDEBUG -c -I../Core/Inc -I../Drivers/STM32F4xx_HAL_Driver/Inc -I../Drivers/STM32F4xx_HAL_Driver/Inc/Legacy -I../Drivers/CMSIS/Device/ST/STM32F4xx/Include -I../Drivers/CMSIS/Include -O0 -ffunction-sections -fdata-sections -Wall -fstack-usage -MMD -MP -MF"Core/Src/main.d" -MT"Core/Src/main.o" --specs=nano.specs -mfpu=fpv4-sp-d16 -mfloat-abi=hard -mthumb -o "Core/Src/main.o"
../Core/Src/main.c: In function 'gotoapp':
../Core/Src/main.c:102:11: warning: unused variable 'MainAppAddr' [-Wunused-variable]
  uint32_t MainAppAddr = *((volatile uint32_t *)(FLASH_SECTOR2_BASE_ADDRESS + 4));
           ^~~~~~~~~~~
../Core/Src/main.c:99:11: warning: unused variable 'MSP_Value' [-Wunused-variable]
  uint32_t MSP_Value = *((volatile uint32_t *)FLASH_SECTOR2_BASE_ADDRESS);
           ^~~~~~~~~
arm-none-eabi-gcc -o "Bootloader.elf" @"objects.list"   -mcpu=cortex-m4 -T"E:\ITI\Graduation_Project\BootLoader_STMCUBE\Bootloader\STM32F401CCUX_FLASH.ld" --specs=nosys.specs -Wl,-Map="Bootloader.map" -Wl,--gc-sections -static --specs=nano.specs -mfpu=fpv4-sp-d16 -mfloat-abi=hard -mthumb -Wl,--start-group -lc -lm -Wl,--end-group
Finished building target: Bootloader.elf
 
arm-none-eabi-objdump -h -S  Bootloader.elf  > "Bootloader.list"
arm-none-eabi-objcopy  -O binary  Bootloader.elf  "Bootloader.bin"
arm-none-eabi-size   Bootloader.elf 
   text	   data	    bss	    dec	    hex	filename
  11172	    120	   1648	  12940	   328c	Bootloader.elf
Finished building: default.size.stdout
 
Finished building: Bootloader.bin
 
Finished building: Bootloader.list
 

21:36:10 Build Finished. 0 errors, 2 warnings. (took 1s.19ms)

