<html>
<body>
<pre>
<h1>µVision Build Log</h1>
<h2>Tool Versions:</h2>
IDE-Version: µVision V5.32.0.0
Copyright (C) 2020 ARM Ltd and ARM Germany GmbH. All rights reserved.
License Information: Ahmed Ibrahim, Learn In Depth, LIC=----
 
Tool Versions:
Toolchain:       MDK-Lite  Version: 5.32.0.0
Toolchain Path:  C:\Keil_v5\ARM\ARMCC\Bin
C Compiler:      Armcc.exe V5.06 update 7 (build 960)
Assembler:       Armasm.exe V5.06 update 7 (build 960)
Linker/Locator:  ArmLink.exe V5.06 update 7 (build 960)
Library Manager: ArmAr.exe V5.06 update 7 (build 960)
Hex Converter:   FromElf.exe V5.06 update 7 (build 960)
CPU DLL:         SARMCM3.DLL V5.32.0.0
Dialog DLL:      DCM.DLL V1.17.3.0
Target DLL:      STLink\ST-LINKIII-KEIL_SWO.dll V3.0.8.0
Dialog DLL:      TCM.DLL V1.46.0.0
 
<h2>Project:</h2>
E:\ITI\Graduation_Project\V2V_project\MDK-ARM\V2V_project.uvprojx
Project File Date:  11/17/2023

<h2>Output:</h2>
*** Using Compiler 'V5.06 update 7 (build 960)', folder: 'C:\Keil_v5\ARM\ARMCC\Bin'
Rebuild target 'V2V_project'
assembling startup_stm32f401xc.s...
compiling App.c...
compiling Delay.c...
compiling DCM_Program.c...
../Core/Inc/DCM_Interface.h(73): warning:  #1295-D: Deprecated declaration App_CarStop - give arg types
  void App_CarStop();
..\Core\Src\DCM_Program.c: 1 warning, 0 errors
compiling DCM_PBconfig.c...
../Core/Inc/DCM_Interface.h(73): warning:  #1295-D: Deprecated declaration App_CarStop - give arg types
  void App_CarStop();
..\Core\Src\DCM_PBconfig.c: 1 warning, 0 errors
compiling GPT_PBconfig.c...
compiling HIR_Program.c...
../Core/Inc/MSYSTICK_Interface.h(65): warning:  #1295-D: Deprecated declaration SYSTICK_voidDisableCounter - give arg types
  void SYSTICK_voidDisableCounter();
..\Core\Src\HIR_Program.c(100): warning:  #186-D: pointless comparison of unsigned integer with zero
  	for (u8 i = 7; i >= 0; i--)
..\Core\Src\HIR_Program.c(112): warning:  #186-D: pointless comparison of unsigned integer with zero
  	for (u8 i = 7; i >= 0; i--)
..\Core\Src\HIR_Program.c(122): warning:  #186-D: pointless comparison of unsigned integer with zero
  	for (u8 i = 7; i >= 0; i--)
..\Core\Src\HIR_Program.c(133): warning:  #186-D: pointless comparison of unsigned integer with zero
  	for (u8 i = 7; i >= 0; i--)
..\Core\Src\HIR_Program.c: 5 warnings, 0 errors
compiling main_speed.c...
../Core/Inc/DCM_Interface.h(73): warning:  #1295-D: Deprecated declaration App_CarStop - give arg types
  void App_CarStop();
..\Core\Src\main_speed.c(103): warning:  #111-D: statement is unreachable
  	return 0;
..\Core\Src\main_speed.c: 2 warnings, 0 errors
compiling LINE_FOLLOWER_PROGRAM.c...
../Core/Inc/LINE_FOLLOWER_INTERFACE.h(19): warning:  #1295-D: Deprecated declaration line_follower_init - give arg types
  void line_follower_init();
../Core/Inc/DCM_Interface.h(73): warning:  #1295-D: Deprecated declaration App_CarStop - give arg types
  void App_CarStop();
..\Core\Src\LINE_FOLLOWER_PROGRAM.c(95): warning:  #188-D: enumerated type mixed with another type
  	MEXTI_voidInterruptSetPort(RIGHT_LED_INTERRUPT,RIGHT_LED_PORT);
..\Core\Src\LINE_FOLLOWER_PROGRAM.c(97): warning:  #188-D: enumerated type mixed with another type
  	MEXTI_voidInterruptSetPort(LEFT_LED_INTERRUPT,LEFT_LED_PORT);
..\Core\Src\LINE_FOLLOWER_PROGRAM.c: 4 warnings, 0 errors
compiling GPT_Program.c...
compiling MEXTI_Program.c...
compiling MRCC_Program.c...
compiling MNIVC_Program.c...
..\Core\Src\MNIVC_Program.c(27): warning:  #188-D: enumerated type mixed with another type
  static MNVIC_Group_t GroupMode=0;
..\Core\Src\MNIVC_Program.c: 1 warning, 0 errors
compiling MGPIO_Program.c...
compiling MSYSTICK_Program.c...
../Core/Inc/MSYSTICK_Interface.h(65): warning:  #1295-D: Deprecated declaration SYSTICK_voidDisableCounter - give arg types
  void SYSTICK_voidDisableCounter();
..\Core\Src\MSYSTICK_Program.c(102): warning:  #177-D: variable "Copy_u32LoadValue"  was declared but never referenced
  	u32 Copy_u32LoadValue;
..\Core\Src\MSYSTICK_Program.c: 2 warnings, 0 errors
compiling OPTO_COUPLER.c...
compiling Servo_Program.c...
compiling Ultrasonic.c...
..\Core\Src\Ultrasonic.c(53): warning:  #167-D: argument of type "volatile u8 *" is incompatible with parameter of type "u8 *"
  		MGPIO_GetPinValue(ECHO_PORT,ECHO_PIN,&Copy_pu8Data);
..\Core\Src\Ultrasonic.c(61): warning:  #167-D: argument of type "volatile u8 *" is incompatible with parameter of type "u8 *"
          MGPIO_GetPinValue(ECHO_PORT,ECHO_PIN,&Copy_pu8Data);
..\Core\Src\Ultrasonic.c: 2 warnings, 0 errors
compiling stm32f4xx_hal_msp.c...
compiling system_stm32f4xx.c...
compiling stm32f4xx_it.c...
compiling stm32f4xx_hal_tim_ex.c...
compiling stm32f4xx_hal_tim.c...
compiling stm32f4xx_hal_rcc_ex.c...
compiling stm32f4xx_hal_rcc.c...
compiling stm32f4xx_hal_dma_ex.c...
compiling stm32f4xx_hal_dma.c...
compiling stm32f4xx_hal_flash_ramfunc.c...
compiling stm32f4xx_hal_pwr.c...
compiling stm32f4xx_hal_gpio.c...
compiling stm32f4xx_hal_flash_ex.c...
compiling stm32f4xx_hal_flash.c...
compiling stm32f4xx_hal_exti.c...
compiling stm32f4xx_hal.c...
compiling stm32f4xx_hal_pwr_ex.c...
compiling stm32f4xx_hal_cortex.c...
linking...
Program Size: Code=6256 RO-data=436 RW-data=48 ZI-data=65208  
FromELF: creating hex file...
"V2V_project\V2V_project.axf" - 0 Error(s), 18 Warning(s).

<h2>Software Packages used:</h2>

Package Vendor: ARM
                http://www.keil.com/pack/ARM.CMSIS.5.9.0.pack
                ARM.CMSIS.5.9.0
                CMSIS (Common Microcontroller Software Interface Standard)
   * Component: CORE Version: 5.6.0

Package Vendor: Keil
                https://www.keil.com/pack/Keil.STM32F4xx_DFP.2.17.1.pack
                Keil.STM32F4xx_DFP.2.17.1
                STMicroelectronics STM32F4 Series Device Support, Drivers and Examples

<h2>Collection of Component include folders:</h2>
  .\RTE\_V2V_project
  C:\Users\Ahmed\AppData\Local\Arm\Packs\ARM\CMSIS\5.9.0\CMSIS\Core\Include
  C:\Users\Ahmed\AppData\Local\Arm\Packs\Keil\STM32F4xx_DFP\2.17.1\Drivers\CMSIS\Device\ST\STM32F4xx\Include

<h2>Collection of Component Files used:</h2>

   * Component: ARM::CMSIS:CORE:5.6.0
      Include file:  CMSIS\Core\Include\tz_context.h
Build Time Elapsed:  00:00:08
</pre>
</body>
</html>
