Component: ARM Compiler 5.06 update 7 (build 960) Tool: armlink [4d3601]

==============================================================================

Section Cross References

    startup_stm32f401xc.o(STACK) refers (Special) to heapauxi.o(.text) for __use_two_region_memory
    startup_stm32f401xc.o(HEAP) refers (Special) to heapauxi.o(.text) for __use_two_region_memory
    startup_stm32f401xc.o(RESET) refers (Special) to heapauxi.o(.text) for __use_two_region_memory
    startup_stm32f401xc.o(RESET) refers to startup_stm32f401xc.o(STACK) for __initial_sp
    startup_stm32f401xc.o(RESET) refers to startup_stm32f401xc.o(.text) for Reset_Handler
    startup_stm32f401xc.o(RESET) refers to stm32f4xx_it.o(i.NMI_Handler) for NMI_Handler
    startup_stm32f401xc.o(RESET) refers to stm32f4xx_it.o(i.HardFault_Handler) for HardFault_Handler
    startup_stm32f401xc.o(RESET) refers to stm32f4xx_it.o(i.MemManage_Handler) for MemManage_Handler
    startup_stm32f401xc.o(RESET) refers to stm32f4xx_it.o(i.BusFault_Handler) for BusFault_Handler
    startup_stm32f401xc.o(RESET) refers to stm32f4xx_it.o(i.UsageFault_Handler) for UsageFault_Handler
    startup_stm32f401xc.o(RESET) refers to stm32f4xx_it.o(i.SVC_Handler) for SVC_Handler
    startup_stm32f401xc.o(RESET) refers to stm32f4xx_it.o(i.DebugMon_Handler) for DebugMon_Handler
    startup_stm32f401xc.o(RESET) refers to stm32f4xx_it.o(i.PendSV_Handler) for PendSV_Handler
    startup_stm32f401xc.o(RESET) refers to stm32f4xx_it.o(i.SysTick_Handler) for SysTick_Handler
    startup_stm32f401xc.o(.text) refers (Special) to heapauxi.o(.text) for __use_two_region_memory
    startup_stm32f401xc.o(.text) refers to system_stm32f4xx.o(i.SystemInit) for SystemInit
    startup_stm32f401xc.o(.text) refers to __main.o(!!!main) for __main
    startup_stm32f401xc.o(.text) refers to startup_stm32f401xc.o(HEAP) for Heap_Mem
    startup_stm32f401xc.o(.text) refers to startup_stm32f401xc.o(STACK) for Stack_Mem
    main.o(i.SystemClock_Config) refers to rt_memclr_w.o(.text) for __aeabi_memclr4
    main.o(i.SystemClock_Config) refers to stm32f4xx_hal_rcc.o(i.HAL_RCC_OscConfig) for HAL_RCC_OscConfig
    main.o(i.SystemClock_Config) refers to stm32f4xx_hal_rcc.o(i.HAL_RCC_ClockConfig) for HAL_RCC_ClockConfig
    main.o(i.main) refers to stm32f4xx_hal.o(i.HAL_Init) for HAL_Init
    main.o(i.main) refers to main.o(i.SystemClock_Config) for SystemClock_Config
    main.o(i.main) refers to gpio.o(i.MX_GPIO_Init) for MX_GPIO_Init
    main.o(i.main) refers to crc.o(i.MX_CRC_Init) for MX_CRC_Init
    main.o(i.main) refers to usart.o(i.MX_USART1_UART_Init) for MX_USART1_UART_Init
    main.o(i.main) refers to usart.o(i.MX_USART2_UART_Init) for MX_USART2_UART_Init
    main.o(i.main) refers to bootloader.o(i.BL_Print_Message) for BL_Print_Message
    main.o(i.main) refers to bootloader.o(i.BL_UART_Fetch_Host_Command) for BL_UART_Fetch_Host_Command
    crc.o(i.MX_CRC_Init) refers to stm32f4xx_hal_crc.o(i.HAL_CRC_Init) for HAL_CRC_Init
    crc.o(i.MX_CRC_Init) refers to main.o(i.Error_Handler) for Error_Handler
    crc.o(i.MX_CRC_Init) refers to crc.o(.data) for .data
    usart.o(i.HAL_UART_MspDeInit) refers to stm32f4xx_hal_gpio.o(i.HAL_GPIO_DeInit) for HAL_GPIO_DeInit
    usart.o(i.HAL_UART_MspInit) refers to rt_memclr_w.o(.text) for __aeabi_memclr4
    usart.o(i.HAL_UART_MspInit) refers to stm32f4xx_hal_gpio.o(i.HAL_GPIO_Init) for HAL_GPIO_Init
    usart.o(i.MX_USART1_UART_Init) refers to stm32f4xx_hal_uart.o(i.HAL_UART_Init) for HAL_UART_Init
    usart.o(i.MX_USART1_UART_Init) refers to main.o(i.Error_Handler) for Error_Handler
    usart.o(i.MX_USART1_UART_Init) refers to usart.o(.bss) for .bss
    usart.o(i.MX_USART2_UART_Init) refers to stm32f4xx_hal_uart.o(i.HAL_UART_Init) for HAL_UART_Init
    usart.o(i.MX_USART2_UART_Init) refers to main.o(i.Error_Handler) for Error_Handler
    usart.o(i.MX_USART2_UART_Init) refers to usart.o(.bss) for .bss
    stm32f4xx_it.o(i.SysTick_Handler) refers to stm32f4xx_hal.o(i.HAL_IncTick) for HAL_IncTick
    stm32f4xx_hal_crc.o(i.HAL_CRC_DeInit) refers to crc.o(i.HAL_CRC_MspDeInit) for HAL_CRC_MspDeInit
    stm32f4xx_hal_crc.o(i.HAL_CRC_Init) refers to crc.o(i.HAL_CRC_MspInit) for HAL_CRC_MspInit
    stm32f4xx_hal_rcc.o(i.HAL_RCC_ClockConfig) refers to stm32f4xx_hal.o(i.HAL_GetTick) for HAL_GetTick
    stm32f4xx_hal_rcc.o(i.HAL_RCC_ClockConfig) refers to stm32f4xx_hal_rcc.o(i.HAL_RCC_GetSysClockFreq) for HAL_RCC_GetSysClockFreq
    stm32f4xx_hal_rcc.o(i.HAL_RCC_ClockConfig) refers to stm32f4xx_hal.o(i.HAL_InitTick) for HAL_InitTick
    stm32f4xx_hal_rcc.o(i.HAL_RCC_ClockConfig) refers to system_stm32f4xx.o(.constdata) for AHBPrescTable
    stm32f4xx_hal_rcc.o(i.HAL_RCC_ClockConfig) refers to system_stm32f4xx.o(.data) for SystemCoreClock
    stm32f4xx_hal_rcc.o(i.HAL_RCC_ClockConfig) refers to stm32f4xx_hal.o(.data) for uwTickPrio
    stm32f4xx_hal_rcc.o(i.HAL_RCC_GetHCLKFreq) refers to system_stm32f4xx.o(.data) for SystemCoreClock
[...]
    ..\Drivers\STM32F4xx_HAL_Driver\Src\stm32f4xx_hal_crc.c 0x00000000   Number         0  stm32f4xx_hal_crc.o ABSOLUTE
    ..\Drivers\STM32F4xx_HAL_Driver\Src\stm32f4xx_hal_dma.c 0x00000000   Number         0  stm32f4xx_hal_dma.o ABSOLUTE
    ..\Drivers\STM32F4xx_HAL_Driver\Src\stm32f4xx_hal_dma_ex.c 0x00000000   Number         0  stm32f4xx_hal_dma_ex.o ABSOLUTE
    ..\Drivers\STM32F4xx_HAL_Driver\Src\stm32f4xx_hal_exti.c 0x00000000   Number         0  stm32f4xx_hal_exti.o ABSOLUTE
    ..\Drivers\STM32F4xx_HAL_Driver\Src\stm32f4xx_hal_flash.c 0x00000000   Number         0  stm32f4xx_hal_flash.o ABSOLUTE
    ..\Drivers\STM32F4xx_HAL_Driver\Src\stm32f4xx_hal_flash_ex.c 0x00000000   Number         0  stm32f4xx_hal_flash_ex.o ABSOLUTE
    ..\Drivers\STM32F4xx_HAL_Driver\Src\stm32f4xx_hal_flash_ramfunc.c 0x00000000   Number         0  stm32f4xx_hal_flash_ramfunc.o ABSOLUTE
    ..\Drivers\STM32F4xx_HAL_Driver\Src\stm32f4xx_hal_gpio.c 0x00000000   Number         0  stm32f4xx_hal_gpio.o ABSOLUTE
    ..\Drivers\STM32F4xx_HAL_Driver\Src\stm32f4xx_hal_pwr.c 0x00000000   Number         0  stm32f4xx_hal_pwr.o ABSOLUTE
    ..\Drivers\STM32F4xx_HAL_Driver\Src\stm32f4xx_hal_pwr_ex.c 0x00000000   Number         0  stm32f4xx_hal_pwr_ex.o ABSOLUTE
    ..\Drivers\STM32F4xx_HAL_Driver\Src\stm32f4xx_hal_rcc.c 0x00000000   Number         0  stm32f4xx_hal_rcc.o ABSOLUTE
    ..\Drivers\STM32F4xx_HAL_Driver\Src\stm32f4xx_hal_rcc_ex.c 0x00000000   Number         0  stm32f4xx_hal_rcc_ex.o ABSOLUTE
    ..\Drivers\STM32F4xx_HAL_Driver\Src\stm32f4xx_hal_tim.c 0x00000000   Number         0  stm32f4xx_hal_tim.o ABSOLUTE
    ..\Drivers\STM32F4xx_HAL_Driver\Src\stm32f4xx_hal_tim_ex.c 0x00000000   Number         0  stm32f4xx_hal_tim_ex.o ABSOLUTE
    ..\Drivers\STM32F4xx_HAL_Driver\Src\stm32f4xx_hal_uart.c 0x00000000   Number         0  stm32f4xx_hal_uart.o ABSOLUTE
    ..\\Bootloader\\bootloader.c             0x00000000   Number         0  bootloader.o ABSOLUTE
    dc.s                                     0x00000000   Number         0  dc.o ABSOLUTE
    startup_stm32f401xc.s                    0x00000000   Number         0  startup_stm32f401xc.o ABSOLUTE
    RESET                                    0x08000000   Section      404  startup_stm32f401xc.o(RESET)
    !!!main                                  0x08000194   Section        8  __main.o(!!!main)
    !!!scatter                               0x0800019c   Section       52  __scatter.o(!!!scatter)
    !!handler_copy                           0x080001d0   Section       26  __scatter_copy.o(!!handler_copy)
    !!handler_zi                             0x080001ec   Section       28  __scatter_zi.o(!!handler_zi)
    .ARM.Collect$$_printf_percent$$00000000  0x08000208   Section        0  _printf_percent.o(.ARM.Collect$$_printf_percent$$00000000)
    .ARM.Collect$$_printf_percent$$00000001  0x08000208   Section        6  _printf_n.o(.ARM.Collect$$_printf_percent$$00000001)
    .ARM.Collect$$_printf_percent$$00000002  0x0800020e   Section        6  _printf_p.o(.ARM.Collect$$_printf_percent$$00000002)
    .ARM.Collect$$_printf_percent$$00000003  0x08000214   Section        6  _printf_f.o(.ARM.Collect$$_printf_percent$$00000003)
    .ARM.Collect$$_printf_percent$$00000004  0x0800021a   Section        6  _printf_e.o(.ARM.Collect$$_printf_percent$$00000004)
    .ARM.Collect$$_printf_percent$$00000005  0x08000220   Section        6  _printf_g.o(.ARM.Collect$$_printf_percent$$00000005)
    .ARM.Collect$$_printf_percent$$00000006  0x08000226   Section        6  _printf_a.o(.ARM.Collect$$_printf_percent$$00000006)
    .ARM.Collect$$_printf_percent$$00000007  0x0800022c   Section       10  _printf_ll.o(.ARM.Collect$$_printf_percent$$00000007)
    .ARM.Collect$$_printf_percent$$00000008  0x08000236   Section        6  _printf_i.o(.ARM.Collect$$_printf_percent$$00000008)
    .ARM.Collect$$_printf_percent$$00000009  0x0800023c   Section        6  _printf_d.o(.ARM.Collect$$_printf_percent$$00000009)
    .ARM.Collect$$_printf_percent$$0000000A  0x08000242   Section        6  _printf_u.o(.ARM.Collect$$_printf_percent$$0000000A)
    .ARM.Collect$$_printf_percent$$0000000B  0x08000248   Section        6  _printf_o.o(.ARM.Collect$$_printf_percent$$0000000B)
    .ARM.Collect$$_printf_percent$$0000000C  0x0800024e   Section        6  _printf_x.o(.ARM.Collect$$_printf_percent$$0000000C)
    .ARM.Collect$$_printf_percent$$0000000D  0x08000254   Section        6  _printf_lli.o(.ARM.Collect$$_printf_percent$$0000000D)
    .ARM.Collect$$_printf_percent$$0000000E  0x0800025a   Section        6  _printf_lld.o(.ARM.Collect$$_printf_percent$$0000000E)
    .ARM.Collect$$_printf_percent$$0000000F  0x08000260   Section        6  _printf_llu.o(.ARM.Collect$$_printf_percent$$0000000F)
    .ARM.Collect$$_printf_percent$$00000010  0x08000266   Section        6  _printf_llo.o(.ARM.Collect$$_printf_percent$$00000010)
    .ARM.Collect$$_printf_percent$$00000011  0x0800026c   Section        6  _printf_llx.o(.ARM.Collect$$_printf_percent$$00000011)
    .ARM.Collect$$_printf_percent$$00000012  0x08000272   Section       10  _printf_l.o(.ARM.Collect$$_printf_percent$$00000012)
    .ARM.Collect$$_printf_percent$$00000013  0x0800027c   Section        6  _printf_c.o(.ARM.Collect$$_printf_percent$$00000013)
    .ARM.Collect$$_printf_percent$$00000014  0x08000282   Section        6  _printf_s.o(.ARM.Collect$$_printf_percent$$00000014)
    .ARM.Collect$$_printf_percent$$00000015  0x08000288   Section        6  _printf_lc.o(.ARM.Collect$$_printf_percent$$00000015)
    .ARM.Collect$$_printf_percent$$00000016  0x0800028e   Section        6  _printf_ls.o(.ARM.Collect$$_printf_percent$$00000016)
    .ARM.Collect$$_printf_percent$$00000017  0x08000294   Section        4  _printf_percent_end.o(.ARM.Collect$$_printf_percent$$00000017)
    .ARM.Collect$$libinit$$00000000          0x08000298   Section        2  libinit.o(.ARM.Collect$$libinit$$00000000)
    .ARM.Collect$$libinit$$00000001          0x0800029a   Section        4  libinit2.o(.ARM.Collect$$libinit$$00000001)
    .ARM.Collect$$libinit$$00000004          0x0800029e   Section        0  libinit2.o(.ARM.Collect$$libinit$$00000004)
    .ARM.Collect$$libinit$$0000000A          0x0800029e   Section        0  libinit2.o(.ARM.Collect$$libinit$$0000000A)
    .ARM.Collect$$libinit$$0000000C          0x0800029e   Section        0  libinit2.o(.ARM.Collect$$libinit$$0000000C)
    .ARM.Collect$$libinit$$0000000E          0x0800029e   Section        0  libinit2.o(.ARM.Collect$$libinit$$0000000E)
    .ARM.Collect$$libinit$$0000000F          0x0800029e   Section        6  libinit2.o(.ARM.Collect$$libinit$$0000000F)
    .ARM.Collect$$libinit$$00000011          0x080002a4   Section        0  libinit2.o(.ARM.Collect$$libinit$$00000011)
    .ARM.Collect$$libinit$$00000012          0x080002a4   Section       12  libinit2.o(.ARM.Collect$$libinit$$00000012)
    .ARM.Collect$$libinit$$00000013          0x080002b0   Section        0  libinit2.o(.ARM.Collect$$libinit$$00000013)
    .ARM.Collect$$libinit$$00000015          0x080002b0   Section        0  libinit2.o(.ARM.Collect$$libinit$$00000015)
    .ARM.Collect$$libinit$$00000016          0x080002b0   Section       10  libinit2.o(.ARM.Collect$$libinit$$00000016)
    .ARM.Collect$$libinit$$00000017          0x080002ba   Section        0  libinit2.o(.ARM.Collect$$libinit$$00000017)
    .ARM.Collect$$libinit$$00000019          0x080002ba   Section        0  libinit2.o(.ARM.Collect$$libinit$$00000019)
    .ARM.Collect$$libinit$$0000001B          0x080002ba   Section        0  libinit2.o(.ARM.Collect$$libinit$$0000001B)
    .ARM.Collect$$libinit$$0000001D          0x080002ba   Section        0  libinit2.o(.ARM.Collect$$libinit$$0000001D)
    .ARM.Collect$$libinit$$0000001F          0x080002ba   Section        0  libinit2.o(.ARM.Collect$$libinit$$0000001F)
    .ARM.Collect$$libinit$$00000021          0x080002ba   Section        0  libinit2.o(.ARM.Collect$$libinit$$00000021)
    .ARM.Collect$$libinit$$00000023          0x080002ba   Section        0  libinit2.o(.ARM.Collect$$libinit$$00000023)
    .ARM.Collect$$libinit$$00000025          0x080002ba   Section        0  libinit2.o(.ARM.Collect$$libinit$$00000025)
    .ARM.Collect$$libinit$$0000002C          0x080002ba   Section        0  libinit2.o(.ARM.Collect$$libinit$$0000002C)
    .ARM.Collect$$libinit$$0000002E          0x080002ba   Section        0  libinit2.o(.ARM.Collect$$libinit$$0000002E)
    .ARM.Collect$$libinit$$00000030          0x080002ba   Section        0  libinit2.o(.ARM.Collect$$libinit$$00000030)
    .ARM.Collect$$libinit$$00000032          0x080002ba   Section        0  libinit2.o(.ARM.Collect$$libinit$$00000032)
    .ARM.Collect$$libinit$$00000033          0x080002ba   Section        2  libinit2.o(.ARM.Collect$$libinit$$00000033)
    .ARM.Collect$$libshutdown$$00000000      0x080002bc   Section        2  libshutdown.o(.ARM.Collect$$libshutdown$$00000000)
    .ARM.Collect$$libshutdown$$00000002      0x080002be   Section        0  libshutdown2.o(.ARM.Collect$$libshutdown$$00000002)
    .ARM.Collect$$libshutdown$$00000004      0x080002be   Section        0  libshutdown2.o(.ARM.Collect$$libshutdown$$00000004)
    .ARM.Collect$$libshutdown$$00000006      0x080002be   Section        0  libshutdown2.o(.ARM.Collect$$libshutdown$$00000006)
    .ARM.Collect$$libshutdown$$00000009      0x080002be   Section        0  libshutdown2.o(.ARM.Collect$$libshutdown$$00000009)
    .ARM.Collect$$libshutdown$$0000000C      0x080002be   Section        0  libshutdown2.o(.ARM.Collect$$libshutdown$$0000000C)
    .ARM.Collect$$libshutdown$$0000000E      0x080002be   Section        0  libshutdown2.o(.ARM.Collect$$libshutdown$$0000000E)
    .ARM.Collect$$libshutdown$$00000011      0x080002be   Section        0  libshutdown2.o(.ARM.Collect$$libshutdown$$00000011)
    .ARM.Collect$$libshutdown$$00000012      0x080002be   Section        2  libshutdown2.o(.ARM.Collect$$libshutdown$$00000012)
    .ARM.Collect$$rtentry$$00000000          0x080002c0   Section        0  __rtentry.o(.ARM.Collect$$rtentry$$00000000)
    .ARM.Collect$$rtentry$$00000002          0x080002c0   Section        0  __rtentry2.o(.ARM.Collect$$rtentry$$00000002)
    .ARM.Collect$$rtentry$$00000004          0x080002c0   Section        6  __rtentry4.o(.ARM.Collect$$rtentry$$00000004)
    .ARM.Collect$$rtentry$$00000009          0x080002c6   Section        0  __rtentry2.o(.ARM.Collect$$rtentry$$00000009)
    .ARM.Collect$$rtentry$$0000000A          0x080002c6   Section        4  __rtentry2.o(.ARM.Collect$$rtentry$$0000000A)
    .ARM.Collect$$rtentry$$0000000C          0x080002ca   Section        0  __rtentry2.o(.ARM.Collect$$rtentry$$0000000C)
    .ARM.Collect$$rtentry$$0000000D          0x080002ca   Section        8  __rtentry2.o(.ARM.Collect$$rtentry$$0000000D)
    .ARM.Collect$$rtexit$$00000000           0x080002d2   Section        2  rtexit.o(.ARM.Collect$$rtexit$$00000000)
    .ARM.Collect$$rtexit$$00000002           0x080002d4   Section        0  rtexit2.o(.ARM.Collect$$rtexit$$00000002)
    .ARM.Collect$$rtexit$$00000003           0x080002d4   Section        4  rtexit2.o(.ARM.Collect$$rtexit$$00000003)
    .ARM.Collect$$rtexit$$00000004           0x080002d8   Section        6  rtexit2.o(.ARM.Collect$$rtexit$$00000004)
    .text                                    0x080002e0   Section       64  startup_stm32f401xc.o(.text)
    $v0                                      0x080002e0   Number         0  startup_stm32f401xc.o(.text)
    .text                                    0x08000320   Section      238  lludivv7m.o(.text)
    .text                                    0x08000410   Section        0  vsprintf.o(.text)
    .text                                    0x08000434   Section       68  rt_memclr.o(.text)
    .text                                    0x08000478   Section       78  rt_memclr_w.o(.text)
    .text                                    0x080004c6   Section        0  heapauxi.o(.text)
    .text                                    0x080004cc   Section        0  _printf_pad.o(.text)
    .text                                    0x0800051a   Section        0  _printf_truncate.o(.text)
    .text                                    0x0800053e   Section        0  _printf_str.o(.text)
    .text                                    0x08000590   Section        0  _printf_dec.o(.text)
    .text                                    0x08000608   Section        0  _printf_charcount.o(.text)
    .text                                    0x08000630   Section        0  _printf_char_common.o(.text)
    _printf_input_char                       0x08000631   Thumb Code    10  _printf_char_common.o(.text)
    .text                                    0x08000660   Section        0  _sputc.o(.text)
    .text                                    0x0800066c   Section        0  _printf_wctomb.o(.text)
    .text                                    0x08000728   Section        0  _printf_longlong_dec.o(.text)
    .text                                    0x080007a4   Section        0  _printf_oct_int_ll.o(.text)
    _printf_longlong_oct_internal            0x080007a5   Thumb Code     0  _printf_oct_int_ll.o(.text)
    .text                                    0x08000814   Section        0  _printf_hex_int_ll_ptr.o(.text)
    _printf_hex_common                       0x08000815   Thumb Code     0  _printf_hex_int_ll_ptr.o(.text)
    .text                                    0x080008a8   Section        0  __printf_flags_ss_wp.o(.text)
    .text                                    0x08000a30   Section      138  lludiv10.o(.text)
    .text                                    0x08000aba   Section        0  _printf_intcommon.o(.text)
    .text                                    0x08000b6c   Section        0  _printf_fp_dec.o(.text)
    _fp_digits                               0x08000b6f   Thumb Code   432  _printf_fp_dec.o(.text)
    .text                                    0x08000f8c   Section        0  _printf_fp_hex.o(.text)
    .text                                    0x08001288   Section        0  _printf_char.o(.text)
    .text                                    0x080012b4   Section        0  _printf_wchar.o(.text)
    .text                                    0x080012e0   Section        0  _wcrtomb.o(.text)
    .text                                    0x08001320   Section       74  sys_stackheap_outer.o(.text)
    .text                                    0x0800136c   Section       16  rt_ctype_table.o(.text)
    .text                                    0x0800137c   Section        8  rt_locale_intlibspace.o(.text)
    .text                                    0x08001384   Section        0  _printf_fp_infnan.o(.text)
    .text                                    0x08001404   Section        0  bigflt0.o(.text)
    .text                                    0x080014e8   Section        0  exit.o(.text)
    .text                                    0x080014fc   Section        8  libspace.o(.text)
    .text                                    0x08001504   Section      128  strcmpv7m.o(.text)
    .text                                    0x08001584   Section        0  sys_exit.o(.text)
    .text                                    0x08001590   Section        2  use_no_semi.o(.text)
    .text                                    0x08001592   Section        0  indicate_semi.o(.text)
    CL$$btod_d2e                             0x08001592   Section       62  btod.o(CL$$btod_d2e)
    CL$$btod_d2e_denorm_low                  0x080015d0   Section       70  btod.o(CL$$btod_d2e_denorm_low)
    CL$$btod_d2e_norm_op1                    0x08001616   Section       96  btod.o(CL$$btod_d2e_norm_op1)
    CL$$btod_div_common                      0x08001676   Section      824  btod.o(CL$$btod_div_common)
    CL$$btod_e2e                             0x080019ae   Section      220  btod.o(CL$$btod_e2e)
    CL$$btod_ediv                            0x08001a8a   Section       42  btod.o(CL$$btod_ediv)
    CL$$btod_emul                            0x08001ab4   Section       42  btod.o(CL$$btod_emul)
    CL$$btod_mult_common                     0x08001ade   Section      580  btod.o(CL$$btod_mult_common)
    i.BL_Print_Message                       0x08001d24   Section        0  bootloader.o(i.BL_Print_Message)
    i.BL_UART_Fetch_Host_Command             0x08001d54   Section        0  bootloader.o(i.BL_UART_Fetch_Host_Command)
    i.Bootloader_CRC_Verify                  0x080020b8   Section        0  bootloader.o(i.Bootloader_CRC_Verify)
    Bootloader_CRC_Verify                    0x080020b9   Thumb Code    62  bootloader.o(i.Bootloader_CRC_Verify)
    i.Bootloader_Get_Chip_Identification_Number 0x080020fc   Section        0  bootloader.o(i.Bootloader_Get_Chip_Identification_Number)
    Bootloader_Get_Chip_Identification_Number 0x080020fd   Thumb Code   104  bootloader.o(i.Bootloader_Get_Chip_Identification_Number)
    i.Bootloader_Get_Help                    0x08002210   Section        0  bootloader.o(i.Bootloader_Get_Help)
    Bootloader_Get_Help                      0x08002211   Thumb Code    92  bootloader.o(i.Bootloader_Get_Help)
    i.Bootloader_Get_Version                 0x080022dc   Section        0  bootloader.o(i.Bootloader_Get_Version)
    Bootloader_Get_Version                   0x080022dd   Thumb Code   100  bootloader.o(i.Bootloader_Get_Version)
    i.Bootloader_Jump_To_Address             0x080023b0   Section        0  bootloader.o(i.Bootloader_Jump_To_Address)
    Bootloader_Jump_To_Address               0x080023b1   Thumb Code    24  bootloader.o(i.Bootloader_Jump_To_Address)
    i.Bootloader_Send_ACK                    0x080023cc   Section        0  bootloader.o(i.Bootloader_Send_ACK)
    Bootloader_Send_ACK                      0x080023cd   Thumb Code    28  bootloader.o(i.Bootloader_Send_ACK)
    i.Bootloader_Send_Data_To_Host           0x080023f0   Section        0  bootloader.o(i.Bootloader_Send_Data_To_Host)
    Bootloader_Send_Data_To_Host             0x080023f1   Thumb Code    14  bootloader.o(i.Bootloader_Send_Data_To_Host)
    i.Bootloader_Send_NACK                   0x08002404   Section        0  bootloader.o(i.Bootloader_Send_NACK)
    Bootloader_Send_NACK                     0x08002405   Thumb Code    24  bootloader.o(i.Bootloader_Send_NACK)
    i.BusFault_Handler                       0x08002420   Section        0  stm32f4xx_it.o(i.BusFault_Handler)
    i.DebugMon_Handler                       0x08002422   Section        0  stm32f4xx_it.o(i.DebugMon_Handler)
    i.Error_Handler                          0x08002424   Section        0  main.o(i.Error_Handler)
    i.HAL_CRC_Accumulate                     0x08002428   Section        0  stm32f4xx_hal_crc.o(i.HAL_CRC_Accumulate)
    i.HAL_CRC_Init                           0x0800244e   Section        0  stm32f4xx_hal_crc.o(i.HAL_CRC_Init)
    i.HAL_CRC_MspInit                        0x08002470   Section        0  crc.o(i.HAL_CRC_MspInit)
    i.HAL_GPIO_Init                          0x08002498   Section        0  stm32f4xx_hal_gpio.o(i.HAL_GPIO_Init)
    i.HAL_GetTick                            0x08002678   Section        0  stm32f4xx_hal.o(i.HAL_GetTick)
    i.HAL_IncTick                            0x08002684   Section        0  stm32f4xx_hal.o(i.HAL_IncTick)
    i.HAL_Init                               0x08002694   Section        0  stm32f4xx_hal.o(i.HAL_Init)
    i.HAL_InitTick                           0x080026c8   Section        0  stm32f4xx_hal.o(i.HAL_InitTick)
    i.HAL_MspInit                            0x08002708   Section        0  stm32f4xx_hal_msp.o(i.HAL_MspInit)
    i.HAL_NVIC_SetPriority                   0x08002738   Section        0  stm32f4xx_hal_cortex.o(i.HAL_NVIC_SetPriority)
    i.HAL_NVIC_SetPriorityGrouping           0x08002778   Section        0  stm32f4xx_hal_cortex.o(i.HAL_NVIC_SetPriorityGrouping)
    i.HAL_RCC_ClockConfig                    0x0800279c   Section        0  stm32f4xx_hal_rcc.o(i.HAL_RCC_ClockConfig)
    i.HAL_RCC_DeInit                         0x080028d0   Section        0  stm32f4xx_hal_rcc_ex.o(i.HAL_RCC_DeInit)
    i.HAL_RCC_GetPCLK1Freq                   0x08002a04   Section        0  stm32f4xx_hal_rcc.o(i.HAL_RCC_GetPCLK1Freq)
    i.HAL_RCC_GetPCLK2Freq                   0x08002a24   Section        0  stm32f4xx_hal_rcc.o(i.HAL_RCC_GetPCLK2Freq)
    i.HAL_RCC_GetSysClockFreq                0x08002a44   Section        0  stm32f4xx_hal_rcc.o(i.HAL_RCC_GetSysClockFreq)
    i.HAL_RCC_OscConfig                      0x08002aa8   Section        0  stm32f4xx_hal_rcc.o(i.HAL_RCC_OscConfig)
    i.HAL_SYSTICK_Config                     0x08002e14   Section        0  stm32f4xx_hal_cortex.o(i.HAL_SYSTICK_Config)
    i.HAL_UART_Init                          0x08002e3c   Section        0  stm32f4xx_hal_uart.o(i.HAL_UART_Init)
    i.HAL_UART_MspInit                       0x08002ea0   Section        0  usart.o(i.HAL_UART_MspInit)
    i.HAL_UART_Receive                       0x08002f3c   Section        0  stm32f4xx_hal_uart.o(i.HAL_UART_Receive)
    i.HAL_UART_Transmit                      0x08002ffc   Section        0  stm32f4xx_hal_uart.o(i.HAL_UART_Transmit)
    i.HardFault_Handler                      0x080030ae   Section        0  stm32f4xx_it.o(i.HardFault_Handler)
    i.MX_CRC_Init                            0x080030b0   Section        0  crc.o(i.MX_CRC_Init)
    i.MX_GPIO_Init                           0x080030d4   Section        0  gpio.o(i.MX_GPIO_Init)
    i.MX_USART1_UART_Init                    0x080030f0   Section        0  usart.o(i.MX_USART1_UART_Init)
    i.MX_USART2_UART_Init                    0x08003128   Section        0  usart.o(i.MX_USART2_UART_Init)
    i.MemManage_Handler                      0x08003160   Section        0  stm32f4xx_it.o(i.MemManage_Handler)
    i.NMI_Handler                            0x08003162   Section        0  stm32f4xx_it.o(i.NMI_Handler)
    i.PendSV_Handler                         0x08003164   Section        0  stm32f4xx_it.o(i.PendSV_Handler)
    i.SVC_Handler                            0x08003166   Section        0  stm32f4xx_it.o(i.SVC_Handler)
    i.SysTick_Handler                        0x08003168   Section        0  stm32f4xx_it.o(i.SysTick_Handler)
    i.SystemClock_Config                     0x0800316c   Section        0  main.o(i.SystemClock_Config)
    i.SystemInit                             0x080031ec   Section        0  system_stm32f4xx.o(i.SystemInit)
    i.UART_SetConfig                         0x080031fc   Section        0  stm32f4xx_hal_uart.o(i.UART_SetConfig)
    UART_SetConfig                           0x080031fd   Thumb Code   258  stm32f4xx_hal_uart.o(i.UART_SetConfig)
    i.UART_WaitOnFlagUntilTimeout            0x08003308   Section        0  stm32f4xx_hal_uart.o(i.UART_WaitOnFlagUntilTimeout)
    UART_WaitOnFlagUntilTimeout              0x08003309   Thumb Code   120  stm32f4xx_hal_uart.o(i.UART_WaitOnFlagUntilTimeout)
    i.UsageFault_Handler                     0x08003380   Section        0  stm32f4xx_it.o(i.UsageFault_Handler)
    i.__ARM_fpclassify                       0x08003382   Section        0  fpclassify.o(i.__ARM_fpclassify)
    i.__NVIC_SetPriority                     0x080033b2   Section        0  stm32f4xx_hal_cortex.o(i.__NVIC_SetPriority)
    __NVIC_SetPriority                       0x080033b3   Thumb Code    32  stm32f4xx_hal_cortex.o(i.__NVIC_SetPriority)
    i._is_digit                              0x080033d2   Section        0  __printf_wp.o(i._is_digit)
    i.main                                   0x080033e0   Section        0  main.o(i.main)
    locale$$code                             0x08003420   Section       44  lc_numeric_c.o(locale$$code)
    locale$$code                             0x0800344c   Section       44  lc_ctype_c.o(locale$$code)
    x$fpl$fpinit                             0x08003478   Section       10  fpinit.o(x$fpl$fpinit)
    $v0                                      0x08003478   Number         0  fpinit.o(x$fpl$fpinit)
    x$fpl$printf1                            0x08003482   Section        4  printf1.o(x$fpl$printf1)
    $v0                                      0x08003482   Number         0  printf1.o(x$fpl$printf1)
    x$fpl$printf2                            0x08003486   Section        4  printf2.o(x$fpl$printf2)
    $v0                                      0x08003486   Number         0  printf2.o(x$fpl$printf2)
    .constdata                               0x0800348a   Section       16  system_stm32f4xx.o(.constdata)
    x$fpl$usenofp                            0x0800348a   Section        0  usenofp.o(x$fpl$usenofp)
    .constdata                               0x0800349a   Section        8  system_stm32f4xx.o(.constdata)
    .constdata                               0x080034a4   Section        8  _printf_wctomb.o(.constdata)
    initial_mbstate                          0x080034a4   Data           8  _printf_wctomb.o(.constdata)
    .constdata                               0x080034ac   Section       40  _printf_hex_int_ll_ptr.o(.constdata)
    uc_hextab                                0x080034ac   Data          20  _printf_hex_int_ll_ptr.o(.constdata)
    lc_hextab                                0x080034c0   Data          20  _printf_hex_int_ll_ptr.o(.constdata)
    .constdata                               0x080034d4   Section       17  __printf_flags_ss_wp.o(.constdata)
    maptable                                 0x080034d4   Data          17  __printf_flags_ss_wp.o(.constdata)
    .constdata                               0x080034e5   Section       38  _printf_fp_hex.o(.constdata)
    lc_hextab                                0x080034e5   Data          19  _printf_fp_hex.o(.constdata)
    uc_hextab                                0x080034f8   Data          19  _printf_fp_hex.o(.constdata)
    .constdata                               0x0800350c   Section      148  bigflt0.o(.constdata)
    tenpwrs_x                                0x0800350c   Data          60  bigflt0.o(.constdata)
    tenpwrs_i                                0x08003548   Data          64  bigflt0.o(.constdata)
    .conststring                             0x080035a0   Section      137  bootloader.o(.conststring)
    locale$$data                             0x0800364c   Section       28  lc_numeric_c.o(locale$$data)
    __lcnum_c_name                           0x08003650   Data           2  lc_numeric_c.o(locale$$data)
    __lcnum_c_start                          0x08003658   Data           0  lc_numeric_c.o(locale$$data)
    __lcnum_c_point                          0x08003664   Data           0  lc_numeric_c.o(locale$$data)
    __lcnum_c_thousands                      0x08003666   Data           0  lc_numeric_c.o(locale$$data)
    __lcnum_c_grouping                       0x08003667   Data           0  lc_numeric_c.o(locale$$data)
    locale$$data                             0x08003668   Section      272  lc_ctype_c.o(locale$$data)
    __lcnum_c_end                            0x08003668   Data           0  lc_numeric_c.o(locale$$data)
    __lcctype_c_name                         0x0800366c   Data           2  lc_ctype_c.o(locale$$data)
    __lcctype_c_start                        0x08003674   Data           0  lc_ctype_c.o(locale$$data)
    __lcctype_c_end                          0x08003778   Data           0  lc_ctype_c.o(locale$$data)
    .data                                    0x20000000   Section        8  crc.o(.data)
    .data                                    0x20000008   Section       12  stm32f4xx_hal.o(.data)
    .data                                    0x20000014   Section        4  system_stm32f4xx.o(.data)
    .data                                    0x20000018   Section       12  bootloader.o(.data)
    Bootloader_Supported_CMDs                0x20000018   Data          12  bootloader.o(.data)
    .bss                                     0x20000024   Section      136  usart.o(.bss)
    .bss                                     0x200000ac   Section      200  bootloader.o(.bss)
    BL_Host_Buffer                           0x200000ac   Data         200  bootloader.o(.bss)
    .bss                                     0x20000174   Section       96  libspace.o(.bss)
    HEAP                                     0x200001d8   Section      512  startup_stm32f401xc.o(HEAP)
    Heap_Mem                                 0x200001d8   Data         512  startup_stm32f401xc.o(HEAP)
    STACK                                    0x200003d8   Section     1024  startup_stm32f401xc.o(STACK)
    Stack_Mem                                0x200003d8   Data        1024  startup_stm32f401xc.o(STACK)
    __initial_sp                             0x200007d8   Data           0  startup_stm32f401xc.o(STACK)

    Global Symbols

    Symbol Name                              Value     Ov Type        Size  Object(Section)

    BuildAttributes$$THM_ISAv4$E$P$D$K$B$S$7EM$VFPi3$EXTD16$VFPS$VFMA$PE$A:L22UL41UL21$X:L11$S22US41US21$IEEE1$IW$USESV6$~STKCKD$USESV7$~SHL$OTIME$ROPI$IEEEJ$EBA8$UX$STANDARDLIB$REQ8$PRES8$EABIv2 0x00000000   Number         0  anon$$obj.o ABSOLUTE
    __ARM_use_no_argv                        0x00000000   Number         0  main.o ABSOLUTE
    _printf_flags                            0x00000000   Number         0  printf_stubs.o ABSOLUTE
    _printf_return_value                     0x00000000   Number         0  printf_stubs.o ABSOLUTE
    _printf_sizespec                         0x00000000   Number         0  printf_stubs.o ABSOLUTE
    _printf_widthprec                        0x00000000   Number         0  printf_stubs.o ABSOLUTE
    __ARM_exceptions_init                     - Undefined Weak Reference
    __alloca_initialize                       - Undefined Weak Reference
    __arm_fini_                               - Undefined Weak Reference
    __arm_preinit_                            - Undefined Weak Reference
    __cpp_initialize__aeabi_                  - Undefined Weak Reference
    __cxa_finalize                            - Undefined Weak Reference
    __sigvec_lookup                           - Undefined Weak Reference
    _atexit_init                              - Undefined Weak Reference
    _call_atexit_fns                          - Undefined Weak Reference
    _clock_init                               - Undefined Weak Reference
    _fp_trap_init                             - Undefined Weak Reference
    _fp_trap_shutdown                         - Undefined Weak Reference
    _get_lc_collate                           - Undefined Weak Reference
    _get_lc_monetary                          - Undefined Weak Reference
    _get_lc_time                              - Undefined Weak Reference
    _getenv_init                              - Undefined Weak Reference
    _handle_redirection                       - Undefined Weak Reference
    _init_alloc                               - Undefined Weak Reference
    _init_user_alloc                          - Undefined Weak Reference
    _initio                                   - Undefined Weak Reference
    _printf_mbtowc                            - Undefined Weak Reference
    _printf_wc                                - Undefined Weak Reference
    _rand_init                                - Undefined Weak Reference
    _signal_finish                            - Undefined Weak Reference
    _signal_init                              - Undefined Weak Reference
    _terminate_alloc                          - Undefined Weak Reference
    _terminate_user_alloc                     - Undefined Weak Reference
    _terminateio                              - Undefined Weak Reference
    __Vectors_Size                           0x00000194   Number         0  startup_stm32f401xc.o ABSOLUTE
    __Vectors                                0x08000000   Data           4  startup_stm32f401xc.o(RESET)
    __Vectors_End                            0x08000194   Data           0  startup_stm32f401xc.o(RESET)
    __main                                   0x08000195   Thumb Code     8  __main.o(!!!main)
    __scatterload                            0x0800019d   Thumb Code     0  __scatter.o(!!!scatter)
    __scatterload_rt2                        0x0800019d   Thumb Code    44  __scatter.o(!!!scatter)
    __scatterload_rt2_thumb_only             0x0800019d   Thumb Code     0  __scatter.o(!!!scatter)
    __scatterload_null                       0x080001ab   Thumb Code     0  __scatter.o(!!!scatter)
    __scatterload_copy                       0x080001d1   Thumb Code    26  __scatter_copy.o(!!handler_copy)
    __scatterload_zeroinit                   0x080001ed   Thumb Code    28  __scatter_zi.o(!!handler_zi)
    _printf_n                                0x08000209   Thumb Code     0  _printf_n.o(.ARM.Collect$$_printf_percent$$00000001)
    _printf_percent                          0x08000209   Thumb Code     0  _printf_percent.o(.ARM.Collect$$_printf_percent$$00000000)
    _printf_p                                0x0800020f   Thumb Code     0  _printf_p.o(.ARM.Collect$$_printf_percent$$00000002)
    _printf_f                                0x08000215   Thumb Code     0  _printf_f.o(.ARM.Collect$$_printf_percent$$00000003)
    _printf_e                                0x0800021b   Thumb Code     0  _printf_e.o(.ARM.Collect$$_printf_percent$$00000004)
    _printf_g                                0x08000221   Thumb Code     0  _printf_g.o(.ARM.Collect$$_printf_percent$$00000005)
    _printf_a                                0x08000227   Thumb Code     0  _printf_a.o(.ARM.Collect$$_printf_percent$$00000006)
    _printf_ll                               0x0800022d   Thumb Code     0  _printf_ll.o(.ARM.Collect$$_printf_percent$$00000007)
    _printf_i                                0x08000237   Thumb Code     0  _printf_i.o(.ARM.Collect$$_printf_percent$$00000008)
    _printf_d                                0x0800023d   Thumb Code     0  _printf_d.o(.ARM.Collect$$_printf_percent$$00000009)
    _printf_u                                0x08000243   Thumb Code     0  _printf_u.o(.ARM.Collect$$_printf_percent$$0000000A)
    _printf_o                                0x08000249   Thumb Code     0  _printf_o.o(.ARM.Collect$$_printf_percent$$0000000B)
    _printf_x                                0x0800024f   Thumb Code     0  _printf_x.o(.ARM.Collect$$_printf_percent$$0000000C)
    _printf_lli                              0x08000255   Thumb Code     0  _printf_lli.o(.ARM.Collect$$_printf_percent$$0000000D)
    _printf_lld                              0x0800025b   Thumb Code     0  _printf_lld.o(.ARM.Collect$$_printf_percent$$0000000E)
    _printf_llu                              0x08000261   Thumb Code     0  _printf_llu.o(.ARM.Collect$$_printf_percent$$0000000F)
    _printf_llo                              0x08000267   Thumb Code     0  _printf_llo.o(.ARM.Collect$$_printf_percent$$00000010)
    _printf_llx                              0x0800026d   Thumb Code     0  _printf_llx.o(.ARM.Collect$$_printf_percent$$00000011)
    _printf_l                                0x08000273   Thumb Code     0  _printf_l.o(.ARM.Collect$$_printf_percent$$00000012)
    _printf_c                                0x0800027d   Thumb Code     0  _printf_c.o(.ARM.Collect$$_printf_percent$$00000013)
    _printf_s                                0x08000283   Thumb Code     0  _printf_s.o(.ARM.Collect$$_printf_percent$$00000014)
    _printf_lc                               0x08000289   Thumb Code     0  _printf_lc.o(.ARM.Collect$$_printf_percent$$00000015)
    _printf_ls                               0x0800028f   Thumb Code     0  _printf_ls.o(.ARM.Collect$$_printf_percent$$00000016)
    _printf_percent_end                      0x08000295   Thumb Code     0  _printf_percent_end.o(.ARM.Collect$$_printf_percent$$00000017)
    __rt_lib_init                            0x08000299   Thumb Code     0  libinit.o(.ARM.Collect$$libinit$$00000000)
    __rt_lib_init_fp_1                       0x0800029b   Thumb Code     0  libinit2.o(.ARM.Collect$$libinit$$00000001)
    __rt_lib_init_heap_1                     0x0800029f   Thumb Code     0  libinit2.o(.ARM.Collect$$libinit$$0000000A)
    __rt_lib_init_lc_common                  0x0800029f   Thumb Code     0  libinit2.o(.ARM.Collect$$libinit$$0000000F)
    __rt_lib_init_preinit_1                  0x0800029f   Thumb Code     0  libinit2.o(.ARM.Collect$$libinit$$00000004)
    __rt_lib_init_rand_1                     0x0800029f   Thumb Code     0  libinit2.o(.ARM.Collect$$libinit$$0000000E)
    __rt_lib_init_user_alloc_1               0x0800029f   Thumb Code     0  libinit2.o(.ARM.Collect$$libinit$$0000000C)
    __rt_lib_init_lc_collate_1               0x080002a5   Thumb Code     0  libinit2.o(.ARM.Collect$$libinit$$00000011)
    __rt_lib_init_lc_ctype_2                 0x080002a5   Thumb Code     0  libinit2.o(.ARM.Collect$$libinit$$00000012)
    __rt_lib_init_lc_ctype_1                 0x080002b1   Thumb Code     0  libinit2.o(.ARM.Collect$$libinit$$00000013)
    __rt_lib_init_lc_monetary_1              0x080002b1   Thumb Code     0  libinit2.o(.ARM.Collect$$libinit$$00000015)
    __rt_lib_init_lc_numeric_2               0x080002b1   Thumb Code     0  libinit2.o(.ARM.Collect$$libinit$$00000016)
    __rt_lib_init_alloca_1                   0x080002bb   Thumb Code     0  libinit2.o(.ARM.Collect$$libinit$$0000002E)
    __rt_lib_init_argv_1                     0x080002bb   Thumb Code     0  libinit2.o(.ARM.Collect$$libinit$$0000002C)
    __rt_lib_init_atexit_1                   0x080002bb   Thumb Code     0  libinit2.o(.ARM.Collect$$libinit$$0000001B)
    __rt_lib_init_clock_1                    0x080002bb   Thumb Code     0  libinit2.o(.ARM.Collect$$libinit$$00000021)
    __rt_lib_init_cpp_1                      0x080002bb   Thumb Code     0  libinit2.o(.ARM.Collect$$libinit$$00000032)
    __rt_lib_init_exceptions_1               0x080002bb   Thumb Code     0  libinit2.o(.ARM.Collect$$libinit$$00000030)
    __rt_lib_init_fp_trap_1                  0x080002bb   Thumb Code     0  libinit2.o(.ARM.Collect$$libinit$$0000001F)
    __rt_lib_init_getenv_1                   0x080002bb   Thumb Code     0  libinit2.o(.ARM.Collect$$libinit$$00000023)
    __rt_lib_init_lc_numeric_1               0x080002bb   Thumb Code     0  libinit2.o(.ARM.Collect$$libinit$$00000017)
    __rt_lib_init_lc_time_1                  0x080002bb   Thumb Code     0  libinit2.o(.ARM.Collect$$libinit$$00000019)
    __rt_lib_init_return                     0x080002bb   Thumb Code     0  libinit2.o(.ARM.Collect$$libinit$$00000033)
    __rt_lib_init_signal_1                   0x080002bb   Thumb Code     0  libinit2.o(.ARM.Collect$$libinit$$0000001D)
    __rt_lib_init_stdio_1                    0x080002bb   Thumb Code     0  libinit2.o(.ARM.Collect$$libinit$$00000025)
    __rt_lib_shutdown                        0x080002bd   Thumb Code     0  libshutdown.o(.ARM.Collect$$libshutdown$$00000000)
    __rt_lib_shutdown_cpp_1                  0x080002bf   Thumb Code     0  libshutdown2.o(.ARM.Collect$$libshutdown$$00000004)
    __rt_lib_shutdown_fini_1                 0x080002bf   Thumb Code     0  libshutdown2.o(.ARM.Collect$$libshutdown$$00000002)
    __rt_lib_shutdown_fp_trap_1              0x080002bf   Thumb Code     0  libshutdown2.o(.ARM.Collect$$libshutdown$$00000009)
    __rt_lib_shutdown_heap_1                 0x080002bf   Thumb Code     0  libshutdown2.o(.ARM.Collect$$libshutdown$$00000011)
    __rt_lib_shutdown_return                 0x080002bf   Thumb Code     0  libshutdown2.o(.ARM.Collect$$libshutdown$$00000012)
    __rt_lib_shutdown_signal_1               0x080002bf   Thumb Code     0  libshutdown2.o(.ARM.Collect$$libshutdown$$0000000C)
    __rt_lib_shutdown_stdio_1                0x080002bf   Thumb Code     0  libshutdown2.o(.ARM.Collect$$libshutdown$$00000006)
    __rt_lib_shutdown_user_alloc_1           0x080002bf   Thumb Code     0  libshutdown2.o(.ARM.Collect$$libshutdown$$0000000E)
    __rt_entry                               0x080002c1   Thumb Code     0  __rtentry.o(.ARM.Collect$$rtentry$$00000000)
    __rt_entry_presh_1                       0x080002c1   Thumb Code     0  __rtentry2.o(.ARM.Collect$$rtentry$$00000002)
    __rt_entry_sh                            0x080002c1   Thumb Code     0  __rtentry4.o(.ARM.Collect$$rtentry$$00000004)
    __rt_entry_li                            0x080002c7   Thumb Code     0  __rtentry2.o(.ARM.Collect$$rtentry$$0000000A)
    __rt_entry_postsh_1                      0x080002c7   Thumb Code     0  __rtentry2.o(.ARM.Collect$$rtentry$$00000009)
    __rt_entry_main                          0x080002cb   Thumb Code     0  __rtentry2.o(.ARM.Collect$$rtentry$$0000000D)
    __rt_entry_postli_1                      0x080002cb   Thumb Code     0  __rtentry2.o(.ARM.Collect$$rtentry$$0000000C)
    __rt_exit                                0x080002d3   Thumb Code     0  rtexit.o(.ARM.Collect$$rtexit$$00000000)
    __rt_exit_ls                             0x080002d5   Thumb Code     0  rtexit2.o(.ARM.Collect$$rtexit$$00000003)
    __rt_exit_prels_1                        0x080002d5   Thumb Code     0  rtexit2.o(.ARM.Collect$$rtexit$$00000002)
    __rt_exit_exit                           0x080002d9   Thumb Code     0  rtexit2.o(.ARM.Collect$$rtexit$$00000004)
    Reset_Handler                            0x080002e1   Thumb Code     8  startup_stm32f401xc.o(.text)
    ADC_IRQHandler                           0x080002fb   Thumb Code     0  startup_stm32f401xc.o(.text)
    DMA1_Stream0_IRQHandler                  0x080002fb   Thumb Code     0  startup_stm32f401xc.o(.text)
    DMA1_Stream1_IRQHandler                  0x080002fb   Thumb Code     0  startup_stm32f401xc.o(.text)
    DMA1_Stream2_IRQHandler                  0x080002fb   Thumb Code     0  startup_stm32f401xc.o(.text)
    DMA1_Stream3_IRQHandler                  0x080002fb   Thumb Code     0  startup_stm32f401xc.o(.text)
    DMA1_Stream4_IRQHandler                  0x080002fb   Thumb Code     0  startup_stm32f401xc.o(.text)
    DMA1_Stream5_IRQHandler                  0x080002fb   Thumb Code     0  startup_stm32f401xc.o(.text)
    DMA1_Stream6_IRQHandler                  0x080002fb   Thumb Code     0  startup_stm32f401xc.o(.text)
    DMA1_Stream7_IRQHandler                  0x080002fb   Thumb Code     0  startup_stm32f401xc.o(.text)
    DMA2_Stream0_IRQHandler                  0x080002fb   Thumb Code     0  startup_stm32f401xc.o(.text)
    DMA2_Stream1_IRQHandler                  0x080002fb   Thumb Code     0  startup_stm32f401xc.o(.text)
    DMA2_Stream2_IRQHandler                  0x080002fb   Thumb Code     0  startup_stm32f401xc.o(.text)
    DMA2_Stream3_IRQHandler                  0x080002fb   Thumb Code     0  startup_stm32f401xc.o(.text)
    DMA2_Stream4_IRQHandler                  0x080002fb   Thumb Code     0  startup_stm32f401xc.o(.text)
    DMA2_Stream5_IRQHandler                  0x080002fb   Thumb Code     0  startup_stm32f401xc.o(.text)
    DMA2_Stream6_IRQHandler                  0x080002fb   Thumb Code     0  startup_stm32f401xc.o(.text)
    DMA2_Stream7_IRQHandler                  0x080002fb   Thumb Code     0  startup_stm32f401xc.o(.text)
    EXTI0_IRQHandler                         0x080002fb   Thumb Code     0  startup_stm32f401xc.o(.text)
    EXTI15_10_IRQHandler                     0x080002fb   Thumb Code     0  startup_stm32f401xc.o(.text)
    EXTI1_IRQHandler                         0x080002fb   Thumb Code     0  startup_stm32f401xc.o(.text)
    EXTI2_IRQHandler                         0x080002fb   Thumb Code     0  startup_stm32f401xc.o(.text)
    EXTI3_IRQHandler                         0x080002fb   Thumb Code     0  startup_stm32f401xc.o(.text)
    EXTI4_IRQHandler                         0x080002fb   Thumb Code     0  startup_stm32f401xc.o(.text)
    EXTI9_5_IRQHandler                       0x080002fb   Thumb Code     0  startup_stm32f401xc.o(.text)
    FLASH_IRQHandler                         0x080002fb   Thumb Code     0  startup_stm32f401xc.o(.text)
    FPU_IRQHandler                           0x080002fb   Thumb Code     0  startup_stm32f401xc.o(.text)
    I2C1_ER_IRQHandler                       0x080002fb   Thumb Code     0  startup_stm32f401xc.o(.text)
    I2C1_EV_IRQHandler                       0x080002fb   Thumb Code     0  startup_stm32f401xc.o(.text)
    I2C2_ER_IRQHandler                       0x080002fb   Thumb Code     0  startup_stm32f401xc.o(.text)
    I2C2_EV_IRQHandler                       0x080002fb   Thumb Code     0  startup_stm32f401xc.o(.text)
    I2C3_ER_IRQHandler                       0x080002fb   Thumb Code     0  startup_stm32f401xc.o(.text)
    I2C3_EV_IRQHandler                       0x080002fb   Thumb Code     0  startup_stm32f401xc.o(.text)
    OTG_FS_IRQHandler                        0x080002fb   Thumb Code     0  startup_stm32f401xc.o(.text)
    OTG_FS_WKUP_IRQHandler                   0x080002fb   Thumb Code     0  startup_stm32f401xc.o(.text)
    PVD_IRQHandler                           0x080002fb   Thumb Code     0  startup_stm32f401xc.o(.text)
    RCC_IRQHandler                           0x080002fb   Thumb Code     0  startup_stm32f401xc.o(.text)
    RTC_Alarm_IRQHandler                     0x080002fb   Thumb Code     0  startup_stm32f401xc.o(.text)
    RTC_WKUP_IRQHandler                      0x080002fb   Thumb Code     0  startup_stm32f401xc.o(.text)
    SDIO_IRQHandler                          0x080002fb   Thumb Code     0  startup_stm32f401xc.o(.text)
    SPI1_IRQHandler                          0x080002fb   Thumb Code     0  startup_stm32f401xc.o(.text)
    SPI2_IRQHandler                          0x080002fb   Thumb Code     0  startup_stm32f401xc.o(.text)
    SPI3_IRQHandler                          0x080002fb   Thumb Code     0  startup_stm32f401xc.o(.text)
    SPI4_IRQHandler                          0x080002fb   Thumb Code     0  startup_stm32f401xc.o(.text)
    TAMP_STAMP_IRQHandler                    0x080002fb   Thumb Code     0  startup_stm32f401xc.o(.text)
    TIM1_BRK_TIM9_IRQHandler                 0x080002fb   Thumb Code     0  startup_stm32f401xc.o(.text)
    TIM1_CC_IRQHandler                       0x080002fb   Thumb Code     0  startup_stm32f401xc.o(.text)
    TIM1_TRG_COM_TIM11_IRQHandler            0x080002fb   Thumb Code     0  startup_stm32f401xc.o(.text)
    TIM1_UP_TIM10_IRQHandler                 0x080002fb   Thumb Code     0  startup_stm32f401xc.o(.text)
    TIM2_IRQHandler                          0x080002fb   Thumb Code     0  startup_stm32f401xc.o(.text)
    TIM3_IRQHandler                          0x080002fb   Thumb Code     0  startup_stm32f401xc.o(.text)
    TIM4_IRQHandler                          0x080002fb   Thumb Code     0  startup_stm32f401xc.o(.text)
    TIM5_IRQHandler                          0x080002fb   Thumb Code     0  startup_stm32f401xc.o(.text)
    USART1_IRQHandler                        0x080002fb   Thumb Code     0  startup_stm32f401xc.o(.text)
    USART2_IRQHandler                        0x080002fb   Thumb Code     0  startup_stm32f401xc.o(.text)
    USART6_IRQHandler                        0x080002fb   Thumb Code     0  startup_stm32f401xc.o(.text)
    WWDG_IRQHandler                          0x080002fb   Thumb Code     0  startup_stm32f401xc.o(.text)
    __user_initial_stackheap                 0x080002fd   Thumb Code     0  startup_stm32f401xc.o(.text)
    __aeabi_uldivmod                         0x08000321   Thumb Code     0  lludivv7m.o(.text)
    _ll_udiv                                 0x08000321   Thumb Code   238  lludivv7m.o(.text)
    vsprintf                                 0x08000411   Thumb Code    32  vsprintf.o(.text)
    __aeabi_memclr                           0x08000435   Thumb Code     0  rt_memclr.o(.text)
    __rt_memclr                              0x08000435   Thumb Code    68  rt_memclr.o(.text)
    _memset                                  0x08000439   Thumb Code     0  rt_memclr.o(.text)
    __aeabi_memclr4                          0x08000479   Thumb Code     0  rt_memclr_w.o(.text)
    __aeabi_memclr8                          0x08000479   Thumb Code     0  rt_memclr_w.o(.text)
    __rt_memclr_w                            0x08000479   Thumb Code    78  rt_memclr_w.o(.text)
    _memset_w                                0x0800047d   Thumb Code     0  rt_memclr_w.o(.text)
    __use_two_region_memory                  0x080004c7   Thumb Code     2  heapauxi.o(.text)
    __rt_heap_escrow$2region                 0x080004c9   Thumb Code     2  heapauxi.o(.text)
    __rt_heap_expand$2region                 0x080004cb   Thumb Code     2  heapauxi.o(.text)
    _printf_pre_padding                      0x080004cd   Thumb Code    44  _printf_pad.o(.text)
    _printf_post_padding                     0x080004f9   Thumb Code    34  _printf_pad.o(.text)
    _printf_truncate_signed                  0x0800051b   Thumb Code    18  _printf_truncate.o(.text)
    _printf_truncate_unsigned                0x0800052d   Thumb Code    18  _printf_truncate.o(.text)
    _printf_str                              0x0800053f   Thumb Code    82  _printf_str.o(.text)
    _printf_int_dec                          0x08000591   Thumb Code   104  _printf_dec.o(.text)
    _printf_charcount                        0x08000609   Thumb Code    40  _printf_charcount.o(.text)
    _printf_char_common                      0x0800063b   Thumb Code    32  _printf_char_common.o(.text)
    _sputc                                   0x08000661   Thumb Code    10  _sputc.o(.text)
    _printf_wctomb                           0x0800066d   Thumb Code   182  _printf_wctomb.o(.text)
    _printf_longlong_dec                     0x08000729   Thumb Code   108  _printf_longlong_dec.o(.text)
    _printf_longlong_oct                     0x080007a5   Thumb Code    66  _printf_oct_int_ll.o(.text)
    _printf_int_oct                          0x080007e7   Thumb Code    24  _printf_oct_int_ll.o(.text)
    _printf_ll_oct                           0x080007ff   Thumb Code    12  _printf_oct_int_ll.o(.text)
    _printf_longlong_hex                     0x08000815   Thumb Code    86  _printf_hex_int_ll_ptr.o(.text)
    _printf_int_hex                          0x0800086b   Thumb Code    28  _printf_hex_int_ll_ptr.o(.text)
    _printf_ll_hex                           0x08000887   Thumb Code    12  _printf_hex_int_ll_ptr.o(.text)
    _printf_hex_ptr                          0x08000893   Thumb Code    18  _printf_hex_int_ll_ptr.o(.text)
    __printf                                 0x080008a9   Thumb Code   388  __printf_flags_ss_wp.o(.text)
    _ll_udiv10                               0x08000a31   Thumb Code   138  lludiv10.o(.text)
    _printf_int_common                       0x08000abb   Thumb Code   178  _printf_intcommon.o(.text)
    __lib_sel_fp_printf                      0x08000b6d   Thumb Code     2  _printf_fp_dec.o(.text)
    _printf_fp_dec_real                      0x08000d1f   Thumb Code   620  _printf_fp_dec.o(.text)
    _printf_fp_hex_real                      0x08000f8d   Thumb Code   756  _printf_fp_hex.o(.text)
    _printf_cs_common                        0x08001289   Thumb Code    20  _printf_char.o(.text)
    _printf_char                             0x0800129d   Thumb Code    16  _printf_char.o(.text)
    _printf_string                           0x080012ad   Thumb Code     8  _printf_char.o(.text)
    _printf_lcs_common                       0x080012b5   Thumb Code    20  _printf_wchar.o(.text)
    _printf_wchar                            0x080012c9   Thumb Code    16  _printf_wchar.o(.text)
    _printf_wstring                          0x080012d9   Thumb Code     8  _printf_wchar.o(.text)
    _wcrtomb                                 0x080012e1   Thumb Code    64  _wcrtomb.o(.text)
    __user_setup_stackheap                   0x08001321   Thumb Code    74  sys_stackheap_outer.o(.text)
    __rt_ctype_table                         0x0800136d   Thumb Code    16  rt_ctype_table.o(.text)
    __rt_locale                              0x0800137d   Thumb Code     8  rt_locale_intlibspace.o(.text)
    _printf_fp_infnan                        0x08001385   Thumb Code   112  _printf_fp_infnan.o(.text)
    _btod_etento                             0x08001405   Thumb Code   224  bigflt0.o(.text)
    exit                                     0x080014e9   Thumb Code    18  exit.o(.text)
    __user_libspace                          0x080014fd   Thumb Code     8  libspace.o(.text)
    __user_perproc_libspace                  0x080014fd   Thumb Code     0  libspace.o(.text)
    __user_perthread_libspace                0x080014fd   Thumb Code     0  libspace.o(.text)
    strcmp                                   0x08001505   Thumb Code   128  strcmpv7m.o(.text)
    _sys_exit                                0x08001585   Thumb Code     8  sys_exit.o(.text)
    __I$use$semihosting                      0x08001591   Thumb Code     0  use_no_semi.o(.text)
    __use_no_semihosting_swi                 0x08001591   Thumb Code     2  use_no_semi.o(.text)
    __semihosting_library_function           0x08001593   Thumb Code     0  indicate_semi.o(.text)
    _btod_d2e                                0x08001593   Thumb Code    62  btod.o(CL$$btod_d2e)
    _d2e_denorm_low                          0x080015d1   Thumb Code    70  btod.o(CL$$btod_d2e_denorm_low)
    _d2e_norm_op1                            0x08001617   Thumb Code    96  btod.o(CL$$btod_d2e_norm_op1)
    __btod_div_common                        0x08001677   Thumb Code   696  btod.o(CL$$btod_div_common)
    _e2e                                     0x080019af   Thumb Code   220  btod.o(CL$$btod_e2e)
    _btod_ediv                               0x08001a8b   Thumb Code    42  btod.o(CL$$btod_ediv)
    _btod_emul                               0x08001ab5   Thumb Code    42  btod.o(CL$$btod_emul)
    __btod_mult_common                       0x08001adf   Thumb Code   580  btod.o(CL$$btod_mult_common)
    BL_Print_Message                         0x08001d25   Thumb Code    44  bootloader.o(i.BL_Print_Message)
    BL_UART_Fetch_Host_Command               0x08001d55   Thumb Code   216  bootloader.o(i.BL_UART_Fetch_Host_Command)
    BusFault_Handler                         0x08002421   Thumb Code     2  stm32f4xx_it.o(i.BusFault_Handler)
    DebugMon_Handler                         0x08002423   Thumb Code     2  stm32f4xx_it.o(i.DebugMon_Handler)
    Error_Handler                            0x08002425   Thumb Code     4  main.o(i.Error_Handler)
    HAL_CRC_Accumulate                       0x08002429   Thumb Code    38  stm32f4xx_hal_crc.o(i.HAL_CRC_Accumulate)
    HAL_CRC_Init                             0x0800244f   Thumb Code    34  stm32f4xx_hal_crc.o(i.HAL_CRC_Init)
    HAL_CRC_MspInit                          0x08002471   Thumb Code    30  crc.o(i.HAL_CRC_MspInit)
    HAL_GPIO_Init                            0x08002499   Thumb Code   446  stm32f4xx_hal_gpio.o(i.HAL_GPIO_Init)
    HAL_GetTick                              0x08002679   Thumb Code     6  stm32f4xx_hal.o(i.HAL_GetTick)
    HAL_IncTick                              0x08002685   Thumb Code    12  stm32f4xx_hal.o(i.HAL_IncTick)
    HAL_Init                                 0x08002695   Thumb Code    48  stm32f4xx_hal.o(i.HAL_Init)
    HAL_InitTick                             0x080026c9   Thumb Code    54  stm32f4xx_hal.o(i.HAL_InitTick)
    HAL_MspInit                              0x08002709   Thumb Code    42  stm32f4xx_hal_msp.o(i.HAL_MspInit)
    HAL_NVIC_SetPriority                     0x08002739   Thumb Code    60  stm32f4xx_hal_cortex.o(i.HAL_NVIC_SetPriority)
    HAL_NVIC_SetPriorityGrouping             0x08002779   Thumb Code    26  stm32f4xx_hal_cortex.o(i.HAL_NVIC_SetPriorityGrouping)
    HAL_RCC_ClockConfig                      0x0800279d   Thumb Code   288  stm32f4xx_hal_rcc.o(i.HAL_RCC_ClockConfig)
    HAL_RCC_DeInit                           0x080028d1   Thumb Code   284  stm32f4xx_hal_rcc_ex.o(i.HAL_RCC_DeInit)
    HAL_RCC_GetPCLK1Freq                     0x08002a05   Thumb Code    20  stm32f4xx_hal_rcc.o(i.HAL_RCC_GetPCLK1Freq)
    HAL_RCC_GetPCLK2Freq                     0x08002a25   Thumb Code    20  stm32f4xx_hal_rcc.o(i.HAL_RCC_GetPCLK2Freq)
    HAL_RCC_GetSysClockFreq                  0x08002a45   Thumb Code    88  stm32f4xx_hal_rcc.o(i.HAL_RCC_GetSysClockFreq)
    HAL_RCC_OscConfig                        0x08002aa9   Thumb Code   856  stm32f4xx_hal_rcc.o(i.HAL_RCC_OscConfig)
    HAL_SYSTICK_Config                       0x08002e15   Thumb Code    40  stm32f4xx_hal_cortex.o(i.HAL_SYSTICK_Config)
    HAL_UART_Init                            0x08002e3d   Thumb Code    98  stm32f4xx_hal_uart.o(i.HAL_UART_Init)
    HAL_UART_MspInit                         0x08002ea1   Thumb Code   138  usart.o(i.HAL_UART_MspInit)
    HAL_UART_Receive                         0x08002f3d   Thumb Code   192  stm32f4xx_hal_uart.o(i.HAL_UART_Receive)
    HAL_UART_Transmit                        0x08002ffd   Thumb Code   178  stm32f4xx_hal_uart.o(i.HAL_UART_Transmit)
    HardFault_Handler                        0x080030af   Thumb Code     2  stm32f4xx_it.o(i.HardFault_Handler)
    MX_CRC_Init                              0x080030b1   Thumb Code    28  crc.o(i.MX_CRC_Init)
    MX_GPIO_Init                             0x080030d5   Thumb Code    22  gpio.o(i.MX_GPIO_Init)
    MX_USART1_UART_Init                      0x080030f1   Thumb Code    48  usart.o(i.MX_USART1_UART_Init)
    MX_USART2_UART_Init                      0x08003129   Thumb Code    48  usart.o(i.MX_USART2_UART_Init)
    MemManage_Handler                        0x08003161   Thumb Code     2  stm32f4xx_it.o(i.MemManage_Handler)
    NMI_Handler                              0x08003163   Thumb Code     2  stm32f4xx_it.o(i.NMI_Handler)
    PendSV_Handler                           0x08003165   Thumb Code     2  stm32f4xx_it.o(i.PendSV_Handler)
    SVC_Handler                              0x08003167   Thumb Code     2  stm32f4xx_it.o(i.SVC_Handler)
    SysTick_Handler                          0x08003169   Thumb Code     4  stm32f4xx_it.o(i.SysTick_Handler)
    SystemClock_Config                       0x0800316d   Thumb Code   120  main.o(i.SystemClock_Config)
    SystemInit                               0x080031ed   Thumb Code    12  system_stm32f4xx.o(i.SystemInit)
    UsageFault_Handler                       0x08003381   Thumb Code     2  stm32f4xx_it.o(i.UsageFault_Handler)
    __ARM_fpclassify                         0x08003383   Thumb Code    48  fpclassify.o(i.__ARM_fpclassify)
    _is_digit                                0x080033d3   Thumb Code    14  __printf_wp.o(i._is_digit)
    main                                     0x080033e1   Thumb Code    38  main.o(i.main)
    _get_lc_numeric                          0x08003421   Thumb Code    44  lc_numeric_c.o(locale$$code)
    _get_lc_ctype                            0x0800344d   Thumb Code    44  lc_ctype_c.o(locale$$code)
    _fp_init                                 0x08003479   Thumb Code    10  fpinit.o(x$fpl$fpinit)
    __fplib_config_fpu_vfp                   0x08003481   Thumb Code     0  fpinit.o(x$fpl$fpinit)
    __fplib_config_pureend_doubles           0x08003481   Thumb Code     0  fpinit.o(x$fpl$fpinit)
    _printf_fp_dec                           0x08003483   Thumb Code     4  printf1.o(x$fpl$printf1)
    _printf_fp_hex                           0x08003487   Thumb Code     4  printf2.o(x$fpl$printf2)
    AHBPrescTable                            0x0800348a   Data          16  system_stm32f4xx.o(.constdata)
    __I$use$fp                               0x0800348a   Number         0  usenofp.o(x$fpl$usenofp)
    APBPrescTable                            0x0800349a   Data           8  system_stm32f4xx.o(.constdata)
    Region$$Table$$Base                      0x0800362c   Number         0  anon$$obj.o(Region$$Table)
    Region$$Table$$Limit                     0x0800364c   Number         0  anon$$obj.o(Region$$Table)
    __ctype                                  0x08003675   Data           0  lc_ctype_c.o(locale$$data)
    hcrc                                     0x20000000   Data           8  crc.o(.data)
    uwTickFreq                               0x20000008   Data           1  stm32f4xx_hal.o(.data)
    uwTickPrio                               0x2000000c   Data           4  stm32f4xx_hal.o(.data)
    uwTick                                   0x20000010   Data           4  stm32f4xx_hal.o(.data)
    SystemCoreClock                          0x20000014   Data           4  system_stm32f4xx.o(.data)
    huart1                                   0x20000024   Data          68  usart.o(.bss)
    huart2                                   0x20000068   Data          68  usart.o(.bss)
    __libspace_start                         0x20000174   Data          96  libspace.o(.bss)
    __temporary_stack_top$libspace           0x200001d4   Data           0  libspace.o(.bss)



==============================================================================

Memory Map of the image

  Image Entry point : 0x08000195

  Load Region LR_IROM1 (Base: 0x08000000, Size: 0x0000379c, Max: 0x00040000, ABSOLUTE)

    Execution Region ER_IROM1 (Exec base: 0x08000000, Load base: 0x08000000, Size: 0x00003778, Max: 0x00040000, ABSOLUTE)

    Exec Addr    Load Addr    Size         Type   Attr      Idx    E Section Name        Object

    0x08000000   0x08000000   0x00000194   Data   RO            3    RESET               startup_stm32f401xc.o
    0x08000194   0x08000194   0x00000008   Code   RO         2157  * !!!main             c_w.l(__main.o)
    0x0800019c   0x0800019c   0x00000034   Code   RO         2490    !!!scatter          c_w.l(__scatter.o)
    0x080001d0   0x080001d0   0x0000001a   Code   RO         2492    !!handler_copy      c_w.l(__scatter_copy.o)
    0x080001ea   0x080001ea   0x00000002   PAD
    0x080001ec   0x080001ec   0x0000001c   Code   RO         2494    !!handler_zi        c_w.l(__scatter_zi.o)
    0x08000208   0x08000208   0x00000000   Code   RO         2245    .ARM.Collect$$_printf_percent$$00000000  c_w.l(_printf_percent.o)
    0x08000208   0x08000208   0x00000006   Code   RO         2234    .ARM.Collect$$_printf_percent$$00000001  c_w.l(_printf_n.o)
    0x0800020e   0x0800020e   0x00000006   Code   RO         2236    .ARM.Collect$$_printf_percent$$00000002  c_w.l(_printf_p.o)
    0x08000214   0x08000214   0x00000006   Code   RO         2241    .ARM.Collect$$_printf_percent$$00000003  c_w.l(_printf_f.o)
    0x0800021a   0x0800021a   0x00000006   Code   RO         2242    .ARM.Collect$$_printf_percent$$00000004  c_w.l(_printf_e.o)
    0x08000220   0x08000220   0x00000006   Code   RO         2243    .ARM.Collect$$_printf_percent$$00000005  c_w.l(_printf_g.o)
    0x08000226   0x08000226   0x00000006   Code   RO         2244    .ARM.Collect$$_printf_percent$$00000006  c_w.l(_printf_a.o)
    0x0800022c   0x0800022c   0x0000000a   Code   RO         2249    .ARM.Collect$$_printf_percent$$00000007  c_w.l(_printf_ll.o)
    0x08000236   0x08000236   0x00000006   Code   RO         2238    .ARM.Collect$$_printf_percent$$00000008  c_w.l(_printf_i.o)
    0x0800023c   0x0800023c   0x00000006   Code   RO         2239    .ARM.Collect$$_printf_percent$$00000009  c_w.l(_printf_d.o)
    0x08000242   0x08000242   0x00000006   Code   RO         2240    .ARM.Collect$$_printf_percent$$0000000A  c_w.l(_printf_u.o)
    0x08000248   0x08000248   0x00000006   Code   RO         2237    .ARM.Collect$$_printf_percent$$0000000B  c_w.l(_printf_o.o)
    0x0800024e   0x0800024e   0x00000006   Code   RO         2235    .ARM.Collect$$_printf_percent$$0000000C  c_w.l(_printf_x.o)
    0x08000254   0x08000254   0x00000006   Code   RO         2246    .ARM.Collect$$_printf_percent$$0000000D  c_w.l(_printf_lli.o)
    0x0800025a   0x0800025a   0x00000006   Code   RO         2247    .ARM.Collect$$_printf_percent$$0000000E  c_w.l(_printf_lld.o)
    0x08000260   0x08000260   0x00000006   Code   RO         2248    .ARM.Collect$$_printf_percent$$0000000F  c_w.l(_printf_llu.o)
    0x08000266   0x08000266   0x00000006   Code   RO         2253    .ARM.Collect$$_printf_percent$$00000010  c_w.l(_printf_llo.o)
    0x0800026c   0x0800026c   0x00000006   Code   RO         2254    .ARM.Collect$$_printf_percent$$00000011  c_w.l(_printf_llx.o)
    0x08000272   0x08000272   0x0000000a   Code   RO         2250    .ARM.Collect$$_printf_percent$$00000012  c_w.l(_printf_l.o)
    0x0800027c   0x0800027c   0x00000006   Code   RO         2232    .ARM.Collect$$_printf_percent$$00000013  c_w.l(_printf_c.o)
    0x08000282   0x08000282   0x00000006   Code   RO         2233    .ARM.Collect$$_printf_percent$$00000014  c_w.l(_printf_s.o)
    0x08000288   0x08000288   0x00000006   Code   RO         2251    .ARM.Collect$$_printf_percent$$00000015  c_w.l(_printf_lc.o)
    0x0800028e   0x0800028e   0x00000006   Code   RO         2252    .ARM.Collect$$_printf_percent$$00000016  c_w.l(_printf_ls.o)
    0x08000294   0x08000294   0x00000004   Code   RO         2295    .ARM.Collect$$_printf_percent$$00000017  c_w.l(_printf_percent_end.o)
    0x08000298   0x08000298   0x00000002   Code   RO         2348    .ARM.Collect$$libinit$$00000000  c_w.l(libinit.o)
    0x0800029a   0x0800029a   0x00000004   Code   RO         2370    .ARM.Collect$$libinit$$00000001  c_w.l(libinit2.o)
    0x0800029e   0x0800029e   0x00000000   Code   RO         2373    .ARM.Collect$$libinit$$00000004  c_w.l(libinit2.o)
    0x0800029e   0x0800029e   0x00000000   Code   RO         2376    .ARM.Collect$$libinit$$0000000A  c_w.l(libinit2.o)
    0x0800029e   0x0800029e   0x00000000   Code   RO         2378    .ARM.Collect$$libinit$$0000000C  c_w.l(libinit2.o)
    0x0800029e   0x0800029e   0x00000000   Code   RO         2380    .ARM.Collect$$libinit$$0000000E  c_w.l(libinit2.o)
    0x0800029e   0x0800029e   0x00000006   Code   RO         2381    .ARM.Collect$$libinit$$0000000F  c_w.l(libinit2.o)
    0x080002a4   0x080002a4   0x00000000   Code   RO         2383    .ARM.Collect$$libinit$$00000011  c_w.l(libinit2.o)
    0x080002a4   0x080002a4   0x0000000c   Code   RO         2384    .ARM.Collect$$libinit$$00000012  c_w.l(libinit2.o)
    0x080002b0   0x080002b0   0x00000000   Code   RO         2385    .ARM.Collect$$libinit$$00000013  c_w.l(libinit2.o)
    0x080002b0   0x080002b0   0x00000000   Code   RO         2387    .ARM.Collect$$libinit$$00000015  c_w.l(libinit2.o)
    0x080002b0   0x080002b0   0x0000000a   Code   RO         2388    .ARM.Collect$$libinit$$00000016  c_w.l(libinit2.o)
    0x080002ba   0x080002ba   0x00000000   Code   RO         2389    .ARM.Collect$$libinit$$00000017  c_w.l(libinit2.o)
    0x080002ba   0x080002ba   0x00000000   Code   RO         2391    .ARM.Collect$$libinit$$00000019  c_w.l(libinit2.o)
    0x080002ba   0x080002ba   0x00000000   Code   RO         2393    .ARM.Collect$$libinit$$0000001B  c_w.l(libinit2.o)
    0x080002ba   0x080002ba   0x00000000   Code   RO         2395    .ARM.Collect$$libinit$$0000001D  c_w.l(libinit2.o)
    0x080002ba   0x080002ba   0x00000000   Code   RO         2397    .ARM.Collect$$libinit$$0000001F  c_w.l(libinit2.o)
    0x080002ba   0x080002ba   0x00000000   Code   RO         2399    .ARM.Collect$$libinit$$00000021  c_w.l(libinit2.o)
    0x080002ba   0x080002ba   0x00000000   Code   RO         2401    .ARM.Collect$$libinit$$00000023  c_w.l(libinit2.o)
    0x080002ba   0x080002ba   0x00000000   Code   RO         2403    .ARM.Collect$$libinit$$00000025  c_w.l(libinit2.o)
    0x080002ba   0x080002ba   0x00000000   Code   RO         2407    .ARM.Collect$$libinit$$0000002C  c_w.l(libinit2.o)
    0x080002ba   0x080002ba   0x00000000   Code   RO         2409    .ARM.Collect$$libinit$$0000002E  c_w.l(libinit2.o)
    0x080002ba   0x080002ba   0x00000000   Code   RO         2411    .ARM.Collect$$libinit$$00000030  c_w.l(libinit2.o)
    0x080002ba   0x080002ba   0x00000000   Code   RO         2413    .ARM.Collect$$libinit$$00000032  c_w.l(libinit2.o)
    0x080002ba   0x080002ba   0x00000002   Code   RO         2414    .ARM.Collect$$libinit$$00000033  c_w.l(libinit2.o)
    0x080002bc   0x080002bc   0x00000002   Code   RO         2445    .ARM.Collect$$libshutdown$$00000000  c_w.l(libshutdown.o)
    0x080002be   0x080002be   0x00000000   Code   RO         2471    .ARM.Collect$$libshutdown$$00000002  c_w.l(libshutdown2.o)
    0x080002be   0x080002be   0x00000000   Code   RO         2473    .ARM.Collect$$libshutdown$$00000004  c_w.l(libshutdown2.o)
    0x080002be   0x080002be   0x00000000   Code   RO         2475    .ARM.Collect$$libshutdown$$00000006  c_w.l(libshutdown2.o)
    0x080002be   0x080002be   0x00000000   Code   RO         2478    .ARM.Collect$$libshutdown$$00000009  c_w.l(libshutdown2.o)
    0x080002be   0x080002be   0x00000000   Code   RO         2481    .ARM.Collect$$libshutdown$$0000000C  c_w.l(libshutdown2.o)
    0x080002be   0x080002be   0x00000000   Code   RO         2483    .ARM.Collect$$libshutdown$$0000000E  c_w.l(libshutdown2.o)
    0x080002be   0x080002be   0x00000000   Code   RO         2486    .ARM.Collect$$libshutdown$$00000011  c_w.l(libshutdown2.o)
    0x080002be   0x080002be   0x00000002   Code   RO         2487    .ARM.Collect$$libshutdown$$00000012  c_w.l(libshutdown2.o)
    0x080002c0   0x080002c0   0x00000000   Code   RO         2159    .ARM.Collect$$rtentry$$00000000  c_w.l(__rtentry.o)
    0x080002c0   0x080002c0   0x00000000   Code   RO         2264    .ARM.Collect$$rtentry$$00000002  c_w.l(__rtentry2.o)
    0x080002c0   0x080002c0   0x00000006   Code   RO         2276    .ARM.Collect$$rtentry$$00000004  c_w.l(__rtentry4.o)
    0x080002c6   0x080002c6   0x00000000   Code   RO         2266    .ARM.Collect$$rtentry$$00000009  c_w.l(__rtentry2.o)
    0x080002c6   0x080002c6   0x00000004   Code   RO         2267    .ARM.Collect$$rtentry$$0000000A  c_w.l(__rtentry2.o)
    0x080002ca   0x080002ca   0x00000000   Code   RO         2269    .ARM.Collect$$rtentry$$0000000C  c_w.l(__rtentry2.o)
    0x080002ca   0x080002ca   0x00000008   Code   RO         2270    .ARM.Collect$$rtentry$$0000000D  c_w.l(__rtentry2.o)
    0x080002d2   0x080002d2   0x00000002   Code   RO         2357    .ARM.Collect$$rtexit$$00000000  c_w.l(rtexit.o)
    0x080002d4   0x080002d4   0x00000000   Code   RO         2418    .ARM.Collect$$rtexit$$00000002  c_w.l(rtexit2.o)
    0x080002d4   0x080002d4   0x00000004   Code   RO         2419    .ARM.Collect$$rtexit$$00000003  c_w.l(rtexit2.o)
    0x080002d8   0x080002d8   0x00000006   Code   RO         2420    .ARM.Collect$$rtexit$$00000004  c_w.l(rtexit2.o)
    0x080002de   0x080002de   0x00000002   PAD
    0x080002e0   0x080002e0   0x00000040   Code   RO            4    .text               startup_stm32f401xc.o
    0x08000320   0x08000320   0x000000ee   Code   RO         2147    .text               c_w.l(lludivv7m.o)
    0x0800040e   0x0800040e   0x00000002   PAD
    0x08000410   0x08000410   0x00000024   Code   RO         2149    .text               c_w.l(vsprintf.o)
    0x08000434   0x08000434   0x00000044   Code   RO         2151    .text               c_w.l(rt_memclr.o)
    0x08000478   0x08000478   0x0000004e   Code   RO         2153    .text               c_w.l(rt_memclr_w.o)
    0x080004c6   0x080004c6   0x00000006   Code   RO         2155    .text               c_w.l(heapauxi.o)
    0x080004cc   0x080004cc   0x0000004e   Code   RO         2166    .text               c_w.l(_printf_pad.o)
    0x0800051a   0x0800051a   0x00000024   Code   RO         2168    .text               c_w.l(_printf_truncate.o)
    0x0800053e   0x0800053e   0x00000052   Code   RO         2170    .text               c_w.l(_printf_str.o)
    0x08000590   0x08000590   0x00000078   Code   RO         2172    .text               c_w.l(_printf_dec.o)
    0x08000608   0x08000608   0x00000028   Code   RO         2174    .text               c_w.l(_printf_charcount.o)
    0x08000630   0x08000630   0x00000030   Code   RO         2176    .text               c_w.l(_printf_char_common.o)
    0x08000660   0x08000660   0x0000000a   Code   RO         2178    .text               c_w.l(_sputc.o)
    0x0800066a   0x0800066a   0x00000002   PAD
    0x0800066c   0x0800066c   0x000000bc   Code   RO         2180    .text               c_w.l(_printf_wctomb.o)
    0x08000728   0x08000728   0x0000007c   Code   RO         2183    .text               c_w.l(_printf_longlong_dec.o)
    0x080007a4   0x080007a4   0x00000070   Code   RO         2189    .text               c_w.l(_printf_oct_int_ll.o)
    0x08000814   0x08000814   0x00000094   Code   RO         2209    .text               c_w.l(_printf_hex_int_ll_ptr.o)
    0x080008a8   0x080008a8   0x00000188   Code   RO         2229    .text               c_w.l(__printf_flags_ss_wp.o)
    0x08000a30   0x08000a30   0x0000008a   Code   RO         2280    .text               c_w.l(lludiv10.o)
    0x08000aba   0x08000aba   0x000000b2   Code   RO         2282    .text               c_w.l(_printf_intcommon.o)
    0x08000b6c   0x08000b6c   0x0000041e   Code   RO         2284    .text               c_w.l(_printf_fp_dec.o)
    0x08000f8a   0x08000f8a   0x00000002   PAD
    0x08000f8c   0x08000f8c   0x000002fc   Code   RO         2286    .text               c_w.l(_printf_fp_hex.o)
    0x08001288   0x08001288   0x0000002c   Code   RO         2291    .text               c_w.l(_printf_char.o)
    0x080012b4   0x080012b4   0x0000002c   Code   RO         2293    .text               c_w.l(_printf_wchar.o)
    0x080012e0   0x080012e0   0x00000040   Code   RO         2296    .text               c_w.l(_wcrtomb.o)
    0x08001320   0x08001320   0x0000004a   Code   RO         2298    .text               c_w.l(sys_stackheap_outer.o)
    0x0800136a   0x0800136a   0x00000002   PAD
    0x0800136c   0x0800136c   0x00000010   Code   RO         2300    .text               c_w.l(rt_ctype_table.o)
    0x0800137c   0x0800137c   0x00000008   Code   RO         2305    .text               c_w.l(rt_locale_intlibspace.o)
    0x08001384   0x08001384   0x00000080   Code   RO         2307    .text               c_w.l(_printf_fp_infnan.o)
    0x08001404   0x08001404   0x000000e4   Code   RO         2309    .text               c_w.l(bigflt0.o)
    0x080014e8   0x080014e8   0x00000012   Code   RO         2337    .text               c_w.l(exit.o)
    0x080014fa   0x080014fa   0x00000002   PAD
    0x080014fc   0x080014fc   0x00000008   Code   RO         2354    .text               c_w.l(libspace.o)
    0x08001504   0x08001504   0x00000080   Code   RO         2368    .text               c_w.l(strcmpv7m.o)
    0x08001584   0x08001584   0x0000000c   Code   RO         2415    .text               c_w.l(sys_exit.o)
    0x08001590   0x08001590   0x00000002   Code   RO         2434    .text               c_w.l(use_no_semi.o)
    0x08001592   0x08001592   0x00000000   Code   RO         2436    .text               c_w.l(indicate_semi.o)
    0x08001592   0x08001592   0x0000003e   Code   RO         2312    CL$$btod_d2e        c_w.l(btod.o)
    0x080015d0   0x080015d0   0x00000046   Code   RO         2314    CL$$btod_d2e_denorm_low  c_w.l(btod.o)
    0x08001616   0x08001616   0x00000060   Code   RO         2313    CL$$btod_d2e_norm_op1  c_w.l(btod.o)
    0x08001676   0x08001676   0x00000338   Code   RO         2322    CL$$btod_div_common  c_w.l(btod.o)
    0x080019ae   0x080019ae   0x000000dc   Code   RO         2319    CL$$btod_e2e        c_w.l(btod.o)
    0x08001a8a   0x08001a8a   0x0000002a   Code   RO         2316    CL$$btod_ediv       c_w.l(btod.o)
    0x08001ab4   0x08001ab4   0x0000002a   Code   RO         2315    CL$$btod_emul       c_w.l(btod.o)
    0x08001ade   0x08001ade   0x00000244   Code   RO         2321    CL$$btod_mult_common  c_w.l(btod.o)
    0x08001d22   0x08001d22   0x00000002   PAD
    0x08001d24   0x08001d24   0x00000030   Code   RO         2055    i.BL_Print_Message  bootloader.o
    0x08001d54   0x08001d54   0x00000364   Code   RO         2056    i.BL_UART_Fetch_Host_Command  bootloader.o
    0x080020b8   0x080020b8   0x00000044   Code   RO         2057    i.Bootloader_CRC_Verify  bootloader.o
    0x080020fc   0x080020fc   0x00000114   Code   RO         2058    i.Bootloader_Get_Chip_Identification_Number  bootloader.o
    0x08002210   0x08002210   0x000000cc   Code   RO         2059    i.Bootloader_Get_Help  bootloader.o
    0x080022dc   0x080022dc   0x000000d4   Code   RO         2060    i.Bootloader_Get_Version  bootloader.o
    0x080023b0   0x080023b0   0x0000001c   Code   RO         2061    i.Bootloader_Jump_To_Address  bootloader.o
    0x080023cc   0x080023cc   0x00000024   Code   RO         2062    i.Bootloader_Send_ACK  bootloader.o
    0x080023f0   0x080023f0   0x00000014   Code   RO         2063    i.Bootloader_Send_Data_To_Host  bootloader.o
    0x08002404   0x08002404   0x0000001c   Code   RO         2064    i.Bootloader_Send_NACK  bootloader.o
    0x08002420   0x08002420   0x00000002   Code   RO          285    i.BusFault_Handler  stm32f4xx_it.o
    0x08002422   0x08002422   0x00000002   Code   RO          286    i.DebugMon_Handler  stm32f4xx_it.o
    0x08002424   0x08002424   0x00000004   Code   RO           13    i.Error_Handler     main.o
    0x08002428   0x08002428   0x00000026   Code   RO          384    i.HAL_CRC_Accumulate  stm32f4xx_hal_crc.o
    0x0800244e   0x0800244e   0x00000022   Code   RO          388    i.HAL_CRC_Init      stm32f4xx_hal_crc.o
    0x08002470   0x08002470   0x00000028   Code   RO          196    i.HAL_CRC_MspInit   crc.o
    0x08002498   0x08002498   0x000001e0   Code   RO          823    i.HAL_GPIO_Init     stm32f4xx_hal_gpio.o
    0x08002678   0x08002678   0x0000000c   Code   RO         1379    i.HAL_GetTick       stm32f4xx_hal.o
    0x08002684   0x08002684   0x00000010   Code   RO         1385    i.HAL_IncTick       stm32f4xx_hal.o
    0x08002694   0x08002694   0x00000034   Code   RO         1386    i.HAL_Init          stm32f4xx_hal.o
    0x080026c8   0x080026c8   0x00000040   Code   RO         1387    i.HAL_InitTick      stm32f4xx_hal.o
    0x08002708   0x08002708   0x00000030   Code   RO          360    i.HAL_MspInit       stm32f4xx_hal_msp.o
    0x08002738   0x08002738   0x00000040   Code   RO         1242    i.HAL_NVIC_SetPriority  stm32f4xx_hal_cortex.o
    0x08002778   0x08002778   0x00000024   Code   RO         1243    i.HAL_NVIC_SetPriorityGrouping  stm32f4xx_hal_cortex.o
    0x0800279c   0x0800279c   0x00000134   Code   RO          445    i.HAL_RCC_ClockConfig  stm32f4xx_hal_rcc.o
    0x080028d0   0x080028d0   0x00000134   Code   RO          551    i.HAL_RCC_DeInit    stm32f4xx_hal_rcc_ex.o
    0x08002a04   0x08002a04   0x00000020   Code   RO          452    i.HAL_RCC_GetPCLK1Freq  stm32f4xx_hal_rcc.o
    0x08002a24   0x08002a24   0x00000020   Code   RO          453    i.HAL_RCC_GetPCLK2Freq  stm32f4xx_hal_rcc.o
    0x08002a44   0x08002a44   0x00000064   Code   RO          454    i.HAL_RCC_GetSysClockFreq  stm32f4xx_hal_rcc.o
    0x08002aa8   0x08002aa8   0x0000036c   Code   RO          457    i.HAL_RCC_OscConfig  stm32f4xx_hal_rcc.o
    0x08002e14   0x08002e14   0x00000028   Code   RO         1247    i.HAL_SYSTICK_Config  stm32f4xx_hal_cortex.o
    0x08002e3c   0x08002e3c   0x00000062   Code   RO         1689    i.HAL_UART_Init     stm32f4xx_hal_uart.o
    0x08002e9e   0x08002e9e   0x00000002   PAD
    0x08002ea0   0x08002ea0   0x0000009c   Code   RO          238    i.HAL_UART_MspInit  usart.o
    0x08002f3c   0x08002f3c   0x000000c0   Code   RO         1692    i.HAL_UART_Receive  stm32f4xx_hal_uart.o
    0x08002ffc   0x08002ffc   0x000000b2   Code   RO         1697    i.HAL_UART_Transmit  stm32f4xx_hal_uart.o
    0x080030ae   0x080030ae   0x00000002   Code   RO          287    i.HardFault_Handler  stm32f4xx_it.o
    0x080030b0   0x080030b0   0x00000024   Code   RO          197    i.MX_CRC_Init       crc.o
    0x080030d4   0x080030d4   0x0000001c   Code   RO          171    i.MX_GPIO_Init      gpio.o
    0x080030f0   0x080030f0   0x00000038   Code   RO          239    i.MX_USART1_UART_Init  usart.o
    0x08003128   0x08003128   0x00000038   Code   RO          240    i.MX_USART2_UART_Init  usart.o
    0x08003160   0x08003160   0x00000002   Code   RO          288    i.MemManage_Handler  stm32f4xx_it.o
    0x08003162   0x08003162   0x00000002   Code   RO          289    i.NMI_Handler       stm32f4xx_it.o
    0x08003164   0x08003164   0x00000002   Code   RO          290    i.PendSV_Handler    stm32f4xx_it.o
    0x08003166   0x08003166   0x00000002   Code   RO          291    i.SVC_Handler       stm32f4xx_it.o
    0x08003168   0x08003168   0x00000004   Code   RO          292    i.SysTick_Handler   stm32f4xx_it.o
    0x0800316c   0x0800316c   0x00000080   Code   RO           14    i.SystemClock_Config  main.o
    0x080031ec   0x080031ec   0x00000010   Code   RO         2018    i.SystemInit        system_stm32f4xx.o
    0x080031fc   0x080031fc   0x0000010c   Code   RO         1715    i.UART_SetConfig    stm32f4xx_hal_uart.o
    0x08003308   0x08003308   0x00000078   Code   RO         1718    i.UART_WaitOnFlagUntilTimeout  stm32f4xx_hal_uart.o
    0x08003380   0x08003380   0x00000002   Code   RO          293    i.UsageFault_Handler  stm32f4xx_it.o
    0x08003382   0x08003382   0x00000030   Code   RO         2352    i.__ARM_fpclassify  m_wm.l(fpclassify.o)
    0x080033b2   0x080033b2   0x00000020   Code   RO         1249    i.__NVIC_SetPriority  stm32f4xx_hal_cortex.o
    0x080033d2   0x080033d2   0x0000000e   Code   RO         2222    i._is_digit         c_w.l(__printf_wp.o)
    0x080033e0   0x080033e0   0x00000040   Code   RO           15    i.main              main.o
    0x08003420   0x08003420   0x0000002c   Code   RO         2335    locale$$code        c_w.l(lc_numeric_c.o)
    0x0800344c   0x0800344c   0x0000002c   Code   RO         2362    locale$$code        c_w.l(lc_ctype_c.o)
    0x08003478   0x08003478   0x0000000a   Code   RO         2430    x$fpl$fpinit        fz_wm.l(fpinit.o)
    0x08003482   0x08003482   0x00000004   Code   RO         2255    x$fpl$printf1       fz_wm.l(printf1.o)
    0x08003486   0x08003486   0x00000004   Code   RO         2257    x$fpl$printf2       fz_wm.l(printf2.o)
    0x0800348a   0x0800348a   0x00000000   Code   RO         2351    x$fpl$usenofp       fz_wm.l(usenofp.o)
    0x0800348a   0x0800348a   0x00000010   Data   RO         2019    .constdata          system_stm32f4xx.o
    0x0800349a   0x0800349a   0x00000008   Data   RO         2020    .constdata          system_stm32f4xx.o
    0x080034a2   0x080034a2   0x00000002   PAD
    0x080034a4   0x080034a4   0x00000008   Data   RO         2181    .constdata          c_w.l(_printf_wctomb.o)
    0x080034ac   0x080034ac   0x00000028   Data   RO         2210    .constdata          c_w.l(_printf_hex_int_ll_ptr.o)
    0x080034d4   0x080034d4   0x00000011   Data   RO         2230    .constdata          c_w.l(__printf_flags_ss_wp.o)
    0x080034e5   0x080034e5   0x00000026   Data   RO         2287    .constdata          c_w.l(_printf_fp_hex.o)
    0x0800350b   0x0800350b   0x00000001   PAD
    0x0800350c   0x0800350c   0x00000094   Data   RO         2310    .constdata          c_w.l(bigflt0.o)
    0x080035a0   0x080035a0   0x00000089   Data   RO         2066    .conststring        bootloader.o
    0x08003629   0x08003629   0x00000003   PAD
    0x0800362c   0x0800362c   0x00000020   Data   RO         2488    Region$$Table       anon$$obj.o
    0x0800364c   0x0800364c   0x0000001c   Data   RO         2334    locale$$data        c_w.l(lc_numeric_c.o)
    0x08003668   0x08003668   0x00000110   Data   RO         2361    locale$$data        c_w.l(lc_ctype_c.o)


    Execution Region RW_IRAM1 (Exec base: 0x20000000, Load base: 0x08003778, Size: 0x000007d8, Max: 0x00010000, ABSOLUTE)

    Exec Addr    Load Addr    Size         Type   Attr      Idx    E Section Name        Object

    0x20000000   0x08003778   0x00000008   Data   RW          198    .data               crc.o
    0x20000008   0x08003780   0x0000000c   Data   RW         1393    .data               stm32f4xx_hal.o
    0x20000014   0x0800378c   0x00000004   Data   RW         2021    .data               system_stm32f4xx.o
    0x20000018   0x08003790   0x0000000c   Data   RW         2067    .data               bootloader.o
    0x20000024        -       0x00000088   Zero   RW          241    .bss                usart.o
    0x200000ac        -       0x000000c8   Zero   RW         2065    .bss                bootloader.o
    0x20000174        -       0x00000060   Zero   RW         2355    .bss                c_w.l(libspace.o)
    0x200001d4   0x0800379c   0x00000004   PAD
    0x200001d8        -       0x00000200   Zero   RW            2    HEAP                startup_stm32f401xc.o
    0x200003d8        -       0x00000400   Zero   RW            1    STACK               startup_stm32f401xc.o


==============================================================================

Image component sizes


      Code (inc. data)   RO Data    RW Data    ZI Data      Debug   Object Name

      1788       1098        137         12        200      14996   bootloader.o
        76         18          0          8          0       1531   crc.o
        28          6          0          0          0        767   gpio.o
       196         34          0          0          0     388128   main.o
        64         26        404          0       1536        844   startup_stm32f401xc.o
       144         24          0         12          0       8641   stm32f4xx_hal.o
       172         14          0          0          0      33262   stm32f4xx_hal_cortex.o
        72          0          0          0          0       1820   stm32f4xx_hal_crc.o
       480         34          0          0          0       1508   stm32f4xx_hal_gpio.o
        48          6          0          0          0        858   stm32f4xx_hal_msp.o
      1348         76          0          0          0       5240   stm32f4xx_hal_rcc.o
       308         24          0          0          0        865   stm32f4xx_hal_rcc_ex.o
       856         10          0          0          0       5443   stm32f4xx_hal_uart.o
        20          0          0          0          0       4178   stm32f4xx_it.o
        16          4         24          4          0       1127   system_stm32f4xx.o
       268         34          0          0        136       2423   usart.o

    ----------------------------------------------------------------------
      5886       1408        602         36       1872     471631   Object Totals
         0          0         32          0          0          0   (incl. Generated)
         2          0          5          0          0          0   (incl. Padding)

    ----------------------------------------------------------------------

      Code (inc. data)   RO Data    RW Data    ZI Data      Debug   Library Member Name

         8          0          0          0          0         68   __main.o
       392          4         17          0          0         92   __printf_flags_ss_wp.o
        14          0          0          0          0         68   __printf_wp.o
         0          0          0          0          0          0   __rtentry.o
        12          0          0          0          0          0   __rtentry2.o
         6          0          0          0          0          0   __rtentry4.o
        52          8          0          0          0          0   __scatter.o
        26          0          0          0          0          0   __scatter_copy.o
        28          0          0          0          0          0   __scatter_zi.o
         6          0          0          0          0          0   _printf_a.o
         6          0          0          0          0          0   _printf_c.o
        44          0          0          0          0        108   _printf_char.o
        48          6          0          0          0         96   _printf_char_common.o
        40          0          0          0          0         68   _printf_charcount.o
         6          0          0          0          0          0   _printf_d.o
       120         16          0          0          0         92   _printf_dec.o
         6          0          0          0          0          0   _printf_e.o
         6          0          0          0          0          0   _printf_f.o
      1054          0          0          0          0        216   _printf_fp_dec.o
       764          8         38          0          0        100   _printf_fp_hex.o
       128         16          0          0          0         84   _printf_fp_infnan.o
         6          0          0          0          0          0   _printf_g.o
       148          4         40          0          0        160   _printf_hex_int_ll_ptr.o
         6          0          0          0          0          0   _printf_i.o
       178          0          0          0          0         88   _printf_intcommon.o
        10          0          0          0          0          0   _printf_l.o
         6          0          0          0          0          0   _printf_lc.o
        10          0          0          0          0          0   _printf_ll.o
         6          0          0          0          0          0   _printf_lld.o
         6          0          0          0          0          0   _printf_lli.o
         6          0          0          0          0          0   _printf_llo.o
         6          0          0          0          0          0   _printf_llu.o
         6          0          0          0          0          0   _printf_llx.o
       124         16          0          0          0         92   _printf_longlong_dec.o
         6          0          0          0          0          0   _printf_ls.o
         6          0          0          0          0          0   _printf_n.o
         6          0          0          0          0          0   _printf_o.o
       112         10          0          0          0        124   _printf_oct_int_ll.o
         6          0          0          0          0          0   _printf_p.o
        78          0          0          0          0        108   _printf_pad.o
         0          0          0          0          0          0   _printf_percent.o
         4          0          0          0          0          0   _printf_percent_end.o
         6          0          0          0          0          0   _printf_s.o
        82          0          0          0          0         80   _printf_str.o
        36          0          0          0          0         84   _printf_truncate.o
         6          0          0          0          0          0   _printf_u.o
        44          0          0          0          0        108   _printf_wchar.o
       188          6          8          0          0         92   _printf_wctomb.o
         6          0          0          0          0          0   _printf_x.o
        10          0          0          0          0         68   _sputc.o
        64          0          0          0          0         92   _wcrtomb.o
       228          4        148          0          0         96   bigflt0.o
      1936        128          0          0          0        672   btod.o
        18          0          0          0          0         80   exit.o
         6          0          0          0          0        152   heapauxi.o
         0          0          0          0          0          0   indicate_semi.o
        44         10        272          0          0         76   lc_ctype_c.o
        44         10         28          0          0         76   lc_numeric_c.o
         2          0          0          0          0          0   libinit.o
        34          0          0          0          0          0   libinit2.o
         2          0          0          0          0          0   libshutdown.o
         2          0          0          0          0          0   libshutdown2.o
         8          4          0          0         96         68   libspace.o
       138          0          0          0          0         80   lludiv10.o
       238          0          0          0          0        100   lludivv7m.o
        16          4          0          0          0         76   rt_ctype_table.o
         8          4          0          0          0         68   rt_locale_intlibspace.o
        68          0          0          0          0         68   rt_memclr.o
        78          0          0          0          0         80   rt_memclr_w.o
         2          0          0          0          0          0   rtexit.o
        10          0          0          0          0          0   rtexit2.o
       128          0          0          0          0         68   strcmpv7m.o
        12          4          0          0          0         68   sys_exit.o
        74          0          0          0          0         80   sys_stackheap_outer.o
         2          0          0          0          0         68   use_no_semi.o
        36          4          0          0          0         76   vsprintf.o
        10          0          0          0          0        116   fpinit.o
         4          0          0          0          0        116   printf1.o
         4          0          0          0          0        116   printf2.o
         0          0          0          0          0          0   usenofp.o
        48          0          0          0          0        124   fpclassify.o

    ----------------------------------------------------------------------
      7160        266        552          0        100       4612   Library Totals
        16          0          1          0          4          0   (incl. Padding)

    ----------------------------------------------------------------------

      Code (inc. data)   RO Data    RW Data    ZI Data      Debug   Library Name

      7078        266        551          0         96       4140   c_w.l
        18          0          0          0          0        348   fz_wm.l
        48          0          0          0          0        124   m_wm.l

    ----------------------------------------------------------------------
      7160        266        552          0        100       4612   Library Totals

    ----------------------------------------------------------------------

==============================================================================


      Code (inc. data)   RO Data    RW Data    ZI Data      Debug   

     13046       1674       1154         36       1972     469207   Grand Totals
     13046       1674       1154         36       1972     469207   ELF Image Totals
     13046       1674       1154         36          0          0   ROM Totals

==============================================================================

    Total RO  Size (Code + RO Data)                14200 (  13.87kB)
    Total RW  Size (RW Data + ZI Data)              2008 (   1.96kB)
    Total ROM Size (Code + RO Data + RW Data)      14236 (  13.90kB)

==============================================================================

