<html>
<body>
<pre>
<h1>µVision Build Log</h1>
<h2>Tool Versions:</h2>
IDE-Version: µVision V5.32.0.0
Copyright (C) 2020 ARM Ltd and ARM Germany GmbH. All rights reserved.
License Information: Ahmed Ibrahim, Learn In Depth, LIC=----
 
Tool Versions:
Toolchain:       MDK-Lite  Version: 5.32.0.0
Toolchain Path:  C:\Keil_v5\ARM\ARMCC\Bin
C Compiler:      Armcc.exe V5.06 update 7 (build 960)
Assembler:       Armasm.exe V5.06 update 7 (build 960)
Linker/Locator:  ArmLink.exe V5.06 update 7 (build 960)
Library Manager: ArmAr.exe V5.06 update 7 (build 960)
Hex Converter:   FromElf.exe V5.06 update 7 (build 960)
CPU DLL:         SARMCM3.DLL V5.32.0.0
Dialog DLL:      DCM.DLL V1.17.3.0
Target DLL:      STLink\ST-LINKIII-KEIL_SWO.dll V3.0.8.0
Dialog DLL:      TCM.DLL V1.46.0.0
 
<h2>Project:</h2>
E:\ITI\Graduation_Project\Boot_Loader\MDK-ARM\Boot_Loader.uvprojx
Project File Date:  10/11/2023

<h2>Output:</h2>
*** Using Compiler 'V5.06 update 7 (build 960)', folder: 'C:\Keil_v5\ARM\ARMCC\Bin'
Rebuild target 'Boot_Loader'
assembling startup_stm32f401xc.s...
compiling gpio.c...
compiling stm32f4xx_it.c...
compiling stm32f4xx_hal_crc.c...
compiling crc.c...
compiling stm32f4xx_hal_msp.c...
compiling usart.c...
compiling main.c...
../Core/Src/main.c(99): warning:  #550-D: variable "Status"  was set but never used
  	BL_Status Status = BL_NACK;
../Core/Src/main.c: 1 warning, 0 errors
compiling stm32f4xx_hal_dma_ex.c...
compiling stm32f4xx_hal_rcc_ex.c...
compiling stm32f4xx_hal_gpio.c...
compiling stm32f4xx_hal_flash_ramfunc.c...
compiling stm32f4xx_hal_flash.c...
compiling stm32f4xx_hal_rcc.c...
compiling stm32f4xx_hal_flash_ex.c...
compiling stm32f4xx_hal_exti.c...
compiling stm32f4xx_hal_pwr.c...
compiling stm32f4xx_hal_tim.c...
compiling stm32f4xx_hal_cortex.c...
compiling stm32f4xx_hal.c...
compiling stm32f4xx_hal_pwr_ex.c...
compiling stm32f4xx_hal_dma.c...
compiling stm32f4xx_hal_tim_ex.c...
compiling system_stm32f4xx.c...
compiling bootloader.c...
..\Bootloader\bootloader.c(11): warning:  #1295-D: Deprecated declaration Bootloader_Jump_To_App_Code - give arg types
  static void Bootloader_Jump_To_App_Code();
..\Bootloader\bootloader.c(19): warning:  #1295-D: Deprecated declaration Bootloader_Send_NACK - give arg types
  static void Bootloader_Send_NACK();
..\Bootloader\bootloader.c(655): warning:  #550-D: variable "HAL_Status"  was set but never used
  	HAL_StatusTypeDef  HAL_Status = HAL_ERROR;
..\Bootloader\bootloader.c(603): warning:  #177-D: function "Bootloader_Jump_To_App_Code"  was declared but never referenced
  static void Bootloader_Jump_To_App_Code(){
..\Bootloader\bootloader.c: 4 warnings, 0 errors
compiling stm32f4xx_hal_uart.c...
linking...
Program Size: Code=14002 RO-data=1154 RW-data=36 ZI-data=2004  
FromELF: creating hex file...
"Boot_Loader\Boot_Loader.axf" - 0 Error(s), 5 Warning(s).

<h2>Software Packages used:</h2>

Package Vendor: ARM
                http://www.keil.com/pack/ARM.CMSIS.5.9.0.pack
                ARM.CMSIS.5.9.0
                CMSIS (Common Microcontroller Software Interface Standard)
   * Component: CORE Version: 5.6.0

Package Vendor: Keil
                https://www.keil.com/pack/Keil.STM32F4xx_DFP.2.17.1.pack
                Keil.STM32F4xx_DFP.2.17.1
                STMicroelectronics STM32F4 Series Device Support, Drivers and Examples

<h2>Collection of Component include folders:</h2>
  .\RTE\_Boot_Loader
  C:\Users\Ahmed\AppData\Local\Arm\Packs\ARM\CMSIS\5.9.0\CMSIS\Core\Include
  C:\Users\Ahmed\AppData\Local\Arm\Packs\Keil\STM32F4xx_DFP\2.17.1\Drivers\CMSIS\Device\ST\STM32F4xx\Include

<h2>Collection of Component Files used:</h2>

   * Component: ARM::CMSIS:CORE:5.6.0
      Include file:  CMSIS\Core\Include\tz_context.h
Build Time Elapsed:  00:00:11
</pre>
</body>
</html>
