Component: ARM Compiler 5.06 update 7 (build 960) Tool: armlink [4d3601]

==============================================================================

Section Cross References

    startup_stm32f401xc.o(STACK) refers (Special) to heapauxi.o(.text) for __use_two_region_memory
    startup_stm32f401xc.o(HEAP) refers (Special) to heapauxi.o(.text) for __use_two_region_memory
    startup_stm32f401xc.o(RESET) refers (Special) to heapauxi.o(.text) for __use_two_region_memory
    startup_stm32f401xc.o(RESET) refers to startup_stm32f401xc.o(STACK) for __initial_sp
    startup_stm32f401xc.o(RESET) refers to startup_stm32f401xc.o(.text) for Reset_Handler
    startup_stm32f401xc.o(RESET) refers to stm32f4xx_it.o(i.NMI_Handler) for NMI_Handler
    startup_stm32f401xc.o(RESET) refers to stm32f4xx_it.o(i.HardFault_Handler) for HardFault_Handler
    startup_stm32f401xc.o(RESET) refers to stm32f4xx_it.o(i.MemManage_Handler) for MemManage_Handler
    startup_stm32f401xc.o(RESET) refers to stm32f4xx_it.o(i.BusFault_Handler) for BusFault_Handler
    startup_stm32f401xc.o(RESET) refers to stm32f4xx_it.o(i.UsageFault_Handler) for UsageFault_Handler
    startup_stm32f401xc.o(RESET) refers to stm32f4xx_it.o(i.SVC_Handler) for SVC_Handler
    startup_stm32f401xc.o(RESET) refers to stm32f4xx_it.o(i.DebugMon_Handler) for DebugMon_Handler
    startup_stm32f401xc.o(RESET) refers to stm32f4xx_it.o(i.PendSV_Handler) for PendSV_Handler
    startup_stm32f401xc.o(RESET) refers to stm32f4xx_it.o(i.SysTick_Handler) for SysTick_Handler
    startup_stm32f401xc.o(.text) refers (Special) to heapauxi.o(.text) for __use_two_region_memory
    startup_stm32f401xc.o(.text) refers to system_stm32f4xx.o(i.SystemInit) for SystemInit
    startup_stm32f401xc.o(.text) refers to __main.o(!!!main) for __main
    startup_stm32f401xc.o(.text) refers to startup_stm32f401xc.o(HEAP) for Heap_Mem
    startup_stm32f401xc.o(.text) refers to startup_stm32f401xc.o(STACK) for Stack_Mem
    main.o(i.SystemClock_Config) refers to rt_memclr_w.o(.text) for __aeabi_memclr4
    main.o(i.SystemClock_Config) refers to stm32f4xx_hal_rcc.o(i.HAL_RCC_OscConfig) for HAL_RCC_OscConfig
    main.o(i.SystemClock_Config) refers to main.o(i.Error_Handler) for Error_Handler
    main.o(i.SystemClock_Config) refers to stm32f4xx_hal_rcc.o(i.HAL_RCC_ClockConfig) for HAL_RCC_ClockConfig
    main.o(i.main) refers to stm32f4xx_hal.o(i.HAL_Init) for HAL_Init
    main.o(i.main) refers to main.o(i.SystemClock_Config) for SystemClock_Config
    main.o(i.main) refers to gpio.o(i.MX_GPIO_Init) for MX_GPIO_Init
    main.o(i.main) refers to crc.o(i.MX_CRC_Init) for MX_CRC_Init
    main.o(i.main) refers to usart.o(i.MX_USART1_UART_Init) for MX_USART1_UART_Init
    main.o(i.main) refers to usart.o(i.MX_USART2_UART_Init) for MX_USART2_UART_Init
    main.o(i.main) refers to bootloader.o(i.BL_UART_Fetch_Host_Command) for BL_UART_Fetch_Host_Command
    crc.o(i.MX_CRC_Init) refers to stm32f4xx_hal_crc.o(i.HAL_CRC_Init) for HAL_CRC_Init
    crc.o(i.MX_CRC_Init) refers to main.o(i.Error_Handler) for Error_Handler
    crc.o(i.MX_CRC_Init) refers to crc.o(.data) for hcrc
    usart.o(i.HAL_UART_MspDeInit) refers to stm32f4xx_hal_gpio.o(i.HAL_GPIO_DeInit) for HAL_GPIO_DeInit
    usart.o(i.HAL_UART_MspInit) refers to rt_memclr_w.o(.text) for __aeabi_memclr4
    usart.o(i.HAL_UART_MspInit) refers to stm32f4xx_hal_gpio.o(i.HAL_GPIO_Init) for HAL_GPIO_Init
    usart.o(i.MX_USART1_UART_Init) refers to stm32f4xx_hal_uart.o(i.HAL_UART_Init) for HAL_UART_Init
    usart.o(i.MX_USART1_UART_Init) refers to main.o(i.Error_Handler) for Error_Handler
    usart.o(i.MX_USART1_UART_Init) refers to usart.o(.bss) for huart1
    usart.o(i.MX_USART2_UART_Init) refers to stm32f4xx_hal_uart.o(i.HAL_UART_Init) for HAL_UART_Init
    usart.o(i.MX_USART2_UART_Init) refers to main.o(i.Error_Handler) for Error_Handler
    usart.o(i.MX_USART2_UART_Init) refers to usart.o(.bss) for huart2
    stm32f4xx_it.o(i.SysTick_Handler) refers to stm32f4xx_hal.o(i.HAL_IncTick) for HAL_IncTick
    stm32f4xx_hal_crc.o(i.HAL_CRC_DeInit) refers to crc.o(i.HAL_CRC_MspDeInit) for HAL_CRC_MspDeInit
    stm32f4xx_hal_crc.o(i.HAL_CRC_Init) refers to crc.o(i.HAL_CRC_MspInit) for HAL_CRC_MspInit
    stm32f4xx_hal_rcc.o(i.HAL_RCC_ClockConfig) refers to stm32f4xx_hal.o(i.HAL_GetTick) for HAL_GetTick
    stm32f4xx_hal_rcc.o(i.HAL_RCC_ClockConfig) refers to stm32f4xx_hal_rcc.o(i.HAL_RCC_GetSysClockFreq) for HAL_RCC_GetSysClockFreq
    stm32f4xx_hal_rcc.o(i.HAL_RCC_ClockConfig) refers to stm32f4xx_hal.o(i.HAL_InitTick) for HAL_InitTick
    stm32f4xx_hal_rcc.o(i.HAL_RCC_ClockConfig) refers to system_stm32f4xx.o(.constdata) for AHBPrescTable
    stm32f4xx_hal_rcc.o(i.HAL_RCC_ClockConfig) refers to system_stm32f4xx.o(.data) for SystemCoreClock
    stm32f4xx_hal_rcc.o(i.HAL_RCC_ClockConfig) refers to stm32f4xx_hal.o(.data) for uwTickPrio
    stm32f4xx_hal_rcc.o(i.HAL_RCC_GetHCLKFreq) refers to system_stm32f4xx.o(.data) for SystemCoreClock
[...]
    CL$$btod_ediv                            0x08001a8a   Section       42  btod.o(CL$$btod_ediv)
    CL$$btod_emul                            0x08001ab4   Section       42  btod.o(CL$$btod_emul)
    CL$$btod_mult_common                     0x08001ade   Section      580  btod.o(CL$$btod_mult_common)
    i.BL_Print_Message                       0x08001d24   Section        0  bootloader.o(i.BL_Print_Message)
    i.BL_UART_Fetch_Host_Command             0x08001d5c   Section        0  bootloader.o(i.BL_UART_Fetch_Host_Command)
    i.Bootloader_CRC_Verify                  0x08001fb8   Section        0  bootloader.o(i.Bootloader_CRC_Verify)
    Bootloader_CRC_Verify                    0x08001fb9   Thumb Code    86  bootloader.o(i.Bootloader_CRC_Verify)
    i.Bootloader_Change_Read_Protection_Level 0x08002014   Section        0  bootloader.o(i.Bootloader_Change_Read_Protection_Level)
    Bootloader_Change_Read_Protection_Level  0x08002015   Thumb Code    94  bootloader.o(i.Bootloader_Change_Read_Protection_Level)
    i.Bootloader_Enable_RW_Protection        0x08002072   Section        0  bootloader.o(i.Bootloader_Enable_RW_Protection)
    Bootloader_Enable_RW_Protection          0x08002073   Thumb Code     2  bootloader.o(i.Bootloader_Enable_RW_Protection)
    i.Bootloader_Erase_Flash                 0x08002074   Section        0  bootloader.o(i.Bootloader_Erase_Flash)
    Bootloader_Erase_Flash                   0x08002075   Thumb Code    84  bootloader.o(i.Bootloader_Erase_Flash)
    i.Bootloader_Get_Chip_Identification_Number 0x080020c8   Section        0  bootloader.o(i.Bootloader_Get_Chip_Identification_Number)
    Bootloader_Get_Chip_Identification_Number 0x080020c9   Thumb Code    68  bootloader.o(i.Bootloader_Get_Chip_Identification_Number)
    i.Bootloader_Get_Help                    0x08002110   Section        0  bootloader.o(i.Bootloader_Get_Help)
    Bootloader_Get_Help                      0x08002111   Thumb Code    54  bootloader.o(i.Bootloader_Get_Help)
    i.Bootloader_Get_Sector_Protection_Status 0x0800214c   Section        0  bootloader.o(i.Bootloader_Get_Sector_Protection_Status)
    Bootloader_Get_Sector_Protection_Status  0x0800214d   Thumb Code     2  bootloader.o(i.Bootloader_Get_Sector_Protection_Status)
    i.Bootloader_Get_Version                 0x08002150   Section        0  bootloader.o(i.Bootloader_Get_Version)
    Bootloader_Get_Version                   0x08002151   Thumb Code    60  bootloader.o(i.Bootloader_Get_Version)
    i.Bootloader_Jump_To_Address             0x08002190   Section        0  bootloader.o(i.Bootloader_Jump_To_Address)
    Bootloader_Jump_To_Address               0x08002191   Thumb Code    96  bootloader.o(i.Bootloader_Jump_To_Address)
    i.Bootloader_Jump_To_App_Code            0x080021f0   Section        0  bootloader.o(i.Bootloader_Jump_To_App_Code)
    Bootloader_Jump_To_App_Code              0x080021f1   Thumb Code   108  bootloader.o(i.Bootloader_Jump_To_App_Code)
    i.Bootloader_Memory_Read                 0x08002268   Section        0  bootloader.o(i.Bootloader_Memory_Read)
    Bootloader_Memory_Read                   0x08002269   Thumb Code     2  bootloader.o(i.Bootloader_Memory_Read)
    i.Bootloader_Memory_Write                0x0800226a   Section        0  bootloader.o(i.Bootloader_Memory_Write)
    Bootloader_Memory_Write                  0x0800226b   Thumb Code   130  bootloader.o(i.Bootloader_Memory_Write)
    i.Bootloader_Read_OTP                    0x080022ec   Section        0  bootloader.o(i.Bootloader_Read_OTP)
    Bootloader_Read_OTP                      0x080022ed   Thumb Code     2  bootloader.o(i.Bootloader_Read_OTP)
    i.Bootloader_Read_Protection_Level       0x080022ee   Section        0  bootloader.o(i.Bootloader_Read_Protection_Level)
    Bootloader_Read_Protection_Level         0x080022ef   Thumb Code    64  bootloader.o(i.Bootloader_Read_Protection_Level)
    i.Bootloader_Send_ACK                    0x08002330   Section        0  bootloader.o(i.Bootloader_Send_ACK)
    Bootloader_Send_ACK                      0x08002331   Thumb Code    30  bootloader.o(i.Bootloader_Send_ACK)
    i.Bootloader_Send_Data_To_Host           0x08002358   Section        0  bootloader.o(i.Bootloader_Send_Data_To_Host)
    Bootloader_Send_Data_To_Host             0x08002359   Thumb Code    22  bootloader.o(i.Bootloader_Send_Data_To_Host)
    i.Bootloader_Send_NACK                   0x08002374   Section        0  bootloader.o(i.Bootloader_Send_NACK)
    Bootloader_Send_NACK                     0x08002375   Thumb Code    22  bootloader.o(i.Bootloader_Send_NACK)
    i.BusFault_Handler                       0x08002390   Section        0  stm32f4xx_it.o(i.BusFault_Handler)
    i.CBL_STM32F401_Get_RDP_Level            0x08002394   Section        0  bootloader.o(i.CBL_STM32F401_Get_RDP_Level)
    CBL_STM32F401_Get_RDP_Level              0x08002395   Thumb Code    18  bootloader.o(i.CBL_STM32F401_Get_RDP_Level)
    i.Change_ROP_Level                       0x080023a6   Section        0  bootloader.o(i.Change_ROP_Level)
    Change_ROP_Level                         0x080023a7   Thumb Code    82  bootloader.o(i.Change_ROP_Level)
    i.DebugMon_Handler                       0x080023f8   Section        0  stm32f4xx_it.o(i.DebugMon_Handler)
    i.Error_Handler                          0x080023fa   Section        0  main.o(i.Error_Handler)
    i.FLASH_Erase_Sector                     0x08002400   Section        0  stm32f4xx_hal_flash_ex.o(i.FLASH_Erase_Sector)
    i.FLASH_FlushCaches                      0x0800245c   Section        0  stm32f4xx_hal_flash_ex.o(i.FLASH_FlushCaches)
    i.FLASH_MassErase                        0x080024d4   Section        0  stm32f4xx_hal_flash_ex.o(i.FLASH_MassErase)
    FLASH_MassErase                          0x080024d5   Thumb Code    42  stm32f4xx_hal_flash_ex.o(i.FLASH_MassErase)
    i.FLASH_OB_BOR_LevelConfig               0x08002504   Section        0  stm32f4xx_hal_flash_ex.o(i.FLASH_OB_BOR_LevelConfig)
    FLASH_OB_BOR_LevelConfig                 0x08002505   Thumb Code    26  stm32f4xx_hal_flash_ex.o(i.FLASH_OB_BOR_LevelConfig)
    i.FLASH_OB_DisableWRP                    0x08002524   Section        0  stm32f4xx_hal_flash_ex.o(i.FLASH_OB_DisableWRP)
    FLASH_OB_DisableWRP                      0x08002525   Thumb Code    36  stm32f4xx_hal_flash_ex.o(i.FLASH_OB_DisableWRP)
    i.FLASH_OB_EnableWRP                     0x0800254c   Section        0  stm32f4xx_hal_flash_ex.o(i.FLASH_OB_EnableWRP)
    FLASH_OB_EnableWRP                       0x0800254d   Thumb Code    34  stm32f4xx_hal_flash_ex.o(i.FLASH_OB_EnableWRP)
    i.FLASH_OB_GetBOR                        0x08002574   Section        0  stm32f4xx_hal_flash_ex.o(i.FLASH_OB_GetBOR)
    FLASH_OB_GetBOR                          0x08002575   Thumb Code    10  stm32f4xx_hal_flash_ex.o(i.FLASH_OB_GetBOR)
    i.FLASH_OB_GetRDP                        0x08002584   Section        0  stm32f4xx_hal_flash_ex.o(i.FLASH_OB_GetRDP)
    FLASH_OB_GetRDP                          0x08002585   Thumb Code    30  stm32f4xx_hal_flash_ex.o(i.FLASH_OB_GetRDP)
    i.FLASH_OB_GetUser                       0x080025a8   Section        0  stm32f4xx_hal_flash_ex.o(i.FLASH_OB_GetUser)
    FLASH_OB_GetUser                         0x080025a9   Thumb Code    10  stm32f4xx_hal_flash_ex.o(i.FLASH_OB_GetUser)
    i.FLASH_OB_GetWRP                        0x080025b8   Section        0  stm32f4xx_hal_flash_ex.o(i.FLASH_OB_GetWRP)
    FLASH_OB_GetWRP                          0x080025b9   Thumb Code     6  stm32f4xx_hal_flash_ex.o(i.FLASH_OB_GetWRP)
    i.FLASH_OB_RDP_LevelConfig               0x080025c4   Section        0  stm32f4xx_hal_flash_ex.o(i.FLASH_OB_RDP_LevelConfig)
    FLASH_OB_RDP_LevelConfig                 0x080025c5   Thumb Code    26  stm32f4xx_hal_flash_ex.o(i.FLASH_OB_RDP_LevelConfig)
    i.FLASH_OB_UserConfig                    0x080025e4   Section        0  stm32f4xx_hal_flash_ex.o(i.FLASH_OB_UserConfig)
    FLASH_OB_UserConfig                      0x080025e5   Thumb Code    54  stm32f4xx_hal_flash_ex.o(i.FLASH_OB_UserConfig)
    i.FLASH_Program_Byte                     0x08002620   Section        0  stm32f4xx_hal_flash.o(i.FLASH_Program_Byte)
    FLASH_Program_Byte                       0x08002621   Thumb Code    32  stm32f4xx_hal_flash.o(i.FLASH_Program_Byte)
    i.FLASH_Program_DoubleWord               0x08002644   Section        0  stm32f4xx_hal_flash.o(i.FLASH_Program_DoubleWord)
    FLASH_Program_DoubleWord                 0x08002645   Thumb Code    56  stm32f4xx_hal_flash.o(i.FLASH_Program_DoubleWord)
    i.FLASH_Program_HalfWord                 0x08002680   Section        0  stm32f4xx_hal_flash.o(i.FLASH_Program_HalfWord)
    FLASH_Program_HalfWord                   0x08002681   Thumb Code    36  stm32f4xx_hal_flash.o(i.FLASH_Program_HalfWord)
    i.FLASH_Program_Word                     0x080026a8   Section        0  stm32f4xx_hal_flash.o(i.FLASH_Program_Word)
    FLASH_Program_Word                       0x080026a9   Thumb Code    36  stm32f4xx_hal_flash.o(i.FLASH_Program_Word)
    i.FLASH_SetErrorCode                     0x080026d0   Section        0  stm32f4xx_hal_flash.o(i.FLASH_SetErrorCode)
    FLASH_SetErrorCode                       0x080026d1   Thumb Code   172  stm32f4xx_hal_flash.o(i.FLASH_SetErrorCode)
    i.FLASH_WaitForLastOperation             0x08002784   Section        0  stm32f4xx_hal_flash.o(i.FLASH_WaitForLastOperation)
    i.Flash_Memory_Write_Payload             0x080027e8   Section        0  bootloader.o(i.Flash_Memory_Write_Payload)
    Flash_Memory_Write_Payload               0x080027e9   Thumb Code   110  bootloader.o(i.Flash_Memory_Write_Payload)
    i.HAL_CRC_Accumulate                     0x08002856   Section        0  stm32f4xx_hal_crc.o(i.HAL_CRC_Accumulate)
    i.HAL_CRC_Init                           0x0800287e   Section        0  stm32f4xx_hal_crc.o(i.HAL_CRC_Init)
    i.HAL_CRC_MspInit                        0x080028a0   Section        0  crc.o(i.HAL_CRC_MspInit)
    i.HAL_FLASHEx_Erase                      0x080028d4   Section        0  stm32f4xx_hal_flash_ex.o(i.HAL_FLASHEx_Erase)
    i.HAL_FLASHEx_OBGetConfig                0x08002980   Section        0  stm32f4xx_hal_flash_ex.o(i.HAL_FLASHEx_OBGetConfig)
    i.HAL_FLASHEx_OBProgram                  0x080029a4   Section        0  stm32f4xx_hal_flash_ex.o(i.HAL_FLASHEx_OBProgram)
    i.HAL_FLASH_Lock                         0x08002a38   Section        0  stm32f4xx_hal_flash.o(i.HAL_FLASH_Lock)
    i.HAL_FLASH_OB_Launch                    0x08002a4c   Section        0  stm32f4xx_hal_flash.o(i.HAL_FLASH_OB_Launch)
    i.HAL_FLASH_OB_Lock                      0x08002a68   Section        0  stm32f4xx_hal_flash.o(i.HAL_FLASH_OB_Lock)
    i.HAL_FLASH_OB_Unlock                    0x08002a7c   Section        0  stm32f4xx_hal_flash.o(i.HAL_FLASH_OB_Unlock)
    i.HAL_FLASH_Program                      0x08002aa8   Section        0  stm32f4xx_hal_flash.o(i.HAL_FLASH_Program)
    i.HAL_FLASH_Unlock                       0x08002b40   Section        0  stm32f4xx_hal_flash.o(i.HAL_FLASH_Unlock)
    i.HAL_GPIO_Init                          0x08002b74   Section        0  stm32f4xx_hal_gpio.o(i.HAL_GPIO_Init)
    i.HAL_GetTick                            0x08002d3c   Section        0  stm32f4xx_hal.o(i.HAL_GetTick)
    i.HAL_IncTick                            0x08002d48   Section        0  stm32f4xx_hal.o(i.HAL_IncTick)
    i.HAL_Init                               0x08002d60   Section        0  stm32f4xx_hal.o(i.HAL_Init)
    i.HAL_InitTick                           0x08002d9c   Section        0  stm32f4xx_hal.o(i.HAL_InitTick)
    i.HAL_MspInit                            0x08002de8   Section        0  stm32f4xx_hal_msp.o(i.HAL_MspInit)
    i.HAL_NVIC_SetPriority                   0x08002e30   Section        0  stm32f4xx_hal_cortex.o(i.HAL_NVIC_SetPriority)
    i.HAL_NVIC_SetPriorityGrouping           0x08002eac   Section        0  stm32f4xx_hal_cortex.o(i.HAL_NVIC_SetPriorityGrouping)
    i.HAL_RCC_ClockConfig                    0x08002ed4   Section        0  stm32f4xx_hal_rcc.o(i.HAL_RCC_ClockConfig)
    i.HAL_RCC_DeInit                         0x08003058   Section        0  stm32f4xx_hal_rcc_ex.o(i.HAL_RCC_DeInit)
    i.HAL_RCC_GetHCLKFreq                    0x080031d8   Section        0  stm32f4xx_hal_rcc.o(i.HAL_RCC_GetHCLKFreq)
    i.HAL_RCC_GetPCLK1Freq                   0x080031e4   Section        0  stm32f4xx_hal_rcc.o(i.HAL_RCC_GetPCLK1Freq)
    i.HAL_RCC_GetPCLK2Freq                   0x08003204   Section        0  stm32f4xx_hal_rcc.o(i.HAL_RCC_GetPCLK2Freq)
    i.HAL_RCC_GetSysClockFreq                0x08003224   Section        0  stm32f4xx_hal_rcc.o(i.HAL_RCC_GetSysClockFreq)
    i.HAL_RCC_OscConfig                      0x080032d4   Section        0  stm32f4xx_hal_rcc.o(i.HAL_RCC_OscConfig)
    i.HAL_SYSTICK_Config                     0x08003770   Section        0  stm32f4xx_hal_cortex.o(i.HAL_SYSTICK_Config)
    i.HAL_UART_Init                          0x080037a4   Section        0  stm32f4xx_hal_uart.o(i.HAL_UART_Init)
    i.HAL_UART_MspInit                       0x08003818   Section        0  usart.o(i.HAL_UART_MspInit)
    i.HAL_UART_Receive                       0x08003914   Section        0  stm32f4xx_hal_uart.o(i.HAL_UART_Receive)
    i.HAL_UART_Transmit                      0x080039f0   Section        0  stm32f4xx_hal_uart.o(i.HAL_UART_Transmit)
    i.HardFault_Handler                      0x08003ac2   Section        0  stm32f4xx_it.o(i.HardFault_Handler)
    i.Host_Jump_Address_Verification         0x08003ac8   Section        0  bootloader.o(i.Host_Jump_Address_Verification)
    Host_Jump_Address_Verification           0x08003ac9   Thumb Code    36  bootloader.o(i.Host_Jump_Address_Verification)
    i.MX_CRC_Init                            0x08003af4   Section        0  crc.o(i.MX_CRC_Init)
    i.MX_GPIO_Init                           0x08003b14   Section        0  gpio.o(i.MX_GPIO_Init)
    i.MX_USART1_UART_Init                    0x08003b3c   Section        0  usart.o(i.MX_USART1_UART_Init)
    i.MX_USART2_UART_Init                    0x08003b74   Section        0  usart.o(i.MX_USART2_UART_Init)
    i.MemManage_Handler                      0x08003bac   Section        0  stm32f4xx_it.o(i.MemManage_Handler)
    i.NMI_Handler                            0x08003bb0   Section        0  stm32f4xx_it.o(i.NMI_Handler)
    i.PendSV_Handler                         0x08003bb4   Section        0  stm32f4xx_it.o(i.PendSV_Handler)
    i.Perform_Flash_Erase                    0x08003bb6   Section        0  bootloader.o(i.Perform_Flash_Erase)
    Perform_Flash_Erase                      0x08003bb7   Thumb Code   122  bootloader.o(i.Perform_Flash_Erase)
    i.SVC_Handler                            0x08003c30   Section        0  stm32f4xx_it.o(i.SVC_Handler)
    i.SysTick_Handler                        0x08003c32   Section        0  stm32f4xx_it.o(i.SysTick_Handler)
    i.SystemClock_Config                     0x08003c3c   Section        0  main.o(i.SystemClock_Config)
    i.SystemInit                             0x08003cd8   Section        0  system_stm32f4xx.o(i.SystemInit)
    i.UART_SetConfig                         0x08003cec   Section        0  stm32f4xx_hal_uart.o(i.UART_SetConfig)
    UART_SetConfig                           0x08003ced   Thumb Code   546  stm32f4xx_hal_uart.o(i.UART_SetConfig)
    i.UART_WaitOnFlagUntilTimeout            0x08003f18   Section        0  stm32f4xx_hal_uart.o(i.UART_WaitOnFlagUntilTimeout)
    UART_WaitOnFlagUntilTimeout              0x08003f19   Thumb Code   146  stm32f4xx_hal_uart.o(i.UART_WaitOnFlagUntilTimeout)
    i.UsageFault_Handler                     0x08003faa   Section        0  stm32f4xx_it.o(i.UsageFault_Handler)
    i.__ARM_fpclassify                       0x08003fae   Section        0  fpclassify.o(i.__ARM_fpclassify)
    i.__NVIC_GetPriorityGrouping             0x08003fe0   Section        0  stm32f4xx_hal_cortex.o(i.__NVIC_GetPriorityGrouping)
    __NVIC_GetPriorityGrouping               0x08003fe1   Thumb Code    10  stm32f4xx_hal_cortex.o(i.__NVIC_GetPriorityGrouping)
    i.__NVIC_SetPriority                     0x08003ff0   Section        0  stm32f4xx_hal_cortex.o(i.__NVIC_SetPriority)
    __NVIC_SetPriority                       0x08003ff1   Thumb Code    32  stm32f4xx_hal_cortex.o(i.__NVIC_SetPriority)
    i._is_digit                              0x08004018   Section        0  __printf_wp.o(i._is_digit)
    i.main                                   0x08004026   Section        0  main.o(i.main)
    locale$$code                             0x08004048   Section       44  lc_numeric_c.o(locale$$code)
    locale$$code                             0x08004074   Section       44  lc_ctype_c.o(locale$$code)
    x$fpl$fpinit                             0x080040a0   Section       10  fpinit.o(x$fpl$fpinit)
    $v0                                      0x080040a0   Number         0  fpinit.o(x$fpl$fpinit)
    x$fpl$printf1                            0x080040aa   Section        4  printf1.o(x$fpl$printf1)
    $v0                                      0x080040aa   Number         0  printf1.o(x$fpl$printf1)
    x$fpl$printf2                            0x080040ae   Section        4  printf2.o(x$fpl$printf2)
    $v0                                      0x080040ae   Number         0  printf2.o(x$fpl$printf2)
    .constdata                               0x080040b2   Section       24  system_stm32f4xx.o(.constdata)
    x$fpl$usenofp                            0x080040b2   Section        0  usenofp.o(x$fpl$usenofp)
    .constdata                               0x080040cc   Section        8  _printf_wctomb.o(.constdata)
    initial_mbstate                          0x080040cc   Data           8  _printf_wctomb.o(.constdata)
    .constdata                               0x080040d4   Section       40  _printf_hex_int_ll_ptr.o(.constdata)
    uc_hextab                                0x080040d4   Data          20  _printf_hex_int_ll_ptr.o(.constdata)
    lc_hextab                                0x080040e8   Data          20  _printf_hex_int_ll_ptr.o(.constdata)
    .constdata                               0x080040fc   Section       17  __printf_flags_ss_wp.o(.constdata)
    maptable                                 0x080040fc   Data          17  __printf_flags_ss_wp.o(.constdata)
    .constdata                               0x0800410d   Section       38  _printf_fp_hex.o(.constdata)
    lc_hextab                                0x0800410d   Data          19  _printf_fp_hex.o(.constdata)
    uc_hextab                                0x08004120   Data          19  _printf_fp_hex.o(.constdata)
    .constdata                               0x08004134   Section      148  bigflt0.o(.constdata)
    tenpwrs_x                                0x08004134   Data          60  bigflt0.o(.constdata)
    tenpwrs_i                                0x08004170   Data          64  bigflt0.o(.constdata)
    locale$$data                             0x080041e8   Section       28  lc_numeric_c.o(locale$$data)
    __lcnum_c_name                           0x080041ec   Data           2  lc_numeric_c.o(locale$$data)
    __lcnum_c_start                          0x080041f4   Data           0  lc_numeric_c.o(locale$$data)
    __lcnum_c_point                          0x08004200   Data           0  lc_numeric_c.o(locale$$data)
    __lcnum_c_thousands                      0x08004202   Data           0  lc_numeric_c.o(locale$$data)
    __lcnum_c_grouping                       0x08004203   Data           0  lc_numeric_c.o(locale$$data)
    locale$$data                             0x08004204   Section      272  lc_ctype_c.o(locale$$data)
    __lcnum_c_end                            0x08004204   Data           0  lc_numeric_c.o(locale$$data)
    __lcctype_c_name                         0x08004208   Data           2  lc_ctype_c.o(locale$$data)
    __lcctype_c_start                        0x08004210   Data           0  lc_ctype_c.o(locale$$data)
    __lcctype_c_end                          0x08004314   Data           0  lc_ctype_c.o(locale$$data)
    .data                                    0x20000000   Section        8  crc.o(.data)
    .data                                    0x20000008   Section        9  stm32f4xx_hal.o(.data)
    .data                                    0x20000014   Section        4  system_stm32f4xx.o(.data)
    .data                                    0x20000018   Section       12  bootloader.o(.data)
    Bootloader_Supported_CMDs                0x20000018   Data          12  bootloader.o(.data)
    .bss                                     0x20000024   Section      136  usart.o(.bss)
    .bss                                     0x200000ac   Section       32  stm32f4xx_hal_flash.o(.bss)
    .bss                                     0x200000cc   Section      200  bootloader.o(.bss)
    BL_Host_Buffer                           0x200000cc   Data         200  bootloader.o(.bss)
    .bss                                     0x20000194   Section       96  libspace.o(.bss)
    HEAP                                     0x200001f8   Section      512  startup_stm32f401xc.o(HEAP)
    Heap_Mem                                 0x200001f8   Data         512  startup_stm32f401xc.o(HEAP)
    STACK                                    0x200003f8   Section    64520  startup_stm32f401xc.o(STACK)
    Stack_Mem                                0x200003f8   Data       64520  startup_stm32f401xc.o(STACK)
    __initial_sp                             0x20010000   Data           0  startup_stm32f401xc.o(STACK)

    Global Symbols

    Symbol Name                              Value     Ov Type        Size  Object(Section)

    BuildAttributes$$THM_ISAv4$E$P$D$K$B$S$7EM$VFPi3$EXTD16$VFPS$VFMA$PE$A:L22UL41UL21$X:L11$S22US41US21$IEEE1$IW$USESV6$~STKCKD$USESV7$~SHL$OTIME$ROPI$IEEEJ$EBA8$UX$STANDARDLIB$REQ8$PRES8$EABIv2 0x00000000   Number         0  anon$$obj.o ABSOLUTE
    __ARM_use_no_argv                        0x00000000   Number         0  main.o ABSOLUTE
    _printf_flags                            0x00000000   Number         0  printf_stubs.o ABSOLUTE
    _printf_return_value                     0x00000000   Number         0  printf_stubs.o ABSOLUTE
    _printf_sizespec                         0x00000000   Number         0  printf_stubs.o ABSOLUTE
    _printf_widthprec                        0x00000000   Number         0  printf_stubs.o ABSOLUTE
    __ARM_exceptions_init                     - Undefined Weak Reference
    __alloca_initialize                       - Undefined Weak Reference
    __arm_fini_                               - Undefined Weak Reference
    __arm_preinit_                            - Undefined Weak Reference
    __cpp_initialize__aeabi_                  - Undefined Weak Reference
    __cxa_finalize                            - Undefined Weak Reference
    __sigvec_lookup                           - Undefined Weak Reference
    _atexit_init                              - Undefined Weak Reference
    _call_atexit_fns                          - Undefined Weak Reference
    _clock_init                               - Undefined Weak Reference
    _fp_trap_init                             - Undefined Weak Reference
    _fp_trap_shutdown                         - Undefined Weak Reference
    _get_lc_collate                           - Undefined Weak Reference
    _get_lc_monetary                          - Undefined Weak Reference
    _get_lc_time                              - Undefined Weak Reference
    _getenv_init                              - Undefined Weak Reference
    _handle_redirection                       - Undefined Weak Reference
    _init_alloc                               - Undefined Weak Reference
    _init_user_alloc                          - Undefined Weak Reference
    _initio                                   - Undefined Weak Reference
    _printf_mbtowc                            - Undefined Weak Reference
    _printf_wc                                - Undefined Weak Reference
    _rand_init                                - Undefined Weak Reference
    _signal_finish                            - Undefined Weak Reference
    _signal_init                              - Undefined Weak Reference
    _terminate_alloc                          - Undefined Weak Reference
    _terminate_user_alloc                     - Undefined Weak Reference
    _terminateio                              - Undefined Weak Reference
    __Vectors_Size                           0x00000194   Number         0  startup_stm32f401xc.o ABSOLUTE
    __Vectors                                0x08000000   Data           4  startup_stm32f401xc.o(RESET)
    __Vectors_End                            0x08000194   Data           0  startup_stm32f401xc.o(RESET)
    __main                                   0x08000195   Thumb Code     8  __main.o(!!!main)
    __scatterload                            0x0800019d   Thumb Code     0  __scatter.o(!!!scatter)
    __scatterload_rt2                        0x0800019d   Thumb Code    44  __scatter.o(!!!scatter)
    __scatterload_rt2_thumb_only             0x0800019d   Thumb Code     0  __scatter.o(!!!scatter)
    __scatterload_null                       0x080001ab   Thumb Code     0  __scatter.o(!!!scatter)
    __scatterload_copy                       0x080001d1   Thumb Code    26  __scatter_copy.o(!!handler_copy)
    __scatterload_zeroinit                   0x080001ed   Thumb Code    28  __scatter_zi.o(!!handler_zi)
    _printf_n                                0x08000209   Thumb Code     0  _printf_n.o(.ARM.Collect$$_printf_percent$$00000001)
    _printf_percent                          0x08000209   Thumb Code     0  _printf_percent.o(.ARM.Collect$$_printf_percent$$00000000)
    _printf_p                                0x0800020f   Thumb Code     0  _printf_p.o(.ARM.Collect$$_printf_percent$$00000002)
    _printf_f                                0x08000215   Thumb Code     0  _printf_f.o(.ARM.Collect$$_printf_percent$$00000003)
    _printf_e                                0x0800021b   Thumb Code     0  _printf_e.o(.ARM.Collect$$_printf_percent$$00000004)
    _printf_g                                0x08000221   Thumb Code     0  _printf_g.o(.ARM.Collect$$_printf_percent$$00000005)
    _printf_a                                0x08000227   Thumb Code     0  _printf_a.o(.ARM.Collect$$_printf_percent$$00000006)
    _printf_ll                               0x0800022d   Thumb Code     0  _printf_ll.o(.ARM.Collect$$_printf_percent$$00000007)
    _printf_i                                0x08000237   Thumb Code     0  _printf_i.o(.ARM.Collect$$_printf_percent$$00000008)
    _printf_d                                0x0800023d   Thumb Code     0  _printf_d.o(.ARM.Collect$$_printf_percent$$00000009)
    _printf_u                                0x08000243   Thumb Code     0  _printf_u.o(.ARM.Collect$$_printf_percent$$0000000A)
    _printf_o                                0x08000249   Thumb Code     0  _printf_o.o(.ARM.Collect$$_printf_percent$$0000000B)
    _printf_x                                0x0800024f   Thumb Code     0  _printf_x.o(.ARM.Collect$$_printf_percent$$0000000C)
    _printf_lli                              0x08000255   Thumb Code     0  _printf_lli.o(.ARM.Collect$$_printf_percent$$0000000D)
    _printf_lld                              0x0800025b   Thumb Code     0  _printf_lld.o(.ARM.Collect$$_printf_percent$$0000000E)
    _printf_llu                              0x08000261   Thumb Code     0  _printf_llu.o(.ARM.Collect$$_printf_percent$$0000000F)
    _printf_llo                              0x08000267   Thumb Code     0  _printf_llo.o(.ARM.Collect$$_printf_percent$$00000010)
    _printf_llx                              0x0800026d   Thumb Code     0  _printf_llx.o(.ARM.Collect$$_printf_percent$$00000011)
    _printf_l                                0x08000273   Thumb Code     0  _printf_l.o(.ARM.Collect$$_printf_percent$$00000012)
    _printf_c                                0x0800027d   Thumb Code     0  _printf_c.o(.ARM.Collect$$_printf_percent$$00000013)
    _printf_s                                0x08000283   Thumb Code     0  _printf_s.o(.ARM.Collect$$_printf_percent$$00000014)
    _printf_lc                               0x08000289   Thumb Code     0  _printf_lc.o(.ARM.Collect$$_printf_percent$$00000015)
    _printf_ls                               0x0800028f   Thumb Code     0  _printf_ls.o(.ARM.Collect$$_printf_percent$$00000016)
    _printf_percent_end                      0x08000295   Thumb Code     0  _printf_percent_end.o(.ARM.Collect$$_printf_percent$$00000017)
    __rt_lib_init                            0x08000299   Thumb Code     0  libinit.o(.ARM.Collect$$libinit$$00000000)
    __rt_lib_init_fp_1                       0x0800029b   Thumb Code     0  libinit2.o(.ARM.Collect$$libinit$$00000001)
    __rt_lib_init_heap_1                     0x0800029f   Thumb Code     0  libinit2.o(.ARM.Collect$$libinit$$0000000A)
    __rt_lib_init_lc_common                  0x0800029f   Thumb Code     0  libinit2.o(.ARM.Collect$$libinit$$0000000F)
    __rt_lib_init_preinit_1                  0x0800029f   Thumb Code     0  libinit2.o(.ARM.Collect$$libinit$$00000004)
    __rt_lib_init_rand_1                     0x0800029f   Thumb Code     0  libinit2.o(.ARM.Collect$$libinit$$0000000E)
    __rt_lib_init_user_alloc_1               0x0800029f   Thumb Code     0  libinit2.o(.ARM.Collect$$libinit$$0000000C)
    __rt_lib_init_lc_collate_1               0x080002a5   Thumb Code     0  libinit2.o(.ARM.Collect$$libinit$$00000011)
    __rt_lib_init_lc_ctype_2                 0x080002a5   Thumb Code     0  libinit2.o(.ARM.Collect$$libinit$$00000012)
    __rt_lib_init_lc_ctype_1                 0x080002b1   Thumb Code     0  libinit2.o(.ARM.Collect$$libinit$$00000013)
    __rt_lib_init_lc_monetary_1              0x080002b1   Thumb Code     0  libinit2.o(.ARM.Collect$$libinit$$00000015)
    __rt_lib_init_lc_numeric_2               0x080002b1   Thumb Code     0  libinit2.o(.ARM.Collect$$libinit$$00000016)
    __rt_lib_init_alloca_1                   0x080002bb   Thumb Code     0  libinit2.o(.ARM.Collect$$libinit$$0000002E)
    __rt_lib_init_argv_1                     0x080002bb   Thumb Code     0  libinit2.o(.ARM.Collect$$libinit$$0000002C)
    __rt_lib_init_atexit_1                   0x080002bb   Thumb Code     0  libinit2.o(.ARM.Collect$$libinit$$0000001B)
    __rt_lib_init_clock_1                    0x080002bb   Thumb Code     0  libinit2.o(.ARM.Collect$$libinit$$00000021)
    __rt_lib_init_cpp_1                      0x080002bb   Thumb Code     0  libinit2.o(.ARM.Collect$$libinit$$00000032)
    __rt_lib_init_exceptions_1               0x080002bb   Thumb Code     0  libinit2.o(.ARM.Collect$$libinit$$00000030)
    __rt_lib_init_fp_trap_1                  0x080002bb   Thumb Code     0  libinit2.o(.ARM.Collect$$libinit$$0000001F)
    __rt_lib_init_getenv_1                   0x080002bb   Thumb Code     0  libinit2.o(.ARM.Collect$$libinit$$00000023)
    __rt_lib_init_lc_numeric_1               0x080002bb   Thumb Code     0  libinit2.o(.ARM.Collect$$libinit$$00000017)
    __rt_lib_init_lc_time_1                  0x080002bb   Thumb Code     0  libinit2.o(.ARM.Collect$$libinit$$00000019)
    __rt_lib_init_return                     0x080002bb   Thumb Code     0  libinit2.o(.ARM.Collect$$libinit$$00000033)
    __rt_lib_init_signal_1                   0x080002bb   Thumb Code     0  libinit2.o(.ARM.Collect$$libinit$$0000001D)
    __rt_lib_init_stdio_1                    0x080002bb   Thumb Code     0  libinit2.o(.ARM.Collect$$libinit$$00000025)
    __rt_lib_shutdown                        0x080002bd   Thumb Code     0  libshutdown.o(.ARM.Collect$$libshutdown$$00000000)
    __rt_lib_shutdown_cpp_1                  0x080002bf   Thumb Code     0  libshutdown2.o(.ARM.Collect$$libshutdown$$00000004)
    __rt_lib_shutdown_fini_1                 0x080002bf   Thumb Code     0  libshutdown2.o(.ARM.Collect$$libshutdown$$00000002)
    __rt_lib_shutdown_fp_trap_1              0x080002bf   Thumb Code     0  libshutdown2.o(.ARM.Collect$$libshutdown$$00000009)
    __rt_lib_shutdown_heap_1                 0x080002bf   Thumb Code     0  libshutdown2.o(.ARM.Collect$$libshutdown$$00000011)
    __rt_lib_shutdown_return                 0x080002bf   Thumb Code     0  libshutdown2.o(.ARM.Collect$$libshutdown$$00000012)
    __rt_lib_shutdown_signal_1               0x080002bf   Thumb Code     0  libshutdown2.o(.ARM.Collect$$libshutdown$$0000000C)
    __rt_lib_shutdown_stdio_1                0x080002bf   Thumb Code     0  libshutdown2.o(.ARM.Collect$$libshutdown$$00000006)
    __rt_lib_shutdown_user_alloc_1           0x080002bf   Thumb Code     0  libshutdown2.o(.ARM.Collect$$libshutdown$$0000000E)
    __rt_entry                               0x080002c1   Thumb Code     0  __rtentry.o(.ARM.Collect$$rtentry$$00000000)
    __rt_entry_presh_1                       0x080002c1   Thumb Code     0  __rtentry2.o(.ARM.Collect$$rtentry$$00000002)
    __rt_entry_sh                            0x080002c1   Thumb Code     0  __rtentry4.o(.ARM.Collect$$rtentry$$00000004)
    __rt_entry_li                            0x080002c7   Thumb Code     0  __rtentry2.o(.ARM.Collect$$rtentry$$0000000A)
    __rt_entry_postsh_1                      0x080002c7   Thumb Code     0  __rtentry2.o(.ARM.Collect$$rtentry$$00000009)
    __rt_entry_main                          0x080002cb   Thumb Code     0  __rtentry2.o(.ARM.Collect$$rtentry$$0000000D)
    __rt_entry_postli_1                      0x080002cb   Thumb Code     0  __rtentry2.o(.ARM.Collect$$rtentry$$0000000C)
    __rt_exit                                0x080002d3   Thumb Code     0  rtexit.o(.ARM.Collect$$rtexit$$00000000)
    __rt_exit_ls                             0x080002d5   Thumb Code     0  rtexit2.o(.ARM.Collect$$rtexit$$00000003)
    __rt_exit_prels_1                        0x080002d5   Thumb Code     0  rtexit2.o(.ARM.Collect$$rtexit$$00000002)
    __rt_exit_exit                           0x080002d9   Thumb Code     0  rtexit2.o(.ARM.Collect$$rtexit$$00000004)
    Reset_Handler                            0x080002e1   Thumb Code     8  startup_stm32f401xc.o(.text)
    ADC_IRQHandler                           0x080002fb   Thumb Code     0  startup_stm32f401xc.o(.text)
    DMA1_Stream0_IRQHandler                  0x080002fb   Thumb Code     0  startup_stm32f401xc.o(.text)
    DMA1_Stream1_IRQHandler                  0x080002fb   Thumb Code     0  startup_stm32f401xc.o(.text)
    DMA1_Stream2_IRQHandler                  0x080002fb   Thumb Code     0  startup_stm32f401xc.o(.text)
    DMA1_Stream3_IRQHandler                  0x080002fb   Thumb Code     0  startup_stm32f401xc.o(.text)
    DMA1_Stream4_IRQHandler                  0x080002fb   Thumb Code     0  startup_stm32f401xc.o(.text)
    DMA1_Stream5_IRQHandler                  0x080002fb   Thumb Code     0  startup_stm32f401xc.o(.text)
    DMA1_Stream6_IRQHandler                  0x080002fb   Thumb Code     0  startup_stm32f401xc.o(.text)
    DMA1_Stream7_IRQHandler                  0x080002fb   Thumb Code     0  startup_stm32f401xc.o(.text)
    DMA2_Stream0_IRQHandler                  0x080002fb   Thumb Code     0  startup_stm32f401xc.o(.text)
    DMA2_Stream1_IRQHandler                  0x080002fb   Thumb Code     0  startup_stm32f401xc.o(.text)
    DMA2_Stream2_IRQHandler                  0x080002fb   Thumb Code     0  startup_stm32f401xc.o(.text)
    DMA2_Stream3_IRQHandler                  0x080002fb   Thumb Code     0  startup_stm32f401xc.o(.text)
    DMA2_Stream4_IRQHandler                  0x080002fb   Thumb Code     0  startup_stm32f401xc.o(.text)
    DMA2_Stream5_IRQHandler                  0x080002fb   Thumb Code     0  startup_stm32f401xc.o(.text)
    DMA2_Stream6_IRQHandler                  0x080002fb   Thumb Code     0  startup_stm32f401xc.o(.text)
    DMA2_Stream7_IRQHandler                  0x080002fb   Thumb Code     0  startup_stm32f401xc.o(.text)
    EXTI0_IRQHandler                         0x080002fb   Thumb Code     0  startup_stm32f401xc.o(.text)
    EXTI15_10_IRQHandler                     0x080002fb   Thumb Code     0  startup_stm32f401xc.o(.text)
    EXTI1_IRQHandler                         0x080002fb   Thumb Code     0  startup_stm32f401xc.o(.text)
    EXTI2_IRQHandler                         0x080002fb   Thumb Code     0  startup_stm32f401xc.o(.text)
    EXTI3_IRQHandler                         0x080002fb   Thumb Code     0  startup_stm32f401xc.o(.text)
    EXTI4_IRQHandler                         0x080002fb   Thumb Code     0  startup_stm32f401xc.o(.text)
    EXTI9_5_IRQHandler                       0x080002fb   Thumb Code     0  startup_stm32f401xc.o(.text)
    FLASH_IRQHandler                         0x080002fb   Thumb Code     0  startup_stm32f401xc.o(.text)
    FPU_IRQHandler                           0x080002fb   Thumb Code     0  startup_stm32f401xc.o(.text)
    I2C1_ER_IRQHandler                       0x080002fb   Thumb Code     0  startup_stm32f401xc.o(.text)
    I2C1_EV_IRQHandler                       0x080002fb   Thumb Code     0  startup_stm32f401xc.o(.text)
    I2C2_ER_IRQHandler                       0x080002fb   Thumb Code     0  startup_stm32f401xc.o(.text)
    I2C2_EV_IRQHandler                       0x080002fb   Thumb Code     0  startup_stm32f401xc.o(.text)
    I2C3_ER_IRQHandler                       0x080002fb   Thumb Code     0  startup_stm32f401xc.o(.text)
    I2C3_EV_IRQHandler                       0x080002fb   Thumb Code     0  startup_stm32f401xc.o(.text)
    OTG_FS_IRQHandler                        0x080002fb   Thumb Code     0  startup_stm32f401xc.o(.text)
    OTG_FS_WKUP_IRQHandler                   0x080002fb   Thumb Code     0  startup_stm32f401xc.o(.text)
    PVD_IRQHandler                           0x080002fb   Thumb Code     0  startup_stm32f401xc.o(.text)
    RCC_IRQHandler                           0x080002fb   Thumb Code     0  startup_stm32f401xc.o(.text)
    RTC_Alarm_IRQHandler                     0x080002fb   Thumb Code     0  startup_stm32f401xc.o(.text)
    RTC_WKUP_IRQHandler                      0x080002fb   Thumb Code     0  startup_stm32f401xc.o(.text)
    SDIO_IRQHandler                          0x080002fb   Thumb Code     0  startup_stm32f401xc.o(.text)
    SPI1_IRQHandler                          0x080002fb   Thumb Code     0  startup_stm32f401xc.o(.text)
    SPI2_IRQHandler                          0x080002fb   Thumb Code     0  startup_stm32f401xc.o(.text)
    SPI3_IRQHandler                          0x080002fb   Thumb Code     0  startup_stm32f401xc.o(.text)
    SPI4_IRQHandler                          0x080002fb   Thumb Code     0  startup_stm32f401xc.o(.text)
    TAMP_STAMP_IRQHandler                    0x080002fb   Thumb Code     0  startup_stm32f401xc.o(.text)
    TIM1_BRK_TIM9_IRQHandler                 0x080002fb   Thumb Code     0  startup_stm32f401xc.o(.text)
    TIM1_CC_IRQHandler                       0x080002fb   Thumb Code     0  startup_stm32f401xc.o(.text)
    TIM1_TRG_COM_TIM11_IRQHandler            0x080002fb   Thumb Code     0  startup_stm32f401xc.o(.text)
    TIM1_UP_TIM10_IRQHandler                 0x080002fb   Thumb Code     0  startup_stm32f401xc.o(.text)
    TIM2_IRQHandler                          0x080002fb   Thumb Code     0  startup_stm32f401xc.o(.text)
    TIM3_IRQHandler                          0x080002fb   Thumb Code     0  startup_stm32f401xc.o(.text)
    TIM4_IRQHandler                          0x080002fb   Thumb Code     0  startup_stm32f401xc.o(.text)
    TIM5_IRQHandler                          0x080002fb   Thumb Code     0  startup_stm32f401xc.o(.text)
    USART1_IRQHandler                        0x080002fb   Thumb Code     0  startup_stm32f401xc.o(.text)
    USART2_IRQHandler                        0x080002fb   Thumb Code     0  startup_stm32f401xc.o(.text)
    USART6_IRQHandler                        0x080002fb   Thumb Code     0  startup_stm32f401xc.o(.text)
    WWDG_IRQHandler                          0x080002fb   Thumb Code     0  startup_stm32f401xc.o(.text)
    __user_initial_stackheap                 0x080002fd   Thumb Code     0  startup_stm32f401xc.o(.text)
    __aeabi_uldivmod                         0x08000321   Thumb Code     0  lludivv7m.o(.text)
    _ll_udiv                                 0x08000321   Thumb Code   238  lludivv7m.o(.text)
    vsprintf                                 0x08000411   Thumb Code    32  vsprintf.o(.text)
    __aeabi_memclr                           0x08000435   Thumb Code     0  rt_memclr.o(.text)
    __rt_memclr                              0x08000435   Thumb Code    68  rt_memclr.o(.text)
    _memset                                  0x08000439   Thumb Code     0  rt_memclr.o(.text)
    __aeabi_memclr4                          0x08000479   Thumb Code     0  rt_memclr_w.o(.text)
    __aeabi_memclr8                          0x08000479   Thumb Code     0  rt_memclr_w.o(.text)
    __rt_memclr_w                            0x08000479   Thumb Code    78  rt_memclr_w.o(.text)
    _memset_w                                0x0800047d   Thumb Code     0  rt_memclr_w.o(.text)
    __use_two_region_memory                  0x080004c7   Thumb Code     2  heapauxi.o(.text)
    __rt_heap_escrow$2region                 0x080004c9   Thumb Code     2  heapauxi.o(.text)
    __rt_heap_expand$2region                 0x080004cb   Thumb Code     2  heapauxi.o(.text)
    _printf_pre_padding                      0x080004cd   Thumb Code    44  _printf_pad.o(.text)
    _printf_post_padding                     0x080004f9   Thumb Code    34  _printf_pad.o(.text)
    _printf_truncate_signed                  0x0800051b   Thumb Code    18  _printf_truncate.o(.text)
    _printf_truncate_unsigned                0x0800052d   Thumb Code    18  _printf_truncate.o(.text)
    _printf_str                              0x0800053f   Thumb Code    82  _printf_str.o(.text)
    _printf_int_dec                          0x08000591   Thumb Code   104  _printf_dec.o(.text)
    _printf_charcount                        0x08000609   Thumb Code    40  _printf_charcount.o(.text)
    _printf_char_common                      0x0800063b   Thumb Code    32  _printf_char_common.o(.text)
    _sputc                                   0x08000661   Thumb Code    10  _sputc.o(.text)
    _printf_wctomb                           0x0800066d   Thumb Code   182  _printf_wctomb.o(.text)
    _printf_longlong_dec                     0x08000729   Thumb Code   108  _printf_longlong_dec.o(.text)
    _printf_longlong_oct                     0x080007a5   Thumb Code    66  _printf_oct_int_ll.o(.text)
    _printf_int_oct                          0x080007e7   Thumb Code    24  _printf_oct_int_ll.o(.text)
    _printf_ll_oct                           0x080007ff   Thumb Code    12  _printf_oct_int_ll.o(.text)
    _printf_longlong_hex                     0x08000815   Thumb Code    86  _printf_hex_int_ll_ptr.o(.text)
    _printf_int_hex                          0x0800086b   Thumb Code    28  _printf_hex_int_ll_ptr.o(.text)
    _printf_ll_hex                           0x08000887   Thumb Code    12  _printf_hex_int_ll_ptr.o(.text)
    _printf_hex_ptr                          0x08000893   Thumb Code    18  _printf_hex_int_ll_ptr.o(.text)
    __printf                                 0x080008a9   Thumb Code   388  __printf_flags_ss_wp.o(.text)
    _ll_udiv10                               0x08000a31   Thumb Code   138  lludiv10.o(.text)
    _printf_int_common                       0x08000abb   Thumb Code   178  _printf_intcommon.o(.text)
    __lib_sel_fp_printf                      0x08000b6d   Thumb Code     2  _printf_fp_dec.o(.text)
    _printf_fp_dec_real                      0x08000d1f   Thumb Code   620  _printf_fp_dec.o(.text)
    _printf_fp_hex_real                      0x08000f8d   Thumb Code   756  _printf_fp_hex.o(.text)
    _printf_cs_common                        0x08001289   Thumb Code    20  _printf_char.o(.text)
    _printf_char                             0x0800129d   Thumb Code    16  _printf_char.o(.text)
    _printf_string                           0x080012ad   Thumb Code     8  _printf_char.o(.text)
    _printf_lcs_common                       0x080012b5   Thumb Code    20  _printf_wchar.o(.text)
    _printf_wchar                            0x080012c9   Thumb Code    16  _printf_wchar.o(.text)
    _printf_wstring                          0x080012d9   Thumb Code     8  _printf_wchar.o(.text)
    _wcrtomb                                 0x080012e1   Thumb Code    64  _wcrtomb.o(.text)
    __user_setup_stackheap                   0x08001321   Thumb Code    74  sys_stackheap_outer.o(.text)
    __rt_ctype_table                         0x0800136d   Thumb Code    16  rt_ctype_table.o(.text)
    __rt_locale                              0x0800137d   Thumb Code     8  rt_locale_intlibspace.o(.text)
    _printf_fp_infnan                        0x08001385   Thumb Code   112  _printf_fp_infnan.o(.text)
    _btod_etento                             0x08001405   Thumb Code   224  bigflt0.o(.text)
    exit                                     0x080014e9   Thumb Code    18  exit.o(.text)
    __user_libspace                          0x080014fd   Thumb Code     8  libspace.o(.text)
    __user_perproc_libspace                  0x080014fd   Thumb Code     0  libspace.o(.text)
    __user_perthread_libspace                0x080014fd   Thumb Code     0  libspace.o(.text)
    strcmp                                   0x08001505   Thumb Code   128  strcmpv7m.o(.text)
    _sys_exit                                0x08001585   Thumb Code     8  sys_exit.o(.text)
    __I$use$semihosting                      0x08001591   Thumb Code     0  use_no_semi.o(.text)
    __use_no_semihosting_swi                 0x08001591   Thumb Code     2  use_no_semi.o(.text)
    __semihosting_library_function           0x08001593   Thumb Code     0  indicate_semi.o(.text)
    _btod_d2e                                0x08001593   Thumb Code    62  btod.o(CL$$btod_d2e)
    _d2e_denorm_low                          0x080015d1   Thumb Code    70  btod.o(CL$$btod_d2e_denorm_low)
    _d2e_norm_op1                            0x08001617   Thumb Code    96  btod.o(CL$$btod_d2e_norm_op1)
    __btod_div_common                        0x08001677   Thumb Code   696  btod.o(CL$$btod_div_common)
    _e2e                                     0x080019af   Thumb Code   220  btod.o(CL$$btod_e2e)
    _btod_ediv                               0x08001a8b   Thumb Code    42  btod.o(CL$$btod_ediv)
    _btod_emul                               0x08001ab5   Thumb Code    42  btod.o(CL$$btod_emul)
    __btod_mult_common                       0x08001adf   Thumb Code   580  btod.o(CL$$btod_mult_common)
    BL_Print_Message                         0x08001d25   Thumb Code    52  bootloader.o(i.BL_Print_Message)
    BL_UART_Fetch_Host_Command               0x08001d5d   Thumb Code   284  bootloader.o(i.BL_UART_Fetch_Host_Command)
    BusFault_Handler                         0x08002391   Thumb Code     4  stm32f4xx_it.o(i.BusFault_Handler)
    DebugMon_Handler                         0x080023f9   Thumb Code     2  stm32f4xx_it.o(i.DebugMon_Handler)
    Error_Handler                            0x080023fb   Thumb Code     6  main.o(i.Error_Handler)
    FLASH_Erase_Sector                       0x08002401   Thumb Code    86  stm32f4xx_hal_flash_ex.o(i.FLASH_Erase_Sector)
    FLASH_FlushCaches                        0x0800245d   Thumb Code   114  stm32f4xx_hal_flash_ex.o(i.FLASH_FlushCaches)
    FLASH_WaitForLastOperation               0x08002785   Thumb Code    90  stm32f4xx_hal_flash.o(i.FLASH_WaitForLastOperation)
    HAL_CRC_Accumulate                       0x08002857   Thumb Code    40  stm32f4xx_hal_crc.o(i.HAL_CRC_Accumulate)
    HAL_CRC_Init                             0x0800287f   Thumb Code    32  stm32f4xx_hal_crc.o(i.HAL_CRC_Init)
    HAL_CRC_MspInit                          0x080028a1   Thumb Code    44  crc.o(i.HAL_CRC_MspInit)
    HAL_FLASHEx_Erase                        0x080028d5   Thumb Code   164  stm32f4xx_hal_flash_ex.o(i.HAL_FLASHEx_Erase)
    HAL_FLASHEx_OBGetConfig                  0x08002981   Thumb Code    34  stm32f4xx_hal_flash_ex.o(i.HAL_FLASHEx_OBGetConfig)
    HAL_FLASHEx_OBProgram                    0x080029a5   Thumb Code   144  stm32f4xx_hal_flash_ex.o(i.HAL_FLASHEx_OBProgram)
    HAL_FLASH_Lock                           0x08002a39   Thumb Code    16  stm32f4xx_hal_flash.o(i.HAL_FLASH_Lock)
    HAL_FLASH_OB_Launch                      0x08002a4d   Thumb Code    24  stm32f4xx_hal_flash.o(i.HAL_FLASH_OB_Launch)
    HAL_FLASH_OB_Lock                        0x08002a69   Thumb Code    16  stm32f4xx_hal_flash.o(i.HAL_FLASH_OB_Lock)
    HAL_FLASH_OB_Unlock                      0x08002a7d   Thumb Code    32  stm32f4xx_hal_flash.o(i.HAL_FLASH_OB_Unlock)
    HAL_FLASH_Program                        0x08002aa9   Thumb Code   142  stm32f4xx_hal_flash.o(i.HAL_FLASH_Program)
    HAL_FLASH_Unlock                         0x08002b41   Thumb Code    38  stm32f4xx_hal_flash.o(i.HAL_FLASH_Unlock)
    HAL_GPIO_Init                            0x08002b75   Thumb Code   424  stm32f4xx_hal_gpio.o(i.HAL_GPIO_Init)
    HAL_GetTick                              0x08002d3d   Thumb Code     6  stm32f4xx_hal.o(i.HAL_GetTick)
    HAL_IncTick                              0x08002d49   Thumb Code    16  stm32f4xx_hal.o(i.HAL_IncTick)
    HAL_Init                                 0x08002d61   Thumb Code    54  stm32f4xx_hal.o(i.HAL_Init)
    HAL_InitTick                             0x08002d9d   Thumb Code    64  stm32f4xx_hal.o(i.HAL_InitTick)
    HAL_MspInit                              0x08002de9   Thumb Code    68  stm32f4xx_hal_msp.o(i.HAL_MspInit)
    HAL_NVIC_SetPriority                     0x08002e31   Thumb Code   124  stm32f4xx_hal_cortex.o(i.HAL_NVIC_SetPriority)
    HAL_NVIC_SetPriorityGrouping             0x08002ead   Thumb Code    32  stm32f4xx_hal_cortex.o(i.HAL_NVIC_SetPriorityGrouping)
    HAL_RCC_ClockConfig                      0x08002ed5   Thumb Code   368  stm32f4xx_hal_rcc.o(i.HAL_RCC_ClockConfig)
    HAL_RCC_DeInit                           0x08003059   Thumb Code   358  stm32f4xx_hal_rcc_ex.o(i.HAL_RCC_DeInit)
    HAL_RCC_GetHCLKFreq                      0x080031d9   Thumb Code     6  stm32f4xx_hal_rcc.o(i.HAL_RCC_GetHCLKFreq)
    HAL_RCC_GetPCLK1Freq                     0x080031e5   Thumb Code    22  stm32f4xx_hal_rcc.o(i.HAL_RCC_GetPCLK1Freq)
    HAL_RCC_GetPCLK2Freq                     0x08003205   Thumb Code    22  stm32f4xx_hal_rcc.o(i.HAL_RCC_GetPCLK2Freq)
    HAL_RCC_GetSysClockFreq                  0x08003225   Thumb Code   162  stm32f4xx_hal_rcc.o(i.HAL_RCC_GetSysClockFreq)
    HAL_RCC_OscConfig                        0x080032d5   Thumb Code  1172  stm32f4xx_hal_rcc.o(i.HAL_RCC_OscConfig)
    HAL_SYSTICK_Config                       0x08003771   Thumb Code    52  stm32f4xx_hal_cortex.o(i.HAL_SYSTICK_Config)
    HAL_UART_Init                            0x080037a5   Thumb Code   114  stm32f4xx_hal_uart.o(i.HAL_UART_Init)
    HAL_UART_MspInit                         0x08003819   Thumb Code   234  usart.o(i.HAL_UART_MspInit)
    HAL_UART_Receive                         0x08003915   Thumb Code   220  stm32f4xx_hal_uart.o(i.HAL_UART_Receive)
    HAL_UART_Transmit                        0x080039f1   Thumb Code   210  stm32f4xx_hal_uart.o(i.HAL_UART_Transmit)
    HardFault_Handler                        0x08003ac3   Thumb Code     4  stm32f4xx_it.o(i.HardFault_Handler)
    MX_CRC_Init                              0x08003af5   Thumb Code    22  crc.o(i.MX_CRC_Init)
    MX_GPIO_Init                             0x08003b15   Thumb Code    36  gpio.o(i.MX_GPIO_Init)
    MX_USART1_UART_Init                      0x08003b3d   Thumb Code    46  usart.o(i.MX_USART1_UART_Init)
    MX_USART2_UART_Init                      0x08003b75   Thumb Code    46  usart.o(i.MX_USART2_UART_Init)
    MemManage_Handler                        0x08003bad   Thumb Code     4  stm32f4xx_it.o(i.MemManage_Handler)
    NMI_Handler                              0x08003bb1   Thumb Code     4  stm32f4xx_it.o(i.NMI_Handler)
    PendSV_Handler                           0x08003bb5   Thumb Code     2  stm32f4xx_it.o(i.PendSV_Handler)
    SVC_Handler                              0x08003c31   Thumb Code     2  stm32f4xx_it.o(i.SVC_Handler)
    SysTick_Handler                          0x08003c33   Thumb Code     8  stm32f4xx_it.o(i.SysTick_Handler)
    SystemClock_Config                       0x08003c3d   Thumb Code   148  main.o(i.SystemClock_Config)
    SystemInit                               0x08003cd9   Thumb Code    14  system_stm32f4xx.o(i.SystemInit)
    UsageFault_Handler                       0x08003fab   Thumb Code     4  stm32f4xx_it.o(i.UsageFault_Handler)
    __ARM_fpclassify                         0x08003faf   Thumb Code    48  fpclassify.o(i.__ARM_fpclassify)
    _is_digit                                0x08004019   Thumb Code    14  __printf_wp.o(i._is_digit)
    main                                     0x08004027   Thumb Code    34  main.o(i.main)
    _get_lc_numeric                          0x08004049   Thumb Code    44  lc_numeric_c.o(locale$$code)
    _get_lc_ctype                            0x08004075   Thumb Code    44  lc_ctype_c.o(locale$$code)
    _fp_init                                 0x080040a1   Thumb Code    10  fpinit.o(x$fpl$fpinit)
    __fplib_config_fpu_vfp                   0x080040a9   Thumb Code     0  fpinit.o(x$fpl$fpinit)
    __fplib_config_pureend_doubles           0x080040a9   Thumb Code     0  fpinit.o(x$fpl$fpinit)
    _printf_fp_dec                           0x080040ab   Thumb Code     4  printf1.o(x$fpl$printf1)
    _printf_fp_hex                           0x080040af   Thumb Code     4  printf2.o(x$fpl$printf2)
    AHBPrescTable                            0x080040b2   Data          16  system_stm32f4xx.o(.constdata)
    __I$use$fp                               0x080040b2   Number         0  usenofp.o(x$fpl$usenofp)
    APBPrescTable                            0x080040c2   Data           8  system_stm32f4xx.o(.constdata)
    Region$$Table$$Base                      0x080041c8   Number         0  anon$$obj.o(Region$$Table)
    Region$$Table$$Limit                     0x080041e8   Number         0  anon$$obj.o(Region$$Table)
    __ctype                                  0x08004211   Data           0  lc_ctype_c.o(locale$$data)
    hcrc                                     0x20000000   Data           8  crc.o(.data)
    uwTick                                   0x20000008   Data           4  stm32f4xx_hal.o(.data)
    uwTickPrio                               0x2000000c   Data           4  stm32f4xx_hal.o(.data)
    uwTickFreq                               0x20000010   Data           1  stm32f4xx_hal.o(.data)
    SystemCoreClock                          0x20000014   Data           4  system_stm32f4xx.o(.data)
    huart1                                   0x20000024   Data          68  usart.o(.bss)
    huart2                                   0x20000068   Data          68  usart.o(.bss)
    pFlash                                   0x200000ac   Data          32  stm32f4xx_hal_flash.o(.bss)
    __libspace_start                         0x20000194   Data          96  libspace.o(.bss)
    __temporary_stack_top$libspace           0x200001f4   Data           0  libspace.o(.bss)



==============================================================================

Memory Map of the image

  Image Entry point : 0x08000195

  Load Region LR_IROM1 (Base: 0x08000000, Size: 0x00004338, Max: 0x00040000, ABSOLUTE)

    Execution Region ER_IROM1 (Exec base: 0x08000000, Load base: 0x08000000, Size: 0x00004314, Max: 0x00040000, ABSOLUTE)

    Exec Addr    Load Addr    Size         Type   Attr      Idx    E Section Name        Object

    0x08000000   0x08000000   0x00000194   Data   RO            3    RESET               startup_stm32f401xc.o
    0x08000194   0x08000194   0x00000008   Code   RO         2294  * !!!main             c_w.l(__main.o)
    0x0800019c   0x0800019c   0x00000034   Code   RO         2627    !!!scatter          c_w.l(__scatter.o)
    0x080001d0   0x080001d0   0x0000001a   Code   RO         2629    !!handler_copy      c_w.l(__scatter_copy.o)
    0x080001ea   0x080001ea   0x00000002   PAD
    0x080001ec   0x080001ec   0x0000001c   Code   RO         2631    !!handler_zi        c_w.l(__scatter_zi.o)
    0x08000208   0x08000208   0x00000000   Code   RO         2382    .ARM.Collect$$_printf_percent$$00000000  c_w.l(_printf_percent.o)
    0x08000208   0x08000208   0x00000006   Code   RO         2371    .ARM.Collect$$_printf_percent$$00000001  c_w.l(_printf_n.o)
    0x0800020e   0x0800020e   0x00000006   Code   RO         2373    .ARM.Collect$$_printf_percent$$00000002  c_w.l(_printf_p.o)
    0x08000214   0x08000214   0x00000006   Code   RO         2378    .ARM.Collect$$_printf_percent$$00000003  c_w.l(_printf_f.o)
    0x0800021a   0x0800021a   0x00000006   Code   RO         2379    .ARM.Collect$$_printf_percent$$00000004  c_w.l(_printf_e.o)
    0x08000220   0x08000220   0x00000006   Code   RO         2380    .ARM.Collect$$_printf_percent$$00000005  c_w.l(_printf_g.o)
    0x08000226   0x08000226   0x00000006   Code   RO         2381    .ARM.Collect$$_printf_percent$$00000006  c_w.l(_printf_a.o)
    0x0800022c   0x0800022c   0x0000000a   Code   RO         2386    .ARM.Collect$$_printf_percent$$00000007  c_w.l(_printf_ll.o)
    0x08000236   0x08000236   0x00000006   Code   RO         2375    .ARM.Collect$$_printf_percent$$00000008  c_w.l(_printf_i.o)
    0x0800023c   0x0800023c   0x00000006   Code   RO         2376    .ARM.Collect$$_printf_percent$$00000009  c_w.l(_printf_d.o)
    0x08000242   0x08000242   0x00000006   Code   RO         2377    .ARM.Collect$$_printf_percent$$0000000A  c_w.l(_printf_u.o)
    0x08000248   0x08000248   0x00000006   Code   RO         2374    .ARM.Collect$$_printf_percent$$0000000B  c_w.l(_printf_o.o)
    0x0800024e   0x0800024e   0x00000006   Code   RO         2372    .ARM.Collect$$_printf_percent$$0000000C  c_w.l(_printf_x.o)
    0x08000254   0x08000254   0x00000006   Code   RO         2383    .ARM.Collect$$_printf_percent$$0000000D  c_w.l(_printf_lli.o)
    0x0800025a   0x0800025a   0x00000006   Code   RO         2384    .ARM.Collect$$_printf_percent$$0000000E  c_w.l(_printf_lld.o)
    0x08000260   0x08000260   0x00000006   Code   RO         2385    .ARM.Collect$$_printf_percent$$0000000F  c_w.l(_printf_llu.o)
    0x08000266   0x08000266   0x00000006   Code   RO         2390    .ARM.Collect$$_printf_percent$$00000010  c_w.l(_printf_llo.o)
    0x0800026c   0x0800026c   0x00000006   Code   RO         2391    .ARM.Collect$$_printf_percent$$00000011  c_w.l(_printf_llx.o)
    0x08000272   0x08000272   0x0000000a   Code   RO         2387    .ARM.Collect$$_printf_percent$$00000012  c_w.l(_printf_l.o)
    0x0800027c   0x0800027c   0x00000006   Code   RO         2369    .ARM.Collect$$_printf_percent$$00000013  c_w.l(_printf_c.o)
    0x08000282   0x08000282   0x00000006   Code   RO         2370    .ARM.Collect$$_printf_percent$$00000014  c_w.l(_printf_s.o)
    0x08000288   0x08000288   0x00000006   Code   RO         2388    .ARM.Collect$$_printf_percent$$00000015  c_w.l(_printf_lc.o)
    0x0800028e   0x0800028e   0x00000006   Code   RO         2389    .ARM.Collect$$_printf_percent$$00000016  c_w.l(_printf_ls.o)
    0x08000294   0x08000294   0x00000004   Code   RO         2432    .ARM.Collect$$_printf_percent$$00000017  c_w.l(_printf_percent_end.o)
    0x08000298   0x08000298   0x00000002   Code   RO         2485    .ARM.Collect$$libinit$$00000000  c_w.l(libinit.o)
    0x0800029a   0x0800029a   0x00000004   Code   RO         2507    .ARM.Collect$$libinit$$00000001  c_w.l(libinit2.o)
    0x0800029e   0x0800029e   0x00000000   Code   RO         2510    .ARM.Collect$$libinit$$00000004  c_w.l(libinit2.o)
    0x0800029e   0x0800029e   0x00000000   Code   RO         2513    .ARM.Collect$$libinit$$0000000A  c_w.l(libinit2.o)
    0x0800029e   0x0800029e   0x00000000   Code   RO         2515    .ARM.Collect$$libinit$$0000000C  c_w.l(libinit2.o)
    0x0800029e   0x0800029e   0x00000000   Code   RO         2517    .ARM.Collect$$libinit$$0000000E  c_w.l(libinit2.o)
    0x0800029e   0x0800029e   0x00000006   Code   RO         2518    .ARM.Collect$$libinit$$0000000F  c_w.l(libinit2.o)
    0x080002a4   0x080002a4   0x00000000   Code   RO         2520    .ARM.Collect$$libinit$$00000011  c_w.l(libinit2.o)
    0x080002a4   0x080002a4   0x0000000c   Code   RO         2521    .ARM.Collect$$libinit$$00000012  c_w.l(libinit2.o)
    0x080002b0   0x080002b0   0x00000000   Code   RO         2522    .ARM.Collect$$libinit$$00000013  c_w.l(libinit2.o)
    0x080002b0   0x080002b0   0x00000000   Code   RO         2524    .ARM.Collect$$libinit$$00000015  c_w.l(libinit2.o)
    0x080002b0   0x080002b0   0x0000000a   Code   RO         2525    .ARM.Collect$$libinit$$00000016  c_w.l(libinit2.o)
    0x080002ba   0x080002ba   0x00000000   Code   RO         2526    .ARM.Collect$$libinit$$00000017  c_w.l(libinit2.o)
    0x080002ba   0x080002ba   0x00000000   Code   RO         2528    .ARM.Collect$$libinit$$00000019  c_w.l(libinit2.o)
    0x080002ba   0x080002ba   0x00000000   Code   RO         2530    .ARM.Collect$$libinit$$0000001B  c_w.l(libinit2.o)
    0x080002ba   0x080002ba   0x00000000   Code   RO         2532    .ARM.Collect$$libinit$$0000001D  c_w.l(libinit2.o)
    0x080002ba   0x080002ba   0x00000000   Code   RO         2534    .ARM.Collect$$libinit$$0000001F  c_w.l(libinit2.o)
    0x080002ba   0x080002ba   0x00000000   Code   RO         2536    .ARM.Collect$$libinit$$00000021  c_w.l(libinit2.o)
    0x080002ba   0x080002ba   0x00000000   Code   RO         2538    .ARM.Collect$$libinit$$00000023  c_w.l(libinit2.o)
    0x080002ba   0x080002ba   0x00000000   Code   RO         2540    .ARM.Collect$$libinit$$00000025  c_w.l(libinit2.o)
    0x080002ba   0x080002ba   0x00000000   Code   RO         2544    .ARM.Collect$$libinit$$0000002C  c_w.l(libinit2.o)
    0x080002ba   0x080002ba   0x00000000   Code   RO         2546    .ARM.Collect$$libinit$$0000002E  c_w.l(libinit2.o)
    0x080002ba   0x080002ba   0x00000000   Code   RO         2548    .ARM.Collect$$libinit$$00000030  c_w.l(libinit2.o)
    0x080002ba   0x080002ba   0x00000000   Code   RO         2550    .ARM.Collect$$libinit$$00000032  c_w.l(libinit2.o)
    0x080002ba   0x080002ba   0x00000002   Code   RO         2551    .ARM.Collect$$libinit$$00000033  c_w.l(libinit2.o)
    0x080002bc   0x080002bc   0x00000002   Code   RO         2582    .ARM.Collect$$libshutdown$$00000000  c_w.l(libshutdown.o)
    0x080002be   0x080002be   0x00000000   Code   RO         2608    .ARM.Collect$$libshutdown$$00000002  c_w.l(libshutdown2.o)
    0x080002be   0x080002be   0x00000000   Code   RO         2610    .ARM.Collect$$libshutdown$$00000004  c_w.l(libshutdown2.o)
    0x080002be   0x080002be   0x00000000   Code   RO         2612    .ARM.Collect$$libshutdown$$00000006  c_w.l(libshutdown2.o)
    0x080002be   0x080002be   0x00000000   Code   RO         2615    .ARM.Collect$$libshutdown$$00000009  c_w.l(libshutdown2.o)
    0x080002be   0x080002be   0x00000000   Code   RO         2618    .ARM.Collect$$libshutdown$$0000000C  c_w.l(libshutdown2.o)
    0x080002be   0x080002be   0x00000000   Code   RO         2620    .ARM.Collect$$libshutdown$$0000000E  c_w.l(libshutdown2.o)
    0x080002be   0x080002be   0x00000000   Code   RO         2623    .ARM.Collect$$libshutdown$$00000011  c_w.l(libshutdown2.o)
    0x080002be   0x080002be   0x00000002   Code   RO         2624    .ARM.Collect$$libshutdown$$00000012  c_w.l(libshutdown2.o)
    0x080002c0   0x080002c0   0x00000000   Code   RO         2296    .ARM.Collect$$rtentry$$00000000  c_w.l(__rtentry.o)
    0x080002c0   0x080002c0   0x00000000   Code   RO         2401    .ARM.Collect$$rtentry$$00000002  c_w.l(__rtentry2.o)
    0x080002c0   0x080002c0   0x00000006   Code   RO         2413    .ARM.Collect$$rtentry$$00000004  c_w.l(__rtentry4.o)
    0x080002c6   0x080002c6   0x00000000   Code   RO         2403    .ARM.Collect$$rtentry$$00000009  c_w.l(__rtentry2.o)
    0x080002c6   0x080002c6   0x00000004   Code   RO         2404    .ARM.Collect$$rtentry$$0000000A  c_w.l(__rtentry2.o)
    0x080002ca   0x080002ca   0x00000000   Code   RO         2406    .ARM.Collect$$rtentry$$0000000C  c_w.l(__rtentry2.o)
    0x080002ca   0x080002ca   0x00000008   Code   RO         2407    .ARM.Collect$$rtentry$$0000000D  c_w.l(__rtentry2.o)
    0x080002d2   0x080002d2   0x00000002   Code   RO         2494    .ARM.Collect$$rtexit$$00000000  c_w.l(rtexit.o)
    0x080002d4   0x080002d4   0x00000000   Code   RO         2555    .ARM.Collect$$rtexit$$00000002  c_w.l(rtexit2.o)
    0x080002d4   0x080002d4   0x00000004   Code   RO         2556    .ARM.Collect$$rtexit$$00000003  c_w.l(rtexit2.o)
    0x080002d8   0x080002d8   0x00000006   Code   RO         2557    .ARM.Collect$$rtexit$$00000004  c_w.l(rtexit2.o)
    0x080002de   0x080002de   0x00000002   PAD
    0x080002e0   0x080002e0   0x00000040   Code   RO            4    .text               startup_stm32f401xc.o
    0x08000320   0x08000320   0x000000ee   Code   RO         2284    .text               c_w.l(lludivv7m.o)
    0x0800040e   0x0800040e   0x00000002   PAD
    0x08000410   0x08000410   0x00000024   Code   RO         2286    .text               c_w.l(vsprintf.o)
    0x08000434   0x08000434   0x00000044   Code   RO         2288    .text               c_w.l(rt_memclr.o)
    0x08000478   0x08000478   0x0000004e   Code   RO         2290    .text               c_w.l(rt_memclr_w.o)
    0x080004c6   0x080004c6   0x00000006   Code   RO         2292    .text               c_w.l(heapauxi.o)
    0x080004cc   0x080004cc   0x0000004e   Code   RO         2303    .text               c_w.l(_printf_pad.o)
    0x0800051a   0x0800051a   0x00000024   Code   RO         2305    .text               c_w.l(_printf_truncate.o)
    0x0800053e   0x0800053e   0x00000052   Code   RO         2307    .text               c_w.l(_printf_str.o)
    0x08000590   0x08000590   0x00000078   Code   RO         2309    .text               c_w.l(_printf_dec.o)
    0x08000608   0x08000608   0x00000028   Code   RO         2311    .text               c_w.l(_printf_charcount.o)
    0x08000630   0x08000630   0x00000030   Code   RO         2313    .text               c_w.l(_printf_char_common.o)
    0x08000660   0x08000660   0x0000000a   Code   RO         2315    .text               c_w.l(_sputc.o)
    0x0800066a   0x0800066a   0x00000002   PAD
    0x0800066c   0x0800066c   0x000000bc   Code   RO         2317    .text               c_w.l(_printf_wctomb.o)
    0x08000728   0x08000728   0x0000007c   Code   RO         2320    .text               c_w.l(_printf_longlong_dec.o)
    0x080007a4   0x080007a4   0x00000070   Code   RO         2326    .text               c_w.l(_printf_oct_int_ll.o)
    0x08000814   0x08000814   0x00000094   Code   RO         2346    .text               c_w.l(_printf_hex_int_ll_ptr.o)
    0x080008a8   0x080008a8   0x00000188   Code   RO         2366    .text               c_w.l(__printf_flags_ss_wp.o)
    0x08000a30   0x08000a30   0x0000008a   Code   RO         2417    .text               c_w.l(lludiv10.o)
    0x08000aba   0x08000aba   0x000000b2   Code   RO         2419    .text               c_w.l(_printf_intcommon.o)
    0x08000b6c   0x08000b6c   0x0000041e   Code   RO         2421    .text               c_w.l(_printf_fp_dec.o)
    0x08000f8a   0x08000f8a   0x00000002   PAD
    0x08000f8c   0x08000f8c   0x000002fc   Code   RO         2423    .text               c_w.l(_printf_fp_hex.o)
    0x08001288   0x08001288   0x0000002c   Code   RO         2428    .text               c_w.l(_printf_char.o)
    0x080012b4   0x080012b4   0x0000002c   Code   RO         2430    .text               c_w.l(_printf_wchar.o)
    0x080012e0   0x080012e0   0x00000040   Code   RO         2433    .text               c_w.l(_wcrtomb.o)
    0x08001320   0x08001320   0x0000004a   Code   RO         2435    .text               c_w.l(sys_stackheap_outer.o)
    0x0800136a   0x0800136a   0x00000002   PAD
    0x0800136c   0x0800136c   0x00000010   Code   RO         2437    .text               c_w.l(rt_ctype_table.o)
    0x0800137c   0x0800137c   0x00000008   Code   RO         2442    .text               c_w.l(rt_locale_intlibspace.o)
    0x08001384   0x08001384   0x00000080   Code   RO         2444    .text               c_w.l(_printf_fp_infnan.o)
    0x08001404   0x08001404   0x000000e4   Code   RO         2446    .text               c_w.l(bigflt0.o)
    0x080014e8   0x080014e8   0x00000012   Code   RO         2474    .text               c_w.l(exit.o)
    0x080014fa   0x080014fa   0x00000002   PAD
    0x080014fc   0x080014fc   0x00000008   Code   RO         2491    .text               c_w.l(libspace.o)
    0x08001504   0x08001504   0x00000080   Code   RO         2505    .text               c_w.l(strcmpv7m.o)
    0x08001584   0x08001584   0x0000000c   Code   RO         2552    .text               c_w.l(sys_exit.o)
    0x08001590   0x08001590   0x00000002   Code   RO         2571    .text               c_w.l(use_no_semi.o)
    0x08001592   0x08001592   0x00000000   Code   RO         2573    .text               c_w.l(indicate_semi.o)
    0x08001592   0x08001592   0x0000003e   Code   RO         2449    CL$$btod_d2e        c_w.l(btod.o)
    0x080015d0   0x080015d0   0x00000046   Code   RO         2451    CL$$btod_d2e_denorm_low  c_w.l(btod.o)
    0x08001616   0x08001616   0x00000060   Code   RO         2450    CL$$btod_d2e_norm_op1  c_w.l(btod.o)
    0x08001676   0x08001676   0x00000338   Code   RO         2459    CL$$btod_div_common  c_w.l(btod.o)
    0x080019ae   0x080019ae   0x000000dc   Code   RO         2456    CL$$btod_e2e        c_w.l(btod.o)
    0x08001a8a   0x08001a8a   0x0000002a   Code   RO         2453    CL$$btod_ediv       c_w.l(btod.o)
    0x08001ab4   0x08001ab4   0x0000002a   Code   RO         2452    CL$$btod_emul       c_w.l(btod.o)
    0x08001ade   0x08001ade   0x00000244   Code   RO         2458    CL$$btod_mult_common  c_w.l(btod.o)
    0x08001d22   0x08001d22   0x00000002   PAD
    0x08001d24   0x08001d24   0x00000038   Code   RO         2123    i.BL_Print_Message  bootloader.o
    0x08001d5c   0x08001d5c   0x0000025c   Code   RO         2124    i.BL_UART_Fetch_Host_Command  bootloader.o
    0x08001fb8   0x08001fb8   0x0000005c   Code   RO         2125    i.Bootloader_CRC_Verify  bootloader.o
    0x08002014   0x08002014   0x0000005e   Code   RO         2126    i.Bootloader_Change_Read_Protection_Level  bootloader.o
    0x08002072   0x08002072   0x00000002   Code   RO         2127    i.Bootloader_Enable_RW_Protection  bootloader.o
    0x08002074   0x08002074   0x00000054   Code   RO         2128    i.Bootloader_Erase_Flash  bootloader.o
    0x080020c8   0x080020c8   0x00000048   Code   RO         2129    i.Bootloader_Get_Chip_Identification_Number  bootloader.o
    0x08002110   0x08002110   0x0000003c   Code   RO         2130    i.Bootloader_Get_Help  bootloader.o
    0x0800214c   0x0800214c   0x00000002   Code   RO         2131    i.Bootloader_Get_Sector_Protection_Status  bootloader.o
    0x0800214e   0x0800214e   0x00000002   PAD
    0x08002150   0x08002150   0x00000040   Code   RO         2132    i.Bootloader_Get_Version  bootloader.o
    0x08002190   0x08002190   0x00000060   Code   RO         2133    i.Bootloader_Jump_To_Address  bootloader.o
    0x080021f0   0x080021f0   0x00000078   Code   RO         2134    i.Bootloader_Jump_To_App_Code  bootloader.o
    0x08002268   0x08002268   0x00000002   Code   RO         2135    i.Bootloader_Memory_Read  bootloader.o
    0x0800226a   0x0800226a   0x00000082   Code   RO         2136    i.Bootloader_Memory_Write  bootloader.o
    0x080022ec   0x080022ec   0x00000002   Code   RO         2137    i.Bootloader_Read_OTP  bootloader.o
    0x080022ee   0x080022ee   0x00000040   Code   RO         2138    i.Bootloader_Read_Protection_Level  bootloader.o
    0x0800232e   0x0800232e   0x00000002   PAD
    0x08002330   0x08002330   0x00000028   Code   RO         2139    i.Bootloader_Send_ACK  bootloader.o
    0x08002358   0x08002358   0x0000001c   Code   RO         2140    i.Bootloader_Send_Data_To_Host  bootloader.o
    0x08002374   0x08002374   0x0000001c   Code   RO         2141    i.Bootloader_Send_NACK  bootloader.o
    0x08002390   0x08002390   0x00000004   Code   RO          284    i.BusFault_Handler  stm32f4xx_it.o
    0x08002394   0x08002394   0x00000012   Code   RO         2142    i.CBL_STM32F401_Get_RDP_Level  bootloader.o
    0x080023a6   0x080023a6   0x00000052   Code   RO         2143    i.Change_ROP_Level  bootloader.o
    0x080023f8   0x080023f8   0x00000002   Code   RO          285    i.DebugMon_Handler  stm32f4xx_it.o
    0x080023fa   0x080023fa   0x00000006   Code   RO           13    i.Error_Handler     main.o
    0x08002400   0x08002400   0x0000005c   Code   RO          717    i.FLASH_Erase_Sector  stm32f4xx_hal_flash_ex.o
    0x0800245c   0x0800245c   0x00000078   Code   RO          718    i.FLASH_FlushCaches  stm32f4xx_hal_flash_ex.o
    0x080024d4   0x080024d4   0x00000030   Code   RO          719    i.FLASH_MassErase   stm32f4xx_hal_flash_ex.o
    0x08002504   0x08002504   0x00000020   Code   RO          720    i.FLASH_OB_BOR_LevelConfig  stm32f4xx_hal_flash_ex.o
    0x08002524   0x08002524   0x00000028   Code   RO          722    i.FLASH_OB_DisableWRP  stm32f4xx_hal_flash_ex.o
    0x0800254c   0x0800254c   0x00000028   Code   RO          724    i.FLASH_OB_EnableWRP  stm32f4xx_hal_flash_ex.o
    0x08002574   0x08002574   0x00000010   Code   RO          725    i.FLASH_OB_GetBOR   stm32f4xx_hal_flash_ex.o
    0x08002584   0x08002584   0x00000024   Code   RO          726    i.FLASH_OB_GetRDP   stm32f4xx_hal_flash_ex.o
    0x080025a8   0x080025a8   0x00000010   Code   RO          727    i.FLASH_OB_GetUser  stm32f4xx_hal_flash_ex.o
    0x080025b8   0x080025b8   0x0000000c   Code   RO          728    i.FLASH_OB_GetWRP   stm32f4xx_hal_flash_ex.o
    0x080025c4   0x080025c4   0x00000020   Code   RO          729    i.FLASH_OB_RDP_LevelConfig  stm32f4xx_hal_flash_ex.o
    0x080025e4   0x080025e4   0x0000003c   Code   RO          730    i.FLASH_OB_UserConfig  stm32f4xx_hal_flash_ex.o
    0x08002620   0x08002620   0x00000024   Code   RO          599    i.FLASH_Program_Byte  stm32f4xx_hal_flash.o
    0x08002644   0x08002644   0x0000003c   Code   RO          600    i.FLASH_Program_DoubleWord  stm32f4xx_hal_flash.o
    0x08002680   0x08002680   0x00000028   Code   RO          601    i.FLASH_Program_HalfWord  stm32f4xx_hal_flash.o
    0x080026a8   0x080026a8   0x00000028   Code   RO          602    i.FLASH_Program_Word  stm32f4xx_hal_flash.o
    0x080026d0   0x080026d0   0x000000b4   Code   RO          603    i.FLASH_SetErrorCode  stm32f4xx_hal_flash.o
    0x08002784   0x08002784   0x00000064   Code   RO          604    i.FLASH_WaitForLastOperation  stm32f4xx_hal_flash.o
    0x080027e8   0x080027e8   0x0000006e   Code   RO         2144    i.Flash_Memory_Write_Payload  bootloader.o
    0x08002856   0x08002856   0x00000028   Code   RO          383    i.HAL_CRC_Accumulate  stm32f4xx_hal_crc.o
    0x0800287e   0x0800287e   0x00000020   Code   RO          387    i.HAL_CRC_Init      stm32f4xx_hal_crc.o
    0x0800289e   0x0800289e   0x00000002   PAD
    0x080028a0   0x080028a0   0x00000034   Code   RO          195    i.HAL_CRC_MspInit   crc.o
    0x080028d4   0x080028d4   0x000000ac   Code   RO          733    i.HAL_FLASHEx_Erase  stm32f4xx_hal_flash_ex.o
    0x08002980   0x08002980   0x00000022   Code   RO          735    i.HAL_FLASHEx_OBGetConfig  stm32f4xx_hal_flash_ex.o
    0x080029a2   0x080029a2   0x00000002   PAD
    0x080029a4   0x080029a4   0x00000094   Code   RO          736    i.HAL_FLASHEx_OBProgram  stm32f4xx_hal_flash_ex.o
    0x08002a38   0x08002a38   0x00000014   Code   RO          608    i.HAL_FLASH_Lock    stm32f4xx_hal_flash.o
    0x08002a4c   0x08002a4c   0x0000001c   Code   RO          609    i.HAL_FLASH_OB_Launch  stm32f4xx_hal_flash.o
    0x08002a68   0x08002a68   0x00000014   Code   RO          610    i.HAL_FLASH_OB_Lock  stm32f4xx_hal_flash.o
    0x08002a7c   0x08002a7c   0x0000002c   Code   RO          611    i.HAL_FLASH_OB_Unlock  stm32f4xx_hal_flash.o
    0x08002aa8   0x08002aa8   0x00000098   Code   RO          613    i.HAL_FLASH_Program  stm32f4xx_hal_flash.o
    0x08002b40   0x08002b40   0x00000034   Code   RO          615    i.HAL_FLASH_Unlock  stm32f4xx_hal_flash.o
    0x08002b74   0x08002b74   0x000001c8   Code   RO          877    i.HAL_GPIO_Init     stm32f4xx_hal_gpio.o
    0x08002d3c   0x08002d3c   0x0000000c   Code   RO         1438    i.HAL_GetTick       stm32f4xx_hal.o
    0x08002d48   0x08002d48   0x00000018   Code   RO         1444    i.HAL_IncTick       stm32f4xx_hal.o
    0x08002d60   0x08002d60   0x0000003c   Code   RO         1445    i.HAL_Init          stm32f4xx_hal.o
    0x08002d9c   0x08002d9c   0x0000004c   Code   RO         1446    i.HAL_InitTick      stm32f4xx_hal.o
    0x08002de8   0x08002de8   0x00000048   Code   RO          359    i.HAL_MspInit       stm32f4xx_hal_msp.o
    0x08002e30   0x08002e30   0x0000007c   Code   RO         1296    i.HAL_NVIC_SetPriority  stm32f4xx_hal_cortex.o
    0x08002eac   0x08002eac   0x00000028   Code   RO         1297    i.HAL_NVIC_SetPriorityGrouping  stm32f4xx_hal_cortex.o
    0x08002ed4   0x08002ed4   0x00000184   Code   RO          444    i.HAL_RCC_ClockConfig  stm32f4xx_hal_rcc.o
    0x08003058   0x08003058   0x00000180   Code   RO          550    i.HAL_RCC_DeInit    stm32f4xx_hal_rcc_ex.o
    0x080031d8   0x080031d8   0x0000000c   Code   RO          449    i.HAL_RCC_GetHCLKFreq  stm32f4xx_hal_rcc.o
    0x080031e4   0x080031e4   0x00000020   Code   RO          451    i.HAL_RCC_GetPCLK1Freq  stm32f4xx_hal_rcc.o
    0x08003204   0x08003204   0x00000020   Code   RO          452    i.HAL_RCC_GetPCLK2Freq  stm32f4xx_hal_rcc.o
    0x08003224   0x08003224   0x000000b0   Code   RO          453    i.HAL_RCC_GetSysClockFreq  stm32f4xx_hal_rcc.o
    0x080032d4   0x080032d4   0x0000049c   Code   RO          456    i.HAL_RCC_OscConfig  stm32f4xx_hal_rcc.o
    0x08003770   0x08003770   0x00000034   Code   RO         1301    i.HAL_SYSTICK_Config  stm32f4xx_hal_cortex.o
    0x080037a4   0x080037a4   0x00000072   Code   RO         1748    i.HAL_UART_Init     stm32f4xx_hal_uart.o
    0x08003816   0x08003816   0x00000002   PAD
    0x08003818   0x08003818   0x000000fc   Code   RO          237    i.HAL_UART_MspInit  usart.o
    0x08003914   0x08003914   0x000000dc   Code   RO         1751    i.HAL_UART_Receive  stm32f4xx_hal_uart.o
    0x080039f0   0x080039f0   0x000000d2   Code   RO         1756    i.HAL_UART_Transmit  stm32f4xx_hal_uart.o
    0x08003ac2   0x08003ac2   0x00000004   Code   RO          286    i.HardFault_Handler  stm32f4xx_it.o
    0x08003ac6   0x08003ac6   0x00000002   PAD
    0x08003ac8   0x08003ac8   0x0000002c   Code   RO         2145    i.Host_Jump_Address_Verification  bootloader.o
    0x08003af4   0x08003af4   0x00000020   Code   RO          196    i.MX_CRC_Init       crc.o
    0x08003b14   0x08003b14   0x00000028   Code   RO          170    i.MX_GPIO_Init      gpio.o
    0x08003b3c   0x08003b3c   0x00000038   Code   RO          238    i.MX_USART1_UART_Init  usart.o
    0x08003b74   0x08003b74   0x00000038   Code   RO          239    i.MX_USART2_UART_Init  usart.o
    0x08003bac   0x08003bac   0x00000004   Code   RO          287    i.MemManage_Handler  stm32f4xx_it.o
    0x08003bb0   0x08003bb0   0x00000004   Code   RO          288    i.NMI_Handler       stm32f4xx_it.o
    0x08003bb4   0x08003bb4   0x00000002   Code   RO          289    i.PendSV_Handler    stm32f4xx_it.o
    0x08003bb6   0x08003bb6   0x0000007a   Code   RO         2146    i.Perform_Flash_Erase  bootloader.o
    0x08003c30   0x08003c30   0x00000002   Code   RO          290    i.SVC_Handler       stm32f4xx_it.o
    0x08003c32   0x08003c32   0x00000008   Code   RO          291    i.SysTick_Handler   stm32f4xx_it.o
    0x08003c3a   0x08003c3a   0x00000002   PAD
    0x08003c3c   0x08003c3c   0x0000009c   Code   RO           14    i.SystemClock_Config  main.o
    0x08003cd8   0x08003cd8   0x00000014   Code   RO         2087    i.SystemInit        system_stm32f4xx.o
    0x08003cec   0x08003cec   0x0000022c   Code   RO         1775    i.UART_SetConfig    stm32f4xx_hal_uart.o
    0x08003f18   0x08003f18   0x00000092   Code   RO         1779    i.UART_WaitOnFlagUntilTimeout  stm32f4xx_hal_uart.o
    0x08003faa   0x08003faa   0x00000004   Code   RO          292    i.UsageFault_Handler  stm32f4xx_it.o
    0x08003fae   0x08003fae   0x00000030   Code   RO         2489    i.__ARM_fpclassify  m_wm.l(fpclassify.o)
    0x08003fde   0x08003fde   0x00000002   PAD
    0x08003fe0   0x08003fe0   0x00000010   Code   RO         1303    i.__NVIC_GetPriorityGrouping  stm32f4xx_hal_cortex.o
    0x08003ff0   0x08003ff0   0x00000028   Code   RO         1304    i.__NVIC_SetPriority  stm32f4xx_hal_cortex.o
    0x08004018   0x08004018   0x0000000e   Code   RO         2359    i._is_digit         c_w.l(__printf_wp.o)
    0x08004026   0x08004026   0x00000022   Code   RO           15    i.main              main.o
    0x08004048   0x08004048   0x0000002c   Code   RO         2472    locale$$code        c_w.l(lc_numeric_c.o)
    0x08004074   0x08004074   0x0000002c   Code   RO         2499    locale$$code        c_w.l(lc_ctype_c.o)
    0x080040a0   0x080040a0   0x0000000a   Code   RO         2567    x$fpl$fpinit        fz_wm.l(fpinit.o)
    0x080040aa   0x080040aa   0x00000004   Code   RO         2392    x$fpl$printf1       fz_wm.l(printf1.o)
    0x080040ae   0x080040ae   0x00000004   Code   RO         2394    x$fpl$printf2       fz_wm.l(printf2.o)
    0x080040b2   0x080040b2   0x00000000   Code   RO         2488    x$fpl$usenofp       fz_wm.l(usenofp.o)
    0x080040b2   0x080040b2   0x00000018   Data   RO         2088    .constdata          system_stm32f4xx.o
    0x080040ca   0x080040ca   0x00000002   PAD
    0x080040cc   0x080040cc   0x00000008   Data   RO         2318    .constdata          c_w.l(_printf_wctomb.o)
    0x080040d4   0x080040d4   0x00000028   Data   RO         2347    .constdata          c_w.l(_printf_hex_int_ll_ptr.o)
    0x080040fc   0x080040fc   0x00000011   Data   RO         2367    .constdata          c_w.l(__printf_flags_ss_wp.o)
    0x0800410d   0x0800410d   0x00000026   Data   RO         2424    .constdata          c_w.l(_printf_fp_hex.o)
    0x08004133   0x08004133   0x00000001   PAD
    0x08004134   0x08004134   0x00000094   Data   RO         2447    .constdata          c_w.l(bigflt0.o)
    0x080041c8   0x080041c8   0x00000020   Data   RO         2625    Region$$Table       anon$$obj.o
    0x080041e8   0x080041e8   0x0000001c   Data   RO         2471    locale$$data        c_w.l(lc_numeric_c.o)
    0x08004204   0x08004204   0x00000110   Data   RO         2498    locale$$data        c_w.l(lc_ctype_c.o)


    Execution Region RW_IRAM1 (Exec base: 0x20000000, Load base: 0x08004314, Size: 0x00010000, Max: 0x00010000, ABSOLUTE)

    Exec Addr    Load Addr    Size         Type   Attr      Idx    E Section Name        Object

    0x20000000   0x08004314   0x00000008   Data   RW          197    .data               crc.o
    0x20000008   0x0800431c   0x00000009   Data   RW         1452    .data               stm32f4xx_hal.o
    0x20000011   0x08004325   0x00000003   PAD
    0x20000014   0x08004328   0x00000004   Data   RW         2089    .data               system_stm32f4xx.o
    0x20000018   0x0800432c   0x0000000c   Data   RW         2148    .data               bootloader.o
    0x20000024        -       0x00000088   Zero   RW          240    .bss                usart.o
    0x200000ac        -       0x00000020   Zero   RW          616    .bss                stm32f4xx_hal_flash.o
    0x200000cc        -       0x000000c8   Zero   RW         2147    .bss                bootloader.o
    0x20000194        -       0x00000060   Zero   RW         2492    .bss                c_w.l(libspace.o)
    0x200001f4   0x08004338   0x00000004   PAD
    0x200001f8        -       0x00000200   Zero   RW            2    HEAP                startup_stm32f401xc.o
    0x200003f8        -       0x0000fc08   Zero   RW            1    STACK               startup_stm32f401xc.o


==============================================================================

Image component sizes


      Code (inc. data)   RO Data    RW Data    ZI Data      Debug   Object Name

      2016        404          0         12        200      25192   bootloader.o
        84         18          0          8          0       1495   crc.o
        40          4          0          0          0        767   gpio.o
       196          8          0          0          0     397328   main.o
        64         26        404          0      65032        844   startup_stm32f401xc.o
       172         32          0          9          0       8621   stm32f4xx_hal.o
       272         22          0          0          0      33758   stm32f4xx_hal_cortex.o
        72          0          0          0          0       1828   stm32f4xx_hal_crc.o
       772         82          0          0         32       7750   stm32f4xx_hal_flash.o
       898         82          0          0          0      10204   stm32f4xx_hal_flash_ex.o
       456         32          0          0          0       1428   stm32f4xx_hal_gpio.o
        72          4          0          0          0        858   stm32f4xx_hal_msp.o
      1820         84          0          0          0       5628   stm32f4xx_hal_rcc.o
       384         26          0          0          0        865   stm32f4xx_hal_rcc_ex.o
      1246         10          0          0          0       5035   stm32f4xx_hal_uart.o
        34          0          0          0          0       4226   stm32f4xx_it.o
        20          6         24          4          0       1127   system_stm32f4xx.o
       364         38          0          0        136       2367   usart.o

    ----------------------------------------------------------------------
      8996        878        462         36      65400     509321   Object Totals
         0          0         32          0          0          0   (incl. Generated)
        14          0          2          3          0          0   (incl. Padding)

    ----------------------------------------------------------------------

      Code (inc. data)   RO Data    RW Data    ZI Data      Debug   Library Member Name

         8          0          0          0          0         68   __main.o
       392          4         17          0          0         92   __printf_flags_ss_wp.o
        14          0          0          0          0         68   __printf_wp.o
         0          0          0          0          0          0   __rtentry.o
        12          0          0          0          0          0   __rtentry2.o
         6          0          0          0          0          0   __rtentry4.o
        52          8          0          0          0          0   __scatter.o
        26          0          0          0          0          0   __scatter_copy.o
        28          0          0          0          0          0   __scatter_zi.o
         6          0          0          0          0          0   _printf_a.o
         6          0          0          0          0          0   _printf_c.o
        44          0          0          0          0        108   _printf_char.o
        48          6          0          0          0         96   _printf_char_common.o
        40          0          0          0          0         68   _printf_charcount.o
         6          0          0          0          0          0   _printf_d.o
       120         16          0          0          0         92   _printf_dec.o
         6          0          0          0          0          0   _printf_e.o
         6          0          0          0          0          0   _printf_f.o
      1054          0          0          0          0        216   _printf_fp_dec.o
       764          8         38          0          0        100   _printf_fp_hex.o
       128         16          0          0          0         84   _printf_fp_infnan.o
         6          0          0          0          0          0   _printf_g.o
       148          4         40          0          0        160   _printf_hex_int_ll_ptr.o
         6          0          0          0          0          0   _printf_i.o
       178          0          0          0          0         88   _printf_intcommon.o
        10          0          0          0          0          0   _printf_l.o
         6          0          0          0          0          0   _printf_lc.o
        10          0          0          0          0          0   _printf_ll.o
         6          0          0          0          0          0   _printf_lld.o
         6          0          0          0          0          0   _printf_lli.o
         6          0          0          0          0          0   _printf_llo.o
         6          0          0          0          0          0   _printf_llu.o
         6          0          0          0          0          0   _printf_llx.o
       124         16          0          0          0         92   _printf_longlong_dec.o
         6          0          0          0          0          0   _printf_ls.o
         6          0          0          0          0          0   _printf_n.o
         6          0          0          0          0          0   _printf_o.o
       112         10          0          0          0        124   _printf_oct_int_ll.o
         6          0          0          0          0          0   _printf_p.o
        78          0          0          0          0        108   _printf_pad.o
         0          0          0          0          0          0   _printf_percent.o
         4          0          0          0          0          0   _printf_percent_end.o
         6          0          0          0          0          0   _printf_s.o
        82          0          0          0          0         80   _printf_str.o
        36          0          0          0          0         84   _printf_truncate.o
         6          0          0          0          0          0   _printf_u.o
        44          0          0          0          0        108   _printf_wchar.o
       188          6          8          0          0         92   _printf_wctomb.o
         6          0          0          0          0          0   _printf_x.o
        10          0          0          0          0         68   _sputc.o
        64          0          0          0          0         92   _wcrtomb.o
       228          4        148          0          0         96   bigflt0.o
      1936        128          0          0          0        672   btod.o
        18          0          0          0          0         80   exit.o
         6          0          0          0          0        152   heapauxi.o
         0          0          0          0          0          0   indicate_semi.o
        44         10        272          0          0         76   lc_ctype_c.o
        44         10         28          0          0         76   lc_numeric_c.o
         2          0          0          0          0          0   libinit.o
        34          0          0          0          0          0   libinit2.o
         2          0          0          0          0          0   libshutdown.o
         2          0          0          0          0          0   libshutdown2.o
         8          4          0          0         96         68   libspace.o
       138          0          0          0          0         80   lludiv10.o
       238          0          0          0          0        100   lludivv7m.o
        16          4          0          0          0         76   rt_ctype_table.o
         8          4          0          0          0         68   rt_locale_intlibspace.o
        68          0          0          0          0         68   rt_memclr.o
        78          0          0          0          0         80   rt_memclr_w.o
         2          0          0          0          0          0   rtexit.o
        10          0          0          0          0          0   rtexit2.o
       128          0          0          0          0         68   strcmpv7m.o
        12          4          0          0          0         68   sys_exit.o
        74          0          0          0          0         80   sys_stackheap_outer.o
         2          0          0          0          0         68   use_no_semi.o
        36          4          0          0          0         76   vsprintf.o
        10          0          0          0          0        116   fpinit.o
         4          0          0          0          0        116   printf1.o
         4          0          0          0          0        116   printf2.o
         0          0          0          0          0          0   usenofp.o
        48          0          0          0          0        124   fpclassify.o

    ----------------------------------------------------------------------
      7162        266        552          0        100       4612   Library Totals
        18          0          1          0          4          0   (incl. Padding)

    ----------------------------------------------------------------------

      Code (inc. data)   RO Data    RW Data    ZI Data      Debug   Library Name

      7078        266        551          0         96       4140   c_w.l
        18          0          0          0          0        348   fz_wm.l
        48          0          0          0          0        124   m_wm.l

    ----------------------------------------------------------------------
      7162        266        552          0        100       4612   Library Totals

    ----------------------------------------------------------------------

==============================================================================


      Code (inc. data)   RO Data    RW Data    ZI Data      Debug   

     16158       1144       1014         36      65500     502597   Grand Totals
     16158       1144       1014         36      65500     502597   ELF Image Totals
     16158       1144       1014         36          0          0   ROM Totals

==============================================================================

    Total RO  Size (Code + RO Data)                17172 (  16.77kB)
    Total RW  Size (RW Data + ZI Data)             65536 (  64.00kB)
    Total ROM Size (Code + RO Data + RW Data)      17208 (  16.80kB)

==============================================================================

